Archive member included because of file (symbol)

C:/Freescale/KSDK_1.3.0/examples/K6xNetworkDemo/user_apps/lwip/KSDK_Network_Demo/network_demo_ucosiii/network_demo/kds/../../../../../../../../lib/ksdk_ucosiii_lib/kds/K64F12/debug/libksdk_platform_ucosiii.a(fsl_uart_hal.o)
                              ./utilities/fsl_debug_console.o (UART_HAL_SetBaudRate)
C:/Freescale/KSDK_1.3.0/examples/K6xNetworkDemo/user_apps/lwip/KSDK_Network_Demo/network_demo_ucosiii/network_demo/kds/../../../../../../../../lib/ksdk_ucosiii_lib/kds/K64F12/debug/libksdk_platform_ucosiii.a(fsl_interrupt_manager.o)
                              ./ucosiii/cpu_c.o (INT_SYS_EnableIRQGlobal)
C:/Freescale/KSDK_1.3.0/examples/K6xNetworkDemo/user_apps/lwip/KSDK_Network_Demo/network_demo_ucosiii/network_demo/kds/../../../../../../../../lib/ksdk_ucosiii_lib/kds/K64F12/debug/libksdk_platform_ucosiii.a(fsl_hwtimer_pit.o)
                              ./lwip/port/fsl_hwtimer_pit_irq.o (HWTIMER_SYS_PitIsrAction)
C:/Freescale/KSDK_1.3.0/examples/K6xNetworkDemo/user_apps/lwip/KSDK_Network_Demo/network_demo_ucosiii/network_demo/kds/../../../../../../../../lib/ksdk_ucosiii_lib/kds/K64F12/debug/libksdk_platform_ucosiii.a(fsl_gpio_driver.o)
                              ./board/board.o (GPIO_DRV_Init)
C:/Freescale/KSDK_1.3.0/examples/K6xNetworkDemo/user_apps/lwip/KSDK_Network_Demo/network_demo_ucosiii/network_demo/kds/../../../../../../../../lib/ksdk_ucosiii_lib/kds/K64F12/debug/libksdk_platform_ucosiii.a(fsl_enet_hal.o)
                              ./lwip/port/ethernetif.o (ENET_HAL_SetRMIIMode)
C:/Freescale/KSDK_1.3.0/examples/K6xNetworkDemo/user_apps/lwip/KSDK_Network_Demo/network_demo_ucosiii/network_demo/kds/../../../../../../../../lib/ksdk_ucosiii_lib/kds/K64F12/debug/libksdk_platform_ucosiii.a(fsl_enet_common.o)
                              ./source/fsl_phy_driver.o (g_enetBase)
C:/Freescale/KSDK_1.3.0/examples/K6xNetworkDemo/user_apps/lwip/KSDK_Network_Demo/network_demo_ucosiii/network_demo/kds/../../../../../../../../lib/ksdk_ucosiii_lib/kds/K64F12/debug/libksdk_platform_ucosiii.a(fsl_enet_driver.o)
                              ./lwip/port/ethernetif.o (ENET_DRV_SendData)
C:/Freescale/KSDK_1.3.0/examples/K6xNetworkDemo/user_apps/lwip/KSDK_Network_Demo/network_demo_ucosiii/network_demo/kds/../../../../../../../../lib/ksdk_ucosiii_lib/kds/K64F12/debug/libksdk_platform_ucosiii.a(fsl_clock_MK64F12.o)
                              ./board/board.o (CLOCK_SYS_SetSimConfigration)
C:/Freescale/KSDK_1.3.0/examples/K6xNetworkDemo/user_apps/lwip/KSDK_Network_Demo/network_demo_ucosiii/network_demo/kds/../../../../../../../../lib/ksdk_ucosiii_lib/kds/K64F12/debug/libksdk_platform_ucosiii.a(fsl_clock_manager.o)
                              ./board/board.o (CLOCK_SYS_BootToPee)
C:/Freescale/KSDK_1.3.0/examples/K6xNetworkDemo/user_apps/lwip/KSDK_Network_Demo/network_demo_ucosiii/network_demo/kds/../../../../../../../../lib/ksdk_ucosiii_lib/kds/K64F12/debug/libksdk_platform_ucosiii.a(fsl_clock_manager_common.o)
                              C:/Freescale/KSDK_1.3.0/examples/K6xNetworkDemo/user_apps/lwip/KSDK_Network_Demo/network_demo_ucosiii/network_demo/kds/../../../../../../../../lib/ksdk_ucosiii_lib/kds/K64F12/debug/libksdk_platform_ucosiii.a(fsl_clock_MK64F12.o) (g_oscBase)
C:/Freescale/KSDK_1.3.0/examples/K6xNetworkDemo/user_apps/lwip/KSDK_Network_Demo/network_demo_ucosiii/network_demo/kds/../../../../../../../../lib/ksdk_ucosiii_lib/kds/K64F12/debug/libksdk_platform_ucosiii.a(fsl_os_abstraction_ucosiii.o)
                              ./lwip/port/sys_arch.o (OSA_TaskCreate)
C:/Freescale/KSDK_1.3.0/examples/K6xNetworkDemo/user_apps/lwip/KSDK_Network_Demo/network_demo_ucosiii/network_demo/kds/../../../../../../../../lib/ksdk_ucosiii_lib/kds/K64F12/debug/libksdk_platform_ucosiii.a(fsl_sim_hal_MK64F12.o)
                              C:/Freescale/KSDK_1.3.0/examples/K6xNetworkDemo/user_apps/lwip/KSDK_Network_Demo/network_demo_ucosiii/network_demo/kds/../../../../../../../../lib/ksdk_ucosiii_lib/kds/K64F12/debug/libksdk_platform_ucosiii.a(fsl_clock_MK64F12.o) (CLOCK_HAL_GetUsbfsDiv)
C:/Freescale/KSDK_1.3.0/examples/K6xNetworkDemo/user_apps/lwip/KSDK_Network_Demo/network_demo_ucosiii/network_demo/kds/../../../../../../../../lib/ksdk_ucosiii_lib/kds/K64F12/debug/libksdk_platform_ucosiii.a(fsl_pit_common.o)
                              C:/Freescale/KSDK_1.3.0/examples/K6xNetworkDemo/user_apps/lwip/KSDK_Network_Demo/network_demo_ucosiii/network_demo/kds/../../../../../../../../lib/ksdk_ucosiii_lib/kds/K64F12/debug/libksdk_platform_ucosiii.a(fsl_hwtimer_pit.o) (g_pitBase)
C:/Freescale/KSDK_1.3.0/examples/K6xNetworkDemo/user_apps/lwip/KSDK_Network_Demo/network_demo_ucosiii/network_demo/kds/../../../../../../../../lib/ksdk_ucosiii_lib/kds/K64F12/debug/libksdk_platform_ucosiii.a(fsl_osc_hal.o)
[...]
Memory Configuration

Name             Origin             Length             Attributes
m_interrupts     0x00000000         0x00000400         xr
m_flash_config   0x00000400         0x00000010         xr
m_text           0x00000410         0x000ffbf0         xr
m_data           0x1fff0000         0x00010000         rw
m_data_2         0x20000000         0x00030000         rw
*default*        0x00000000         0xffffffff

Linker script and memory map

LOAD c:/freescale/kds_v3/toolchain/bin/../lib/gcc/arm-none-eabi/4.8.4/armv7e-m/fpu/crti.o
LOAD c:/freescale/kds_v3/toolchain/bin/../lib/gcc/arm-none-eabi/4.8.4/armv7e-m/fpu/crtbegin.o
LOAD c:/freescale/kds_v3/toolchain/bin/../lib/gcc/arm-none-eabi/4.8.4/../../../../arm-none-eabi/lib/armv7e-m/fpu/crt0.o
                0x00002000                __stack_size__ = 0x2000
                0x00008000                __heap_size__ = 0x8000
START GROUP
LOAD ./utilities/fsl_debug_console.o
LOAD ./utilities/fsl_misc_utilities.o
LOAD ./utilities/print_scan.o
LOAD ./ucosiii/cpu_a.o
LOAD ./ucosiii/cpu_c.o
LOAD ./ucosiii/cpu_core.o
LOAD ./ucosiii/os_app_hooks.o
LOAD ./ucosiii/os_cfg_app.o
LOAD ./ucosiii/os_core.o
LOAD ./ucosiii/os_cpu_a.o
LOAD ./ucosiii/os_cpu_c.o
LOAD ./ucosiii/os_dbg.o
LOAD ./ucosiii/os_flag.o
LOAD ./ucosiii/os_int.o
LOAD ./ucosiii/os_mem.o
LOAD ./ucosiii/os_msg.o
LOAD ./ucosiii/os_mutex.o
LOAD ./ucosiii/os_pend_multi.o
LOAD ./ucosiii/os_prio.o
LOAD ./ucosiii/os_q.o
LOAD ./ucosiii/os_sem.o
LOAD ./ucosiii/os_stat.o
LOAD ./ucosiii/os_task.o
LOAD ./ucosiii/os_tick.o
LOAD ./ucosiii/os_time.o
LOAD ./ucosiii/os_tmr.o
LOAD ./ucosiii/os_var.o
LOAD ./startup/startup.o
LOAD ./startup/startup_MK64F12.o
LOAD ./startup/system_MK64F12.o
LOAD ./source/fsl_phy_driver.o
LOAD ./source/main.o
LOAD ./network/Network.o
LOAD ./network/Network_LWIP.o
LOAD ./lwip/src/netif/ppp/auth.o
LOAD ./lwip/src/netif/ppp/chap.o
LOAD ./lwip/src/netif/ppp/chpms.o
LOAD ./lwip/src/netif/ppp/fsm.o
LOAD ./lwip/src/netif/ppp/ipcp.o
LOAD ./lwip/src/netif/ppp/lcp.o
LOAD ./lwip/src/netif/ppp/magic.o
LOAD ./lwip/src/netif/ppp/md5.o
LOAD ./lwip/src/netif/ppp/pap.o
LOAD ./lwip/src/netif/ppp/ppp.o
LOAD ./lwip/src/netif/ppp/ppp_oe.o
LOAD ./lwip/src/netif/ppp/randm.o
LOAD ./lwip/src/netif/ppp/vj.o
LOAD ./lwip/src/netif/etharp.o
LOAD ./lwip/src/netif/slipif.o
LOAD ./lwip/src/core/snmp/asn1_dec.o
LOAD ./lwip/src/core/snmp/asn1_enc.o
LOAD ./lwip/src/core/snmp/mib2.o
LOAD ./lwip/src/core/snmp/mib_structs.o
LOAD ./lwip/src/core/snmp/msg_in.o
LOAD ./lwip/src/core/snmp/msg_out.o
LOAD ./lwip/src/core/ipv4/autoip.o
LOAD ./lwip/src/core/ipv4/icmp.o
LOAD ./lwip/src/core/ipv4/igmp.o
LOAD ./lwip/src/core/ipv4/inet.o
LOAD ./lwip/src/core/ipv4/inet_chksum.o
LOAD ./lwip/src/core/ipv4/ip.o
LOAD ./lwip/src/core/ipv4/ip_addr.o
LOAD ./lwip/src/core/ipv4/ip_frag.o
LOAD ./lwip/src/core/def.o
LOAD ./lwip/src/core/dhcp.o
LOAD ./lwip/src/core/dns.o
LOAD ./lwip/src/core/init.o
LOAD ./lwip/src/core/lwip_timers.o
LOAD ./lwip/src/core/mem.o
LOAD ./lwip/src/core/memp.o
LOAD ./lwip/src/core/netif.o
LOAD ./lwip/src/core/pbuf.o
LOAD ./lwip/src/core/raw.o
LOAD ./lwip/src/core/stats.o
LOAD ./lwip/src/core/sys.o
LOAD ./lwip/src/core/tcp.o
LOAD ./lwip/src/core/tcp_in.o
LOAD ./lwip/src/core/tcp_out.o
LOAD ./lwip/src/core/udp.o
LOAD ./lwip/src/api/api_lib.o
LOAD ./lwip/src/api/api_msg.o
LOAD ./lwip/src/api/err.o
LOAD ./lwip/src/api/netbuf.o
LOAD ./lwip/src/api/netdb.o
LOAD ./lwip/src/api/netifapi.o
LOAD ./lwip/src/api/sockets.o
LOAD ./lwip/src/api/tcpip.o
LOAD ./lwip/port/ethernetif.o
LOAD ./lwip/port/fsl_hwtimer_pit_irq.o
LOAD ./lwip/port/lwip_fsl_irq.o
LOAD ./lwip/port/sys_arch.o
LOAD ./board/board.o
LOAD ./board/gpio_pins.o
LOAD ./board/hardware_init.o
LOAD ./board/pin_mux.o
LOAD C:/Freescale/KSDK_1.3.0/examples/K6xNetworkDemo/user_apps/lwip/KSDK_Network_Demo/network_demo_ucosiii/network_demo/kds/../../../../../../../../lib/ksdk_ucosiii_lib/kds/K64F12/debug/libksdk_platform_ucosiii.a
LOAD c:/freescale/kds_v3/toolchain/bin/../lib/gcc/arm-none-eabi/4.8.4/../../../../arm-none-eabi/lib/armv7e-m/fpu\libm.a
LOAD c:/freescale/kds_v3/toolchain/bin/../lib/gcc/arm-none-eabi/4.8.4/../../../../arm-none-eabi/lib/armv7e-m/fpu\libg_s.a
LOAD c:/freescale/kds_v3/toolchain/bin/../lib/gcc/arm-none-eabi/4.8.4/armv7e-m/fpu\libgcc.a
LOAD c:/freescale/kds_v3/toolchain/bin/../lib/gcc/arm-none-eabi/4.8.4/../../../../arm-none-eabi/lib/armv7e-m/fpu\libnosys.a
END GROUP
START GROUP
LOAD c:/freescale/kds_v3/toolchain/bin/../lib/gcc/arm-none-eabi/4.8.4/armv7e-m/fpu\libgcc.a
LOAD c:/freescale/kds_v3/toolchain/bin/../lib/gcc/arm-none-eabi/4.8.4/../../../../arm-none-eabi/lib/armv7e-m/fpu\libg_s.a
LOAD c:/freescale/kds_v3/toolchain/bin/../lib/gcc/arm-none-eabi/4.8.4/../../../../arm-none-eabi/lib/armv7e-m/fpu\libc_s.a
END GROUP
START GROUP
LOAD c:/freescale/kds_v3/toolchain/bin/../lib/gcc/arm-none-eabi/4.8.4/armv7e-m/fpu\libgcc.a
LOAD c:/freescale/kds_v3/toolchain/bin/../lib/gcc/arm-none-eabi/4.8.4/../../../../arm-none-eabi/lib/armv7e-m/fpu\libc_s.a
END GROUP
LOAD c:/freescale/kds_v3/toolchain/bin/../lib/gcc/arm-none-eabi/4.8.4/armv7e-m/fpu/crtend.o
LOAD c:/freescale/kds_v3/toolchain/bin/../lib/gcc/arm-none-eabi/4.8.4/armv7e-m/fpu/crtn.o
                0x00000400                HEAP_SIZE = DEFINED (__heap_size__)?__heap_size__:0x400
                0x00000400                STACK_SIZE = DEFINED (__stack_size__)?__stack_size__:0x400
                0x00000000                M_VECTOR_RAM_SIZE = DEFINED (__ram_vector_table__)?0x400:0x0

.interrupts     0x00000000      0x400
                0x00000000                __VECTOR_TABLE = .
                0x00000000                . = ALIGN (0x4)
 *(.isr_vector)
 .isr_vector    0x00000000      0x400 ./startup/startup_MK64F12.o
                0x00000000                __isr_vector
                0x00000400                . = ALIGN (0x4)

.flash_config   0x00000400       0x10
                0x00000400                . = ALIGN (0x4)
 *(.FlashConfig)
 .FlashConfig   0x00000400       0x10 ./startup/startup_MK64F12.o
                0x00000410                . = ALIGN (0x4)

.text           0x00000410    0x19830
                0x00000410                . = ALIGN (0x4)
 *(.text)
 .text          0x00000410       0x54 c:/freescale/kds_v3/toolchain/bin/../lib/gcc/arm-none-eabi/4.8.4/armv7e-m/fpu/crtbegin.o
 .text          0x00000464       0x74 c:/freescale/kds_v3/toolchain/bin/../lib/gcc/arm-none-eabi/4.8.4/../../../../arm-none-eabi/lib/armv7e-m/fpu/crt0.o
                0x00000464                _start
                0x00000464                _mainCRTStartup
 .text          0x000004d8       0x34 ./ucosiii/cpu_a.o
                0x000004d8                CPU_IntDis
                0x000004dc                CPU_IntEn
                0x000004e0                CPU_SR_Save
                0x000004e8                CPU_SR_Restore
                0x000004ee                CPU_WaitForInt
                0x000004f2                CPU_WaitForExcept
                0x000004f6                CPU_CntLeadZeros
                0x000004fc                CPU_CntTrailZeros
                0x00000506                CPU_RevBits
 .text          0x0000050c       0xfc ./ucosiii/os_cpu_a.o
                0x0000050c                OS_CPU_FP_Reg_Push
                0x0000051e                OS_CPU_FP_Reg_Pop
                0x0000052a                OSStartHighRdy
                0x0000059a                OSCtxSw
                0x000005a2                OSIntCtxSw
                0x000005aa                PendSV_Handler
 .text          0x00000608       0x14 ./startup/startup_MK64F12.o
                0x00000608                Reset_Handler
                0x00000618                DebugMon_Handler
                0x00000618                I2C0_IRQHandler
                0x00000618                HardFault_Handler
                0x00000618                UART3_RX_TX_IRQHandler
                0x00000618                NMI_Handler
                0x00000618                UART0_RX_TX_IRQHandler
                0x00000618                I2C1_IRQHandler
                0x00000618                DMA2_IRQHandler
                0x00000618                ENET_Error_IRQHandler
                0x00000618                CAN0_Tx_Warning_IRQHandler
                0x00000618                CAN0_ORed_Message_buffer_IRQHandler
                0x00000618                CMP2_IRQHandler
                0x00000618                LLWU_IRQHandler
                0x00000618                UART2_RX_TX_IRQHandler
                0x00000618                SWI_IRQHandler
                0x00000618                ADC0_IRQHandler
                0x00000618                UsageFault_Handler
                0x00000618                I2S0_Tx_IRQHandler
                0x00000618                CMT_IRQHandler
                0x00000618                UART4_RX_TX_IRQHandler
                0x00000618                SPI1_IRQHandler
                0x00000618                DefaultISR
                0x00000618                DMA9_IRQHandler
                0x00000618                DMA14_IRQHandler
                0x00000618                CMP1_IRQHandler
                0x00000618                Reserved71_IRQHandler
                0x00000618                PORTD_IRQHandler
                0x00000618                PORTB_IRQHandler
                0x00000618                UART4_ERR_IRQHandler
                0x00000618                ADC1_IRQHandler
                0x00000618                I2C2_IRQHandler
                0x00000618                I2S0_Rx_IRQHandler
                0x00000618                DMA5_IRQHandler
                0x00000618                RTC_IRQHandler
                0x00000618                PDB0_IRQHandler
                0x00000618                CAN0_Rx_Warning_IRQHandler
                0x00000618                FTM1_IRQHandler
                0x00000618                UART5_RX_TX_IRQHandler
                0x00000618                UART3_ERR_IRQHandler
                0x00000618                SDHC_IRQHandler
                0x00000618                RTC_Seconds_IRQHandler
                0x00000618                MCG_IRQHandler
                0x00000618                FTFE_IRQHandler
                0x00000618                UART2_ERR_IRQHandler
                0x00000618                DMA11_IRQHandler
                0x00000618                UART5_ERR_IRQHandler
                0x00000618                Read_Collision_IRQHandler
                0x00000618                DMA7_IRQHandler
                0x00000618                USBDCD_IRQHandler
                0x00000618                USB0_IRQHandler
                0x00000618                SPI2_IRQHandler
                0x00000618                WDOG_EWM_IRQHandler
                0x00000618                MemManage_Handler
                0x00000618                SVC_Handler
                0x00000618                DMA13_IRQHandler
                0x00000618                DMA3_IRQHandler
                0x00000618                UART0_LON_IRQHandler
                0x00000618                RNG_IRQHandler
                0x00000618                DMA0_IRQHandler
                0x00000618                DMA15_IRQHandler
                0x00000618                DAC0_IRQHandler
                0x00000618                CAN0_Error_IRQHandler
                0x00000618                DMA4_IRQHandler
                0x00000618                UART0_ERR_IRQHandler
                0x00000618                DMA_Error_IRQHandler
                0x00000618                LVD_LVW_IRQHandler
                0x00000618                SPI0_IRQHandler
                0x00000618                FTM0_IRQHandler
                0x00000618                PORTA_IRQHandler
                0x00000618                DAC1_IRQHandler
                0x00000618                MCM_IRQHandler
                0x00000618                DMA12_IRQHandler
                0x00000618                CAN0_Bus_Off_IRQHandler
                0x00000618                FTM3_IRQHandler
                0x00000618                PORTE_IRQHandler
                0x00000618                FTM2_IRQHandler
                0x00000618                LPTMR0_IRQHandler
                0x00000618                BusFault_Handler
                0x00000618                DMA8_IRQHandler
                0x00000618                DMA10_IRQHandler
                0x00000618                CAN0_Wake_Up_IRQHandler
                0x00000618                UART1_ERR_IRQHandler
                0x00000618                UART1_RX_TX_IRQHandler
                0x00000618                CMP0_IRQHandler
                0x00000618                PORTC_IRQHandler
                0x00000618                DMA6_IRQHandler
                0x00000618                DMA1_IRQHandler
 *(.text*)
 .text.UART_HAL_EnableTransmitter
                0x0000061c       0x24 ./utilities/fsl_debug_console.o
 .text.UART_HAL_EnableReceiver
                0x00000640       0x24 ./utilities/fsl_debug_console.o
 .text.UART_HAL_SetBitCountPerChar
                0x00000664       0x28 ./utilities/fsl_debug_console.o
 .text.UART_HAL_SetStopBitCount
                0x0000068c       0x24 ./utilities/fsl_debug_console.o
 .text.DbgConsole_Init
                0x000006b0       0xc8 ./utilities/fsl_debug_console.o
                0x000006b0                DbgConsole_Init
 .text._write   0x00000778       0x58 ./utilities/fsl_debug_console.o
                0x00000778                _write
 .text._read    0x000007d0       0x44 ./utilities/fsl_debug_console.o
                0x000007d0                _read
 .text.debug_printf
                0x00000814       0x48 ./utilities/fsl_debug_console.o
                0x00000814                debug_printf
 .text.debug_putc
                0x0000085c       0x40 ./utilities/fsl_debug_console.o
 .text._sbrk    0x0000089c       0x5c ./utilities/fsl_misc_utilities.o
                0x0000089c                _sbrk
 .text._doprint
                0x000008f8      0x754 ./utilities/print_scan.o
                0x000008f8                _doprint
 .text.mknumstr
                0x0000104c      0x110 ./utilities/print_scan.o
 .text.fput_pad
                0x0000115c       0x40 ./utilities/print_scan.o
 .text.OSCfg_Init
                0x0000119c        0xc ./ucosiii/os_cfg_app.o
                0x0000119c                OSCfg_Init
 .text.OSInit   0x000011a8      0x1d0 ./ucosiii/os_core.o
                0x000011a8                OSInit
 .text.OSIntEnter
                0x00001378       0x34 ./ucosiii/os_core.o
                0x00001378                OSIntEnter
 .text.OSIntExit
                0x000013ac       0xc0 ./ucosiii/os_core.o
                0x000013ac                OSIntExit
 .text.OSSched  0x0000146c       0x94 ./ucosiii/os_core.o
                0x0000146c                OSSched
 .text.OSSchedLock
                0x00001500       0x54 ./ucosiii/os_core.o
                0x00001500                OSSchedLock
 .text.OSSchedUnlock
                0x00001554       0x70 ./ucosiii/os_core.o
                0x00001554                OSSchedUnlock
 .text.OSSchedRoundRobinCfg
                0x000015c4       0x64 ./ucosiii/os_core.o
                0x000015c4                OSSchedRoundRobinCfg
 .text.OSStart  0x00001628       0x80 ./ucosiii/os_core.o
                0x00001628                OSStart
 .text.OS_IdleTask
                0x000016a8       0x34 ./ucosiii/os_core.o
                0x000016a8                OS_IdleTask
 .text.OS_IdleTaskInit
                0x000016dc       0x68 ./ucosiii/os_core.o
                0x000016dc                OS_IdleTaskInit
 .text.OS_Pend  0x00001744       0x74 ./ucosiii/os_core.o
                0x00001744                OS_Pend
 .text.OS_PendDataInit
                0x000017b8       0x68 ./ucosiii/os_core.o
                0x000017b8                OS_PendDataInit
 .text.OS_PendListChangePrio
                0x00001820       0x54 ./ucosiii/os_core.o
                0x00001820                OS_PendListChangePrio
 .text.OS_PendListInit
                0x00001874       0x24 ./ucosiii/os_core.o
                0x00001874                OS_PendListInit
 .text.OS_PendListInsertPrio
                0x00001898       0xe4 ./ucosiii/os_core.o
                0x00001898                OS_PendListInsertPrio
 .text.OS_PendListRemove
                0x0000197c       0x50 ./ucosiii/os_core.o
                0x0000197c                OS_PendListRemove
 .text.OS_PendListRemove1
                0x000019cc       0x94 ./ucosiii/os_core.o
                0x000019cc                OS_PendListRemove1
 .text.OS_PendObjDel
                0x00001a60       0xfc ./ucosiii/os_core.o
                0x00001a60                OS_PendObjDel
 .text.OS_PendObjDel1
                0x00001b5c       0x50 ./ucosiii/os_core.o
                0x00001b5c                OS_PendObjDel1
 .text.OS_Post  0x00001bac      0x11c ./ucosiii/os_core.o
                0x00001bac                OS_Post
 .text.OS_Post1
                0x00001cc8       0x5c ./ucosiii/os_core.o
                0x00001cc8                OS_Post1
 .text.OS_RdyListInit
                0x00001d24       0x48 ./ucosiii/os_core.o
                0x00001d24                OS_RdyListInit
 .text.OS_RdyListInsert
                0x00001d6c       0x3c ./ucosiii/os_core.o
                0x00001d6c                OS_RdyListInsert
 .text.OS_RdyListInsertHead
                0x00001da8       0x80 ./ucosiii/os_core.o
                0x00001da8                OS_RdyListInsertHead
 .text.OS_RdyListInsertTail
                0x00001e28       0x80 ./ucosiii/os_core.o
                0x00001e28                OS_RdyListInsertTail
 .text.OS_RdyListMoveHeadToTail
                0x00001ea8       0x90 ./ucosiii/os_core.o
                0x00001ea8                OS_RdyListMoveHeadToTail
 .text.OS_RdyListRemove
                0x00001f38       0xac ./ucosiii/os_core.o
                0x00001f38                OS_RdyListRemove
 .text.OS_SchedRoundRobin
                0x00001fe4       0xb4 ./ucosiii/os_core.o
                0x00001fe4                OS_SchedRoundRobin
 .text.OS_TaskBlock
                0x00002098       0x3c ./ucosiii/os_core.o
                0x00002098                OS_TaskBlock
 .text.OSIdleTaskHook
                0x000020d4       0x18 ./ucosiii/os_cpu_c.o
                0x000020d4                OSIdleTaskHook
 .text.OSInitHook
                0x000020ec       0x38 ./ucosiii/os_cpu_c.o
                0x000020ec                OSInitHook
 .text.OSStatTaskHook
                0x00002124       0x18 ./ucosiii/os_cpu_c.o
                0x00002124                OSStatTaskHook
 .text.OSTaskCreateHook
                0x0000213c       0x24 ./ucosiii/os_cpu_c.o
                0x0000213c                OSTaskCreateHook
 .text.OSTaskDelHook
                0x00002160       0x24 ./ucosiii/os_cpu_c.o
                0x00002160                OSTaskDelHook
 .text.OSTaskReturnHook
                0x00002184       0x24 ./ucosiii/os_cpu_c.o
                0x00002184                OSTaskReturnHook
 .text.OSTaskStkInit
                0x000021a8      0x34c ./ucosiii/os_cpu_c.o
                0x000021a8                OSTaskStkInit
 .text.OSTaskSwHook
                0x000024f4       0xa4 ./ucosiii/os_cpu_c.o
                0x000024f4                OSTaskSwHook
 .text.OSTimeTickHook
                0x00002598       0x18 ./ucosiii/os_cpu_c.o
                0x00002598                OSTimeTickHook
 .text.SysTick_Handler
                0x000025b0       0x1c ./ucosiii/os_cpu_c.o
                0x000025b0                SysTick_Handler
 .text.OS_CPU_SysTickInit
                0x000025cc       0x54 ./ucosiii/os_cpu_c.o
                0x000025cc                OS_CPU_SysTickInit
 .text.OS_FlagInit
                0x00002620       0x24 ./ucosiii/os_flag.o
                0x00002620                OS_FlagInit
 .text.OSMemCreate
                0x00002644       0x94 ./ucosiii/os_mem.o
                0x00002644                OSMemCreate
 .text.OSMemPut
                0x000026d8       0x54 ./ucosiii/os_mem.o
                0x000026d8                OSMemPut
 .text.OS_MemInit
                0x0000272c       0x24 ./ucosiii/os_mem.o
                0x0000272c                OS_MemInit
 .text.OS_MsgPoolInit
                0x00002750       0xa4 ./ucosiii/os_msg.o
                0x00002750                OS_MsgPoolInit
 .text.OS_MsgQFreeAll
                0x000027f4       0x70 ./ucosiii/os_msg.o
                0x000027f4                OS_MsgQFreeAll
 .text.OS_MsgQInit
                0x00002864       0x30 ./ucosiii/os_msg.o
                0x00002864                OS_MsgQInit
 .text.OS_MsgQGet
                0x00002894       0xc0 ./ucosiii/os_msg.o
                0x00002894                OS_MsgQGet
 .text.OSMutexCreate
                0x00002954       0x5c ./ucosiii/os_mutex.o
                0x00002954                OSMutexCreate
 .text.OSMutexDel
                0x000029b0      0x120 ./ucosiii/os_mutex.o
                0x000029b0                OSMutexDel
 .text.OSMutexPend
                0x00002ad0      0x1a4 ./ucosiii/os_mutex.o
                0x00002ad0                OSMutexPend
 .text.OSMutexPost
                0x00002c74      0x148 ./ucosiii/os_mutex.o
                0x00002c74                OSMutexPost
 .text.OS_MutexClr
                0x00002dbc       0x3c ./ucosiii/os_mutex.o
                0x00002dbc                OS_MutexClr
 .text.OS_MutexInit
                0x00002df8       0x24 ./ucosiii/os_mutex.o
                0x00002df8                OS_MutexInit
 .text.OS_MutexGrpAdd
                0x00002e1c       0x24 ./ucosiii/os_mutex.o
                0x00002e1c                OS_MutexGrpAdd
 .text.OS_MutexGrpRemove
                0x00002e40       0x38 ./ucosiii/os_mutex.o
                0x00002e40                OS_MutexGrpRemove
 .text.OS_MutexGrpPrioFindHighest
                0x00002e78       0x58 ./ucosiii/os_mutex.o
                0x00002e78                OS_MutexGrpPrioFindHighest
 .text.OS_MutexGrpPostAll
                0x00002ed0       0x80 ./ucosiii/os_mutex.o
                0x00002ed0                OS_MutexGrpPostAll
 .text.OS_PrioInit
                0x00002f50       0x30 ./ucosiii/os_prio.o
                0x00002f50                OS_PrioInit
 .text.OS_PrioGetHighest
                0x00002f80       0x48 ./ucosiii/os_prio.o
                0x00002f80                OS_PrioGetHighest
 .text.OS_PrioInsert
                0x00002fc8       0x4c ./ucosiii/os_prio.o
                0x00002fc8                OS_PrioInsert
 .text.OS_PrioRemove
                0x00003014       0x50 ./ucosiii/os_prio.o
                0x00003014                OS_PrioRemove
 .text.OSQCreate
                0x00003064       0x58 ./ucosiii/os_q.o
                0x00003064                OSQCreate
 .text.OSQDel   0x000030bc       0xc8 ./ucosiii/os_q.o
                0x000030bc                OSQDel
 .text.OSQPend  0x00003184      0x170 ./ucosiii/os_q.o
                0x00003184                OSQPend
 .text.OS_QClr  0x000032f4       0x38 ./ucosiii/os_q.o
                0x000032f4                OS_QClr
 .text.OS_QInit
                0x0000332c       0x24 ./ucosiii/os_q.o
                0x0000332c                OS_QInit
 .text.OSSemCreate
                0x00003350       0x54 ./ucosiii/os_sem.o
                0x00003350                OSSemCreate
 .text.OSSemPost
                0x000033a4       0x2c ./ucosiii/os_sem.o
                0x000033a4                OSSemPost
 .text.OS_SemInit
                0x000033d0       0x24 ./ucosiii/os_sem.o
                0x000033d0                OS_SemInit
 .text.OS_SemPost
                0x000033f4       0xd4 ./ucosiii/os_sem.o
                0x000033f4                OS_SemPost
 .text.OSStatReset
                0x000034c8       0x4c ./ucosiii/os_stat.o
                0x000034c8                OSStatReset
 .text.OS_StatTask
                0x00003514      0x1b0 ./ucosiii/os_stat.o
                0x00003514                OS_StatTask
 .text.OS_StatTaskInit
                0x000036c4       0xd4 ./ucosiii/os_stat.o
                0x000036c4                OS_StatTaskInit
 .text.OSTaskCreate
                0x00003798      0x16c ./ucosiii/os_task.o
                0x00003798                OSTaskCreate
 .text.OSTaskDel
                0x00003904      0x1ac ./ucosiii/os_task.o
                0x00003904                OSTaskDel
 .text.OSTaskSemPend
                0x00003ab0      0x190 ./ucosiii/os_task.o
                0x00003ab0                OSTaskSemPend
 .text.OSTaskSemPost
                0x00003c40       0x2c ./ucosiii/os_task.o
                0x00003c40                OSTaskSemPost
 .text.OS_TaskInit
                0x00003c6c       0x2c ./ucosiii/os_task.o
                0x00003c6c                OS_TaskInit
 .text.OS_TaskInitTCB
                0x00003c98      0x164 ./ucosiii/os_task.o
                0x00003c98                OS_TaskInitTCB
 .text.OS_TaskReturn
                0x00003dfc       0x24 ./ucosiii/os_task.o
                0x00003dfc                OS_TaskReturn
 .text.OS_TaskSemPost
                0x00003e20      0x114 ./ucosiii/os_task.o
                0x00003e20                OS_TaskSemPost
 .text.OS_TaskChangePrio
                0x00003f34      0x144 ./ucosiii/os_task.o
                0x00003f34                OS_TaskChangePrio
 .text.OS_TickTask
                0x00004078       0x60 ./ucosiii/os_tick.o
                0x00004078                OS_TickTask
 .text.OS_TickTaskInit
                0x000040d8       0xc0 ./ucosiii/os_tick.o
                0x000040d8                OS_TickTaskInit
 .text.OS_TickListInsert
                0x00004198      0x104 ./ucosiii/os_tick.o
                0x00004198                OS_TickListInsert
 .text.OS_TickListInsertDly
                0x0000429c      0x108 ./ucosiii/os_tick.o
                0x0000429c                OS_TickListInsertDly
 .text.OS_TickListRemove
                0x000043a4       0xac ./ucosiii/os_tick.o
                0x000043a4                OS_TickListRemove
 .text.OS_TickListResetPeak
                0x00004450        0xc ./ucosiii/os_tick.o
                0x00004450                OS_TickListResetPeak
 .text.OS_TickListUpdateDly
                0x0000445c       0x94 ./ucosiii/os_tick.o
 .text.OS_TickListUpdateTimeout
                0x000044f0      0x12c ./ucosiii/os_tick.o
 .text.OSTimeDly
                0x0000461c       0xb8 ./ucosiii/os_time.o
                0x0000461c                OSTimeDly
 .text.OSTimeDlyHMSM
                0x000046d4      0x138 ./ucosiii/os_time.o
                0x000046d4                OSTimeDlyHMSM
 .text.OSTimeGet
                0x0000480c       0x2c ./ucosiii/os_time.o
                0x0000480c                OSTimeGet
 .text.OSTimeTick
                0x00004838       0x74 ./ucosiii/os_time.o
                0x00004838                OSTimeTick
 .text.OS_TmrInit
                0x000048ac      0x12c ./ucosiii/os_tmr.o
                0x000048ac                OS_TmrInit
 .text.OS_TmrResetPeak
                0x000049d8        0xc ./ucosiii/os_tmr.o
                0x000049d8                OS_TmrResetPeak
 .text.OS_TmrUnlink
                0x000049e4       0x7c ./ucosiii/os_tmr.o
                0x000049e4                OS_TmrUnlink
 .text.OS_TmrTask
                0x00004a60       0xcc ./ucosiii/os_tmr.o
                0x00004a60                OS_TmrTask
 .text.OS_TmrLock
                0x00004b2c       0x20 ./ucosiii/os_tmr.o
 .text.OS_TmrUnlock
                0x00004b4c       0x1c ./ucosiii/os_tmr.o
 .text.init_data_bss
                0x00004b68       0xcc ./startup/startup.o
                0x00004b68                init_data_bss
 .text.SystemInit
                0x00004c34       0x3c ./startup/system_MK64F12.o
                0x00004c34                SystemInit
 .text.ENET_HAL_GetSMIData
                0x00004c70       0x1c ./source/fsl_phy_driver.o
 .text.ENET_HAL_ClearIntStatusFlag
                0x00004c8c       0x1c ./source/fsl_phy_driver.o
 .text.ENET_HAL_GetIntStatusFlag
                0x00004ca8       0x28 ./source/fsl_phy_driver.o
 .text.PHY_DRV_Write
                0x00004cd0       0xe4 ./source/fsl_phy_driver.o
                0x00004cd0                PHY_DRV_Write
 .text.PHY_DRV_Read
                0x00004db4       0xf4 ./source/fsl_phy_driver.o
                0x00004db4                PHY_DRV_Read
 .text.PHY_DRV_Init
                0x00004ea8      0x124 ./source/fsl_phy_driver.o
                0x00004ea8                PHY_DRV_Init
 .text.PHY_DRV_Autodiscover
                0x00004fcc       0x68 ./source/fsl_phy_driver.o
                0x00004fcc                PHY_DRV_Autodiscover
 .text.PHY_DRV_GetLinkSpeed
                0x00005034       0x60 ./source/fsl_phy_driver.o
                0x00005034                PHY_DRV_GetLinkSpeed
 .text.PHY_DRV_GetLinkStatus
                0x00005094       0x7c ./source/fsl_phy_driver.o
                0x00005094                PHY_DRV_GetLinkStatus
 .text.PHY_DRV_GetLinkDuplex
                0x00005110       0x60 ./source/fsl_phy_driver.o
                0x00005110                PHY_DRV_GetLinkDuplex
 .text.SIM_HAL_EnableClock
                0x00005170       0x3c ./source/main.o
 .text.CLOCK_HAL_SetTimeSrc
                0x000051ac       0x3c ./source/main.o
 .text.CLOCK_SYS_SetEnetTimeStampSrc
                0x000051e8       0x24 ./source/main.o
 .text.CLOCK_SYS_EnableEnetClock
                0x0000520c       0x1c ./source/main.o
 .text.app_low_level_init
                0x00005228       0x24 ./source/main.o
 .text.example_thread
                0x0000524c       0x1c ./source/main.o
 .text.threads_init
                0x00005268       0x2c ./source/main.o
                0x00005268                threads_init
 .text.main     0x00005294       0x50 ./source/main.o
                0x00005294                main
 .text.Net_ModuleInitHw
                0x000052e4       0x14 ./network/Network.o
                0x000052e4                Net_ModuleInitHw
 .text.print_dhcp_state
                0x000052f8      0x1c4 ./network/Network_LWIP.o
 .text.dhcp_client_thread
                0x000054bc       0x64 ./network/Network_LWIP.o
 .text.Network_LWIP_TCP_Init
                0x00005520       0x18 ./network/Network_LWIP.o
                0x00005520                Network_LWIP_TCP_Init
 .text.Network_LWIP_DHCP_Init
                0x00005538       0x40 ./network/Network_LWIP.o
                0x00005538                Network_LWIP_DHCP_Init
 .text.etharp_free_entry
                0x00005578      0x114 ./lwip/src/netif/etharp.o
 .text.etharp_tmr
                0x0000568c       0xdc ./lwip/src/netif/etharp.o
                0x0000568c                etharp_tmr
 .text.etharp_find_entry
                0x00005768      0x258 ./lwip/src/netif/etharp.o
 .text.etharp_send_ip
                0x000059c0       0x64 ./lwip/src/netif/etharp.o
 .text.etharp_update_arp_entry
                0x00005a24      0x134 ./lwip/src/netif/etharp.o
 .text.etharp_cleanup_netif
                0x00005b58       0x60 ./lwip/src/netif/etharp.o
                0x00005b58                etharp_cleanup_netif
 .text.etharp_arp_input
                0x00005bb8      0x1b8 ./lwip/src/netif/etharp.o
 .text.etharp_output_to_arp_index
                0x00005d70       0xc0 ./lwip/src/netif/etharp.o
 .text.etharp_output
                0x00005e30      0x1bc ./lwip/src/netif/etharp.o
                0x00005e30                etharp_output
 .text.etharp_query
                0x00005fec      0x25c ./lwip/src/netif/etharp.o
                0x00005fec                etharp_query
 .text.etharp_raw
                0x00006248      0x12c ./lwip/src/netif/etharp.o
 .text.etharp_request
                0x00006374       0x44 ./lwip/src/netif/etharp.o
                0x00006374                etharp_request
 .text.ethernet_input
                0x000063b8      0x104 ./lwip/src/netif/etharp.o
                0x000063b8                ethernet_input
 .text.icmp_input
                0x000064bc      0x248 ./lwip/src/core/ipv4/icmp.o
                0x000064bc                icmp_input
 .text.icmp_dest_unreach
                0x00006704       0x20 ./lwip/src/core/ipv4/icmp.o
                0x00006704                icmp_dest_unreach
 .text.icmp_time_exceeded
                0x00006724       0x20 ./lwip/src/core/ipv4/icmp.o
                0x00006724                icmp_time_exceeded
 .text.icmp_send_response
                0x00006744       0xc0 ./lwip/src/core/ipv4/icmp.o
 .text.lwip_standard_chksum
                0x00006804       0xb8 ./lwip/src/core/ipv4/inet_chksum.o
 .text.inet_chksum_pseudo
                0x000068bc      0x10c ./lwip/src/core/ipv4/inet_chksum.o
                0x000068bc                inet_chksum_pseudo
 .text.inet_chksum
                0x000069c8       0x24 ./lwip/src/core/ipv4/inet_chksum.o
                0x000069c8                inet_chksum
 .text.inet_chksum_pbuf
                0x000069ec       0x98 ./lwip/src/core/ipv4/inet_chksum.o
                0x000069ec                inet_chksum_pbuf
 .text.ip_route
                0x00006a84       0x78 ./lwip/src/core/ipv4/ip.o
                0x00006a84                ip_route
 .text.ip_input
                0x00006afc      0x25c ./lwip/src/core/ipv4/ip.o
                0x00006afc                ip_input
 .text.ip_output_if
                0x00006d58      0x1c4 ./lwip/src/core/ipv4/ip.o
                0x00006d58                ip_output_if
 .text.ip_output
                0x00006f1c       0x5c ./lwip/src/core/ipv4/ip.o
                0x00006f1c                ip_output
 .text.ip4_addr_isbroadcast
                0x00006f78       0x78 ./lwip/src/core/ipv4/ip_addr.o
                0x00006f78                ip4_addr_isbroadcast
 .text.ip_reass_tmr
                0x00006ff0       0x54 ./lwip/src/core/ipv4/ip_frag.o
                0x00006ff0                ip_reass_tmr
 .text.ip_reass_free_complete_datagram
                0x00007044      0x128 ./lwip/src/core/ipv4/ip_frag.o
 .text.ip_reass_remove_oldest_datagram
                0x0000716c       0xb8 ./lwip/src/core/ipv4/ip_frag.o
 .text.ip_reass_enqueue_new_datagram
                0x00007224       0x74 ./lwip/src/core/ipv4/ip_frag.o
 .text.ip_reass_dequeue_datagram
                0x00007298       0x48 ./lwip/src/core/ipv4/ip_frag.o
 .text.ip_reass_chain_frag_into_datagram_and_validate
                0x000072e0      0x26c ./lwip/src/core/ipv4/ip_frag.o
 .text.ip_reass
                0x0000754c      0x23c ./lwip/src/core/ipv4/ip_frag.o
                0x0000754c                ip_reass
 .text.ip_frag_alloc_pbuf_custom_ref
                0x00007788       0x10 ./lwip/src/core/ipv4/ip_frag.o
 .text.ip_frag_free_pbuf_custom_ref
                0x00007798       0x28 ./lwip/src/core/ipv4/ip_frag.o
 .text.ipfrag_free_pbuf_custom
                0x000077c0       0x4c ./lwip/src/core/ipv4/ip_frag.o
 .text.ip_frag  0x0000780c      0x20c ./lwip/src/core/ipv4/ip_frag.o
                0x0000780c                ip_frag
 .text.lwip_htons
                0x00007a18       0x2c ./lwip/src/core/def.o
                0x00007a18                lwip_htons
 .text.lwip_ntohs
                0x00007a44       0x1c ./lwip/src/core/def.o
                0x00007a44                lwip_ntohs
 .text.lwip_htonl
                0x00007a60       0x34 ./lwip/src/core/def.o
                0x00007a60                lwip_htonl
 .text.lwip_ntohl
                0x00007a94       0x18 ./lwip/src/core/def.o
                0x00007a94                lwip_ntohl
 .text.dhcp_handle_nak
                0x00007aac       0x74 ./lwip/src/core/dhcp.o
 .text.dhcp_check
                0x00007b20       0xb0 ./lwip/src/core/dhcp.o
 .text.dhcp_handle_offer
                0x00007bd0       0xb4 ./lwip/src/core/dhcp.o
 .text.dhcp_select
                0x00007c84      0x19c ./lwip/src/core/dhcp.o
 .text.dhcp_coarse_tmr
                0x00007e20       0x90 ./lwip/src/core/dhcp.o
                0x00007e20                dhcp_coarse_tmr
 .text.dhcp_fine_tmr
                0x00007eb0       0x74 ./lwip/src/core/dhcp.o
                0x00007eb0                dhcp_fine_tmr
 .text.dhcp_timeout
                0x00007f24      0x14c ./lwip/src/core/dhcp.o
 .text.dhcp_t1_timeout
                0x00008070       0x58 ./lwip/src/core/dhcp.o
 .text.dhcp_t2_timeout
                0x000080c8       0x58 ./lwip/src/core/dhcp.o
 .text.dhcp_handle_ack
                0x00008120       0xb8 ./lwip/src/core/dhcp.o
 .text.dhcp_start
                0x000081d8      0x1fc ./lwip/src/core/dhcp.o
                0x000081d8                dhcp_start
 .text.dhcp_arp_reply
                0x000083d4       0x84 ./lwip/src/core/dhcp.o
                0x000083d4                dhcp_arp_reply
 .text.dhcp_decline
                0x00008458      0x110 ./lwip/src/core/dhcp.o
 .text.dhcp_discover
                0x00008568      0x190 ./lwip/src/core/dhcp.o
 .text.dhcp_bind
                0x000086f8      0x230 ./lwip/src/core/dhcp.o
 .text.dhcp_renew
                0x00008928      0x120 ./lwip/src/core/dhcp.o
                0x00008928                dhcp_renew
 .text.dhcp_rebind
                0x00008a48      0x120 ./lwip/src/core/dhcp.o
 .text.dhcp_reboot
                0x00008b68      0x13c ./lwip/src/core/dhcp.o
 .text.dhcp_release
                0x00008ca4      0x158 ./lwip/src/core/dhcp.o
                0x00008ca4                dhcp_release
 .text.dhcp_stop
                0x00008dfc       0x84 ./lwip/src/core/dhcp.o
                0x00008dfc                dhcp_stop
 .text.dhcp_set_state
                0x00008e80       0x34 ./lwip/src/core/dhcp.o
 .text.dhcp_option
                0x00008eb4       0x60 ./lwip/src/core/dhcp.o
 .text.dhcp_option_byte
                0x00008f14       0x3c ./lwip/src/core/dhcp.o
 .text.dhcp_option_short
                0x00008f50       0x60 ./lwip/src/core/dhcp.o
 .text.dhcp_option_long
                0x00008fb0       0x9c ./lwip/src/core/dhcp.o
 .text.dhcp_parse_reply
                0x0000904c      0x510 ./lwip/src/core/dhcp.o
 .text.dhcp_recv
                0x0000955c      0x298 ./lwip/src/core/dhcp.o
 .text.dhcp_create_msg
                0x000097f4      0x294 ./lwip/src/core/dhcp.o
 .text.dhcp_delete_msg
                0x00009a88       0x64 ./lwip/src/core/dhcp.o
 .text.dhcp_option_trailer
                0x00009aec       0x94 ./lwip/src/core/dhcp.o
 .text.lwip_init
                0x00009b80       0x28 ./lwip/src/core/init.o
                0x00009b80                lwip_init
 .text.tcpip_tcp_timer
                0x00009ba8       0x44 ./lwip/src/core/lwip_timers.o
 .text.tcp_timer_needed
                0x00009bec       0x40 ./lwip/src/core/lwip_timers.o
                0x00009bec                tcp_timer_needed
 .text.ip_reass_timer
                0x00009c2c       0x24 ./lwip/src/core/lwip_timers.o
 .text.arp_timer
                0x00009c50       0x24 ./lwip/src/core/lwip_timers.o
 .text.dhcp_timer_coarse
                0x00009c74       0x24 ./lwip/src/core/lwip_timers.o
 .text.dhcp_timer_fine
                0x00009c98       0x24 ./lwip/src/core/lwip_timers.o
 .text.sys_timeouts_init
                0x00009cbc       0x54 ./lwip/src/core/lwip_timers.o
                0x00009cbc                sys_timeouts_init
 .text.sys_timeout
                0x00009d10       0xf0 ./lwip/src/core/lwip_timers.o
                0x00009d10                sys_timeout
 .text.sys_untimeout
                0x00009e00       0x8c ./lwip/src/core/lwip_timers.o
                0x00009e00                sys_untimeout
 .text.sys_timeouts_mbox_fetch
                0x00009e8c       0xb0 ./lwip/src/core/lwip_timers.o
                0x00009e8c                sys_timeouts_mbox_fetch
 .text.plug_holes
                0x00009f3c      0x108 ./lwip/src/core/mem.o
 .text.mem_init
                0x0000a044       0x90 ./lwip/src/core/mem.o
                0x0000a044                mem_init
 .text.mem_free
                0x0000a0d4       0xb0 ./lwip/src/core/mem.o
                0x0000a0d4                mem_free
 .text.mem_trim
                0x0000a184      0x1b0 ./lwip/src/core/mem.o
                0x0000a184                mem_trim
 .text.mem_malloc
                0x0000a334      0x1c4 ./lwip/src/core/mem.o
                0x0000a334                mem_malloc
 .text.memp_init
                0x0000a4f8       0x98 ./lwip/src/core/memp.o
                0x0000a4f8                memp_init
 .text.memp_malloc
                0x0000a590       0x5c ./lwip/src/core/memp.o
                0x0000a590                memp_malloc
 .text.memp_free
                0x0000a5ec       0x4c ./lwip/src/core/memp.o
                0x0000a5ec                memp_free
 .text.netif_init
                0x0000a638        0xc ./lwip/src/core/netif.o
                0x0000a638                netif_init
 .text.netif_add
                0x0000a644       0x98 ./lwip/src/core/netif.o
                0x0000a644                netif_add
 .text.netif_set_addr
                0x0000a6dc       0x2c ./lwip/src/core/netif.o
                0x0000a6dc                netif_set_addr
 .text.netif_set_ipaddr
                0x0000a708       0xb0 ./lwip/src/core/netif.o
                0x0000a708                netif_set_ipaddr
 .text.netif_set_gw
                0x0000a7b8       0x28 ./lwip/src/core/netif.o
                0x0000a7b8                netif_set_gw
 .text.netif_set_netmask
                0x0000a7e0       0x28 ./lwip/src/core/netif.o
                0x0000a7e0                netif_set_netmask
 .text.netif_set_default
                0x0000a808       0x1c ./lwip/src/core/netif.o
                0x0000a808                netif_set_default
 .text.netif_set_up
                0x0000a824       0x58 ./lwip/src/core/netif.o
                0x0000a824                netif_set_up
 .text.netif_set_down
                0x0000a87c       0x44 ./lwip/src/core/netif.o
                0x0000a87c                netif_set_down
 .text.pbuf_alloc
                0x0000a8c0      0x2b4 ./lwip/src/core/pbuf.o
                0x0000a8c0                pbuf_alloc
 .text.pbuf_alloced_custom
                0x0000ab74       0xbc ./lwip/src/core/pbuf.o
                0x0000ab74                pbuf_alloced_custom
 .text.pbuf_realloc
                0x0000ac30      0x120 ./lwip/src/core/pbuf.o
                0x0000ac30                pbuf_realloc
 .text.pbuf_header
                0x0000ad50      0x100 ./lwip/src/core/pbuf.o
                0x0000ad50                pbuf_header
 .text.pbuf_free
                0x0000ae50      0x100 ./lwip/src/core/pbuf.o
                0x0000ae50                pbuf_free
 .text.pbuf_clen
                0x0000af50       0x30 ./lwip/src/core/pbuf.o
                0x0000af50                pbuf_clen
 .text.pbuf_ref
                0x0000af80       0x24 ./lwip/src/core/pbuf.o
                0x0000af80                pbuf_ref
 .text.pbuf_cat
                0x0000afa4       0x8c ./lwip/src/core/pbuf.o
                0x0000afa4                pbuf_cat
 .text.pbuf_chain
                0x0000b030       0x20 ./lwip/src/core/pbuf.o
                0x0000b030                pbuf_chain
 .text.pbuf_copy
                0x0000b050      0x15c ./lwip/src/core/pbuf.o
                0x0000b050                pbuf_copy
 .text.pbuf_copy_partial
                0x0000b1ac       0xd8 ./lwip/src/core/pbuf.o
                0x0000b1ac                pbuf_copy_partial
 .text.raw_input
                0x0000b284       0xc0 ./lwip/src/core/raw.o
                0x0000b284                raw_input
 .text.tcp_init
                0x0000b344        0xc ./lwip/src/core/tcp.o
                0x0000b344                tcp_init
 .text.tcp_tmr  0x0000b350       0x2c ./lwip/src/core/tcp.o
                0x0000b350                tcp_tmr
 .text.tcp_close_shutdown
                0x0000b37c      0x260 ./lwip/src/core/tcp.o
 .text.tcp_close
                0x0000b5dc       0x30 ./lwip/src/core/tcp.o
                0x0000b5dc                tcp_close
 .text.tcp_abandon
                0x0000b60c       0xcc ./lwip/src/core/tcp.o
                0x0000b60c                tcp_abandon
 .text.tcp_abort
                0x0000b6d8       0x18 ./lwip/src/core/tcp.o
                0x0000b6d8                tcp_abort
 .text.tcp_update_rcv_ann_wnd
                0x0000b6f0       0x90 ./lwip/src/core/tcp.o
                0x0000b6f0                tcp_update_rcv_ann_wnd
 .text.tcp_recved
                0x0000b780       0x88 ./lwip/src/core/tcp.o
                0x0000b780                tcp_recved
 .text.tcp_slowtmr
                0x0000b808      0x4c0 ./lwip/src/core/tcp.o
                0x0000b808                tcp_slowtmr
 .text.tcp_fasttmr
                0x0000bcc8       0xa0 ./lwip/src/core/tcp.o
                0x0000bcc8                tcp_fasttmr
 .text.tcp_process_refused_data
                0x0000bd68       0xc8 ./lwip/src/core/tcp.o
                0x0000bd68                tcp_process_refused_data
 .text.tcp_segs_free
                0x0000be30       0x28 ./lwip/src/core/tcp.o
                0x0000be30                tcp_segs_free
 .text.tcp_seg_free
                0x0000be58       0x30 ./lwip/src/core/tcp.o
                0x0000be58                tcp_seg_free
 .text.tcp_recv_null
                0x0000be88       0x48 ./lwip/src/core/tcp.o
                0x0000be88                tcp_recv_null
 .text.tcp_kill_prio
                0x0000bed0       0x80 ./lwip/src/core/tcp.o
 .text.tcp_kill_timewait
                0x0000bf50       0x5c ./lwip/src/core/tcp.o
 .text.tcp_alloc
                0x0000bfac      0x114 ./lwip/src/core/tcp.o
                0x0000bfac                tcp_alloc
 .text.tcp_pcb_purge
                0x0000c0c0       0x70 ./lwip/src/core/tcp.o
                0x0000c0c0                tcp_pcb_purge
 .text.tcp_pcb_remove
                0x0000c130       0xcc ./lwip/src/core/tcp.o
                0x0000c130                tcp_pcb_remove
 .text.tcp_next_iss
                0x0000c1fc       0x28 ./lwip/src/core/tcp.o
                0x0000c1fc                tcp_next_iss
 .text.tcp_eff_send_mss
                0x0000c224       0x40 ./lwip/src/core/tcp.o
                0x0000c224                tcp_eff_send_mss
 .text.tcp_input
                0x0000c264      0x694 ./lwip/src/core/tcp_in.o
                0x0000c264                tcp_input
 .text.tcp_listen_input
                0x0000c8f8      0x198 ./lwip/src/core/tcp_in.o
 .text.tcp_timewait_input
                0x0000ca90       0xdc ./lwip/src/core/tcp_in.o
 .text.tcp_process
                0x0000cb6c      0x6f4 ./lwip/src/core/tcp_in.o
 .text.tcp_receive
                0x0000d260      0x9dc ./lwip/src/core/tcp_in.o
 .text.tcp_parseopt
                0x0000dc3c      0x100 ./lwip/src/core/tcp_in.o
 .text.tcp_output_alloc_header
                0x0000dd3c       0xe8 ./lwip/src/core/tcp_out.o
 .text.tcp_send_fin
                0x0000de24       0x80 ./lwip/src/core/tcp_out.o
                0x0000de24                tcp_send_fin
 .text.tcp_create_segment
                0x0000dea4      0x108 ./lwip/src/core/tcp_out.o
 .text.tcp_enqueue_flags
                0x0000dfac      0x1ec ./lwip/src/core/tcp_out.o
                0x0000dfac                tcp_enqueue_flags
 .text.tcp_send_empty_ack
                0x0000e198       0x94 ./lwip/src/core/tcp_out.o
                0x0000e198                tcp_send_empty_ack
 .text.tcp_output
                0x0000e22c      0x2cc ./lwip/src/core/tcp_out.o
                0x0000e22c                tcp_output
 .text.tcp_output_segment
                0x0000e4f8      0x170 ./lwip/src/core/tcp_out.o
 .text.tcp_rst  0x0000e668       0xe4 ./lwip/src/core/tcp_out.o
                0x0000e668                tcp_rst
 .text.tcp_rexmit_rto
                0x0000e74c       0x60 ./lwip/src/core/tcp_out.o
                0x0000e74c                tcp_rexmit_rto
 .text.tcp_rexmit
                0x0000e7ac       0x94 ./lwip/src/core/tcp_out.o
                0x0000e7ac                tcp_rexmit
 .text.tcp_rexmit_fast
                0x0000e840       0xa4 ./lwip/src/core/tcp_out.o
                0x0000e840                tcp_rexmit_fast
 .text.tcp_keepalive
                0x0000e8e4       0x74 ./lwip/src/core/tcp_out.o
                0x0000e8e4                tcp_keepalive
 .text.tcp_zero_window_probe
                0x0000e958      0x10c ./lwip/src/core/tcp_out.o
                0x0000e958                tcp_zero_window_probe
 .text.udp_init
                0x0000ea64        0xc ./lwip/src/core/udp.o
                0x0000ea64                udp_init
 .text.udp_new_port
                0x0000ea70       0x74 ./lwip/src/core/udp.o
 .text.udp_input
                0x0000eae4      0x2c0 ./lwip/src/core/udp.o
                0x0000eae4                udp_input
 .text.udp_sendto_if
                0x0000eda4      0x174 ./lwip/src/core/udp.o
                0x0000eda4                udp_sendto_if
 .text.udp_bind
                0x0000ef18       0xd0 ./lwip/src/core/udp.o
                0x0000ef18                udp_bind
 .text.udp_connect
                0x0000efe8       0x9c ./lwip/src/core/udp.o
                0x0000efe8                udp_connect
 .text.udp_recv
                0x0000f084       0x24 ./lwip/src/core/udp.o
                0x0000f084                udp_recv
 .text.udp_remove
                0x0000f0a8       0x60 ./lwip/src/core/udp.o
                0x0000f0a8                udp_remove
 .text.udp_new  0x0000f108       0x30 ./lwip/src/core/udp.o
                0x0000f108                udp_new
 .text.lwip_socket_init
                0x0000f138        0xc ./lwip/src/api/sockets.o
                0x0000f138                lwip_socket_init
 .text.tcpip_thread
                0x0000f144      0x120 ./lwip/src/api/tcpip.o
 .text.tcpip_init
                0x0000f264       0x60 ./lwip/src/api/tcpip.o
                0x0000f264                tcpip_init
 .text.ENET_buffer_init
                0x0000f2c4      0x1e4 ./lwip/port/ethernetif.o
 .text.ENET_buffer_deinit
                0x0000f4a8       0xa4 ./lwip/port/ethernetif.o
 .text.low_level_init
                0x0000f54c      0x248 ./lwip/port/ethernetif.o
                0x0000f54c                low_level_init
 .text.low_level_output
                0x0000f794      0x16c ./lwip/port/ethernetif.o
 .text.low_level_input
                0x0000f900       0xdc ./lwip/port/ethernetif.o
 .text.ethernetif_input
                0x0000f9dc       0xac ./lwip/port/ethernetif.o
                0x0000f9dc                ethernetif_input
 .text.ethernetif_init
                0x0000fa88       0x54 ./lwip/port/ethernetif.o
                0x0000fa88                ethernetif_init
 .text.PIT0_IRQHandler
                0x0000fadc        0xc ./lwip/port/fsl_hwtimer_pit_irq.o
                0x0000fadc                PIT0_IRQHandler
 .text.PIT1_IRQHandler
                0x0000fae8        0xc ./lwip/port/fsl_hwtimer_pit_irq.o
                0x0000fae8                PIT1_IRQHandler
 .text.PIT2_IRQHandler
                0x0000faf4        0xc ./lwip/port/fsl_hwtimer_pit_irq.o
                0x0000faf4                PIT2_IRQHandler
 .text.PIT3_IRQHandler
                0x0000fb00        0xc ./lwip/port/fsl_hwtimer_pit_irq.o
                0x0000fb00                PIT3_IRQHandler
 .text.ENET_Transmit_IRQHandler
                0x0000fb0c        0xc ./lwip/port/lwip_fsl_irq.o
                0x0000fb0c                ENET_Transmit_IRQHandler
 .text.ENET_Receive_IRQHandler
                0x0000fb18        0xc ./lwip/port/lwip_fsl_irq.o
                0x0000fb18                ENET_Receive_IRQHandler
 .text.ENET_1588_Timer_IRQHandler
                0x0000fb24        0xc ./lwip/port/lwip_fsl_irq.o
                0x0000fb24                ENET_1588_Timer_IRQHandler
 .text.sys_assert
                0x0000fb30       0x20 ./lwip/port/sys_arch.o
                0x0000fb30                sys_assert
 .text._mbox_create
                0x0000fb50       0x68 ./lwip/port/sys_arch.o
                0x0000fb50                _mbox_create
 .text.sys_mbox_new
                0x0000fbb8       0x58 ./lwip/port/sys_arch.o
                0x0000fbb8                sys_mbox_new
 .text.sys_arch_mbox_fetch
                0x0000fc10       0x70 ./lwip/port/sys_arch.o
                0x0000fc10                sys_arch_mbox_fetch
 .text.sys_mutex_new
                0x0000fc80       0x2c ./lwip/port/sys_arch.o
                0x0000fc80                sys_mutex_new
 .text.sys_mutex_lock
                0x0000fcac       0x18 ./lwip/port/sys_arch.o
                0x0000fcac                sys_mutex_lock
 .text.sys_mutex_unlock
                0x0000fcc4       0x14 ./lwip/port/sys_arch.o
                0x0000fcc4                sys_mutex_unlock
 .text.sys_init
                0x0000fcd8        0xc ./lwip/port/sys_arch.o
                0x0000fcd8                sys_init
 .text.sys_thread_new
                0x0000fce4       0x74 ./lwip/port/sys_arch.o
                0x0000fce4                sys_thread_new
 .text.PORT_HAL_SetMuxMode
                0x0000fd58       0x58 ./board/board.o
 .text.SMC_HAL_SetProtection
                0x0000fdb0       0x1c ./board/board.o
 .text.BOARD_InitOsc0
                0x0000fdcc       0x3c ./board/board.o
                0x0000fdcc                BOARD_InitOsc0
 .text.BOARD_InitRtcOsc
                0x0000fe08       0x24 ./board/board.o
                0x0000fe08                BOARD_InitRtcOsc
 .text.CLOCK_SetBootConfig
                0x0000fe2c       0x3c ./board/board.o
 .text.BOARD_ClockInit
                0x0000fe68       0x34 ./board/board.o
                0x0000fe68                BOARD_ClockInit
 .text.dbg_uart_init
                0x0000fe9c       0x18 ./board/board.o
                0x0000fe9c                dbg_uart_init
 .text.hardware_init
                0x0000feb4       0x28 ./board/hardware_init.o
                0x0000feb4                hardware_init
 .text.PORT_HAL_SetPullMode
                0x0000fedc       0x44 ./board/pin_mux.o
 .text.PORT_HAL_SetPullCmd
                0x0000ff20       0x48 ./board/pin_mux.o
 .text.PORT_HAL_SetOpenDrainCmd
                0x0000ff68       0x48 ./board/pin_mux.o
 .text.PORT_HAL_SetMuxMode
                0x0000ffb0       0x58 ./board/pin_mux.o
 .text.configure_enet_pins
                0x00010008       0xc4 ./board/pin_mux.o
                0x00010008                configure_enet_pins
 .text.configure_uart_pins
                0x000100cc       0x68 ./board/pin_mux.o
                0x000100cc                configure_uart_pins
 .text.UART_HAL_SetBaudRate
                0x00010134       0xa0 C:/Freescale/KSDK_1.3.0/examples/K6xNetworkDemo/user_apps/lwip/KSDK_Network_Demo/network_demo_ucosiii/network_demo/kds/../../../../../../../../lib/ksdk_ucosiii_lib/kds/K64F12/debug/libksdk_platform_ucosiii.a(fsl_uart_hal.o)
                0x00010134                UART_HAL_SetBaudRate
 .text.UART_HAL_SetParityMode
                0x000101d4       0x40 C:/Freescale/KSDK_1.3.0/examples/K6xNetworkDemo/user_apps/lwip/KSDK_Network_Demo/network_demo_ucosiii/network_demo/kds/../../../../../../../../lib/ksdk_ucosiii_lib/kds/K64F12/debug/libksdk_platform_ucosiii.a(fsl_uart_hal.o)
                0x000101d4                UART_HAL_SetParityMode
 .text.UART_HAL_Putchar
                0x00010214       0x28 C:/Freescale/KSDK_1.3.0/examples/K6xNetworkDemo/user_apps/lwip/KSDK_Network_Demo/network_demo_ucosiii/network_demo/kds/../../../../../../../../lib/ksdk_ucosiii_lib/kds/K64F12/debug/libksdk_platform_ucosiii.a(fsl_uart_hal.o)
                0x00010214                UART_HAL_Putchar
 .text.UART_HAL_Getchar
                0x0001023c       0x2c C:/Freescale/KSDK_1.3.0/examples/K6xNetworkDemo/user_apps/lwip/KSDK_Network_Demo/network_demo_ucosiii/network_demo/kds/../../../../../../../../lib/ksdk_ucosiii_lib/kds/K64F12/debug/libksdk_platform_ucosiii.a(fsl_uart_hal.o)
                0x0001023c                UART_HAL_Getchar
 .text.UART_HAL_SendDataPolling
                0x00010268       0x44 C:/Freescale/KSDK_1.3.0/examples/K6xNetworkDemo/user_apps/lwip/KSDK_Network_Demo/network_demo_ucosiii/network_demo/kds/../../../../../../../../lib/ksdk_ucosiii_lib/kds/K64F12/debug/libksdk_platform_ucosiii.a(fsl_uart_hal.o)
                0x00010268                UART_HAL_SendDataPolling
 .text.UART_HAL_ReceiveDataPolling
                0x000102ac       0x78 C:/Freescale/KSDK_1.3.0/examples/K6xNetworkDemo/user_apps/lwip/KSDK_Network_Demo/network_demo_ucosiii/network_demo/kds/../../../../../../../../lib/ksdk_ucosiii_lib/kds/K64F12/debug/libksdk_platform_ucosiii.a(fsl_uart_hal.o)
                0x000102ac                UART_HAL_ReceiveDataPolling
 .text.INT_SYS_EnableIRQGlobal
                0x00010324       0x30 C:/Freescale/KSDK_1.3.0/examples/K6xNetworkDemo/user_apps/lwip/KSDK_Network_Demo/network_demo_ucosiii/network_demo/kds/../../../../../../../../lib/ksdk_ucosiii_lib/kds/K64F12/debug/libksdk_platform_ucosiii.a(fsl_interrupt_manager.o)
                0x00010324                INT_SYS_EnableIRQGlobal
 .text.INT_SYS_DisableIRQGlobal
                0x00010354       0x1c C:/Freescale/KSDK_1.3.0/examples/K6xNetworkDemo/user_apps/lwip/KSDK_Network_Demo/network_demo_ucosiii/network_demo/kds/../../../../../../../../lib/ksdk_ucosiii_lib/kds/K64F12/debug/libksdk_platform_ucosiii.a(fsl_interrupt_manager.o)
                0x00010354                INT_SYS_DisableIRQGlobal
 .text.PIT_HAL_ClearIntFlag
                0x00010370       0x40 C:/Freescale/KSDK_1.3.0/examples/K6xNetworkDemo/user_apps/lwip/KSDK_Network_Demo/network_demo_ucosiii/network_demo/kds/../../../../../../../../lib/ksdk_ucosiii_lib/kds/K64F12/debug/libksdk_platform_ucosiii.a(fsl_hwtimer_pit.o)
 .text.PIT_HAL_IsIntPending
                0x000103b0       0x4c C:/Freescale/KSDK_1.3.0/examples/K6xNetworkDemo/user_apps/lwip/KSDK_Network_Demo/network_demo_ucosiii/network_demo/kds/../../../../../../../../lib/ksdk_ucosiii_lib/kds/K64F12/debug/libksdk_platform_ucosiii.a(fsl_hwtimer_pit.o)
 .text.HWTIMER_SYS_PitIsrAction
                0x000103fc       0x9c C:/Freescale/KSDK_1.3.0/examples/K6xNetworkDemo/user_apps/lwip/KSDK_Network_Demo/network_demo_ucosiii/network_demo/kds/../../../../../../../../lib/ksdk_ucosiii_lib/kds/K64F12/debug/libksdk_platform_ucosiii.a(fsl_hwtimer_pit.o)
                0x000103fc                HWTIMER_SYS_PitIsrAction
 .text.ENET_HAL_ClearIntStatusFlag
                0x00010498       0x1c C:/Freescale/KSDK_1.3.0/examples/K6xNetworkDemo/user_apps/lwip/KSDK_Network_Demo/network_demo_ucosiii/network_demo/kds/../../../../../../../../lib/ksdk_ucosiii_lib/kds/K64F12/debug/libksdk_platform_ucosiii.a(fsl_enet_hal.o)
 .text.ENET_HAL_Init
                0x000104b4       0x84 C:/Freescale/KSDK_1.3.0/examples/K6xNetworkDemo/user_apps/lwip/KSDK_Network_Demo/network_demo_ucosiii/network_demo/kds/../../../../../../../../lib/ksdk_ucosiii_lib/kds/K64F12/debug/libksdk_platform_ucosiii.a(fsl_enet_hal.o)
                0x000104b4                ENET_HAL_Init
 .text.ENET_HAL_SetSMI
                0x00010538       0x70 C:/Freescale/KSDK_1.3.0/examples/K6xNetworkDemo/user_apps/lwip/KSDK_Network_Demo/network_demo_ucosiii/network_demo/kds/../../../../../../../../lib/ksdk_ucosiii_lib/kds/K64F12/debug/libksdk_platform_ucosiii.a(fsl_enet_hal.o)
 .text.ENET_HAL_SetMac
                0x000105a8      0x3bc C:/Freescale/KSDK_1.3.0/examples/K6xNetworkDemo/user_apps/lwip/KSDK_Network_Demo/network_demo_ucosiii/network_demo/kds/../../../../../../../../lib/ksdk_ucosiii_lib/kds/K64F12/debug/libksdk_platform_ucosiii.a(fsl_enet_hal.o)
 .text.ENET_HAL_SetTxBuffDescriptors
                0x00010964       0x48 C:/Freescale/KSDK_1.3.0/examples/K6xNetworkDemo/user_apps/lwip/KSDK_Network_Demo/network_demo_ucosiii/network_demo/kds/../../../../../../../../lib/ksdk_ucosiii_lib/kds/K64F12/debug/libksdk_platform_ucosiii.a(fsl_enet_hal.o)
 .text.ENET_HAL_SetRxBuffDescriptors
                0x000109ac       0x58 C:/Freescale/KSDK_1.3.0/examples/K6xNetworkDemo/user_apps/lwip/KSDK_Network_Demo/network_demo_ucosiii/network_demo/kds/../../../../../../../../lib/ksdk_ucosiii_lib/kds/K64F12/debug/libksdk_platform_ucosiii.a(fsl_enet_hal.o)
 .text.ENET_HAL_Set1588Timer
                0x00010a04       0x8c C:/Freescale/KSDK_1.3.0/examples/K6xNetworkDemo/user_apps/lwip/KSDK_Network_Demo/network_demo_ucosiii/network_demo/kds/../../../../../../../../lib/ksdk_ucosiii_lib/kds/K64F12/debug/libksdk_platform_ucosiii.a(fsl_enet_hal.o)
 .text.ENET_HAL_Start1588Timer
                0x00010a90       0x3c C:/Freescale/KSDK_1.3.0/examples/K6xNetworkDemo/user_apps/lwip/KSDK_Network_Demo/network_demo_ucosiii/network_demo/kds/../../../../../../../../lib/ksdk_ucosiii_lib/kds/K64F12/debug/libksdk_platform_ucosiii.a(fsl_enet_hal.o)
                0x00010a90                ENET_HAL_Start1588Timer
 .text.ENET_HAL_Stop1588Timer
                0x00010acc       0x34 C:/Freescale/KSDK_1.3.0/examples/K6xNetworkDemo/user_apps/lwip/KSDK_Network_Demo/network_demo_ucosiii/network_demo/kds/../../../../../../../../lib/ksdk_ucosiii_lib/kds/K64F12/debug/libksdk_platform_ucosiii.a(fsl_enet_hal.o)
                0x00010acc                ENET_HAL_Stop1588Timer
 .text.ENET_HAL_SetFifo
                0x00010b00      0x110 C:/Freescale/KSDK_1.3.0/examples/K6xNetworkDemo/user_apps/lwip/KSDK_Network_Demo/network_demo_ucosiii/network_demo/kds/../../../../../../../../lib/ksdk_ucosiii_lib/kds/K64F12/debug/libksdk_platform_ucosiii.a(fsl_enet_hal.o)
 .text.ENET_HAL_GetMibRxStat
                0x00010c10      0x110 C:/Freescale/KSDK_1.3.0/examples/K6xNetworkDemo/user_apps/lwip/KSDK_Network_Demo/network_demo_ucosiii/network_demo/kds/../../../../../../../../lib/ksdk_ucosiii_lib/kds/K64F12/debug/libksdk_platform_ucosiii.a(fsl_enet_hal.o)
 .text.ENET_HAL_GetMibTxStat
                0x00010d20      0x158 C:/Freescale/KSDK_1.3.0/examples/K6xNetworkDemo/user_apps/lwip/KSDK_Network_Demo/network_demo_ucosiii/network_demo/kds/../../../../../../../../lib/ksdk_ucosiii_lib/kds/K64F12/debug/libksdk_platform_ucosiii.a(fsl_enet_hal.o)
 .text.ENET_HAL_SetMacAddr
                0x00010e78       0x84 C:/Freescale/KSDK_1.3.0/examples/K6xNetworkDemo/user_apps/lwip/KSDK_Network_Demo/network_demo_ucosiii/network_demo/kds/../../../../../../../../lib/ksdk_ucosiii_lib/kds/K64F12/debug/libksdk_platform_ucosiii.a(fsl_enet_hal.o)
 .text.ENET_HAL_SetTxFifo
                0x00010efc       0xfc C:/Freescale/KSDK_1.3.0/examples/K6xNetworkDemo/user_apps/lwip/KSDK_Network_Demo/network_demo_ucosiii/network_demo/kds/../../../../../../../../lib/ksdk_ucosiii_lib/kds/K64F12/debug/libksdk_platform_ucosiii.a(fsl_enet_hal.o)
 .text.ENET_HAL_SetRxFifo
                0x00010ff8       0xe4 C:/Freescale/KSDK_1.3.0/examples/K6xNetworkDemo/user_apps/lwip/KSDK_Network_Demo/network_demo_ucosiii/network_demo/kds/../../../../../../../../lib/ksdk_ucosiii_lib/kds/K64F12/debug/libksdk_platform_ucosiii.a(fsl_enet_hal.o)
 .text.ENET_HAL_InitRxBuffDescriptors
                0x000110dc       0xc0 C:/Freescale/KSDK_1.3.0/examples/K6xNetworkDemo/user_apps/lwip/KSDK_Network_Demo/network_demo_ucosiii/network_demo/kds/../../../../../../../../lib/ksdk_ucosiii_lib/kds/K64F12/debug/libksdk_platform_ucosiii.a(fsl_enet_hal.o)
 .text.ENET_HAL_InitTxBuffDescriptors
                0x0001119c       0x9c C:/Freescale/KSDK_1.3.0/examples/K6xNetworkDemo/user_apps/lwip/KSDK_Network_Demo/network_demo_ucosiii/network_demo/kds/../../../../../../../../lib/ksdk_ucosiii_lib/kds/K64F12/debug/libksdk_platform_ucosiii.a(fsl_enet_hal.o)
 .text.ENET_HAL_ClrRxBdAfterHandled
                0x00011238       0x8c C:/Freescale/KSDK_1.3.0/examples/K6xNetworkDemo/user_apps/lwip/KSDK_Network_Demo/network_demo_ucosiii/network_demo/kds/../../../../../../../../lib/ksdk_ucosiii_lib/kds/K64F12/debug/libksdk_platform_ucosiii.a(fsl_enet_hal.o)
                0x00011238                ENET_HAL_ClrRxBdAfterHandled
 .text.ENET_HAL_SetTxBdBeforeSend
                0x000112c4       0xa4 C:/Freescale/KSDK_1.3.0/examples/K6xNetworkDemo/user_apps/lwip/KSDK_Network_Demo/network_demo_ucosiii/network_demo/kds/../../../../../../../../lib/ksdk_ucosiii_lib/kds/K64F12/debug/libksdk_platform_ucosiii.a(fsl_enet_hal.o)
                0x000112c4                ENET_HAL_SetTxBdBeforeSend
 .text.ENET_HAL_SetRMIIMode
                0x00011368       0xd8 C:/Freescale/KSDK_1.3.0/examples/K6xNetworkDemo/user_apps/lwip/KSDK_Network_Demo/network_demo_ucosiii/network_demo/kds/../../../../../../../../lib/ksdk_ucosiii_lib/kds/K64F12/debug/libksdk_platform_ucosiii.a(fsl_enet_hal.o)
                0x00011368                ENET_HAL_SetRMIIMode
 .text.ENET_HAL_SetSMIWrite
                0x00011440       0x50 C:/Freescale/KSDK_1.3.0/examples/K6xNetworkDemo/user_apps/lwip/KSDK_Network_Demo/network_demo_ucosiii/network_demo/kds/../../../../../../../../lib/ksdk_ucosiii_lib/kds/K64F12/debug/libksdk_platform_ucosiii.a(fsl_enet_hal.o)
                0x00011440                ENET_HAL_SetSMIWrite
 .text.ENET_HAL_SetSMIRead
                0x00011490       0x48 C:/Freescale/KSDK_1.3.0/examples/K6xNetworkDemo/user_apps/lwip/KSDK_Network_Demo/network_demo_ucosiii/network_demo/kds/../../../../../../../../lib/ksdk_ucosiii_lib/kds/K64F12/debug/libksdk_platform_ucosiii.a(fsl_enet_hal.o)
                0x00011490                ENET_HAL_SetSMIRead
 .text.ENET_HAL_SetIntMode
                0x000114d8       0x3c C:/Freescale/KSDK_1.3.0/examples/K6xNetworkDemo/user_apps/lwip/KSDK_Network_Demo/network_demo_ucosiii/network_demo/kds/../../../../../../../../lib/ksdk_ucosiii_lib/kds/K64F12/debug/libksdk_platform_ucosiii.a(fsl_enet_hal.o)
                0x000114d8                ENET_HAL_SetIntMode
 .text.ENET_HAL_SetTxInterPacketGap
                0x00011514       0x80 C:/Freescale/KSDK_1.3.0/examples/K6xNetworkDemo/user_apps/lwip/KSDK_Network_Demo/network_demo_ucosiii/network_demo/kds/../../../../../../../../lib/ksdk_ucosiii_lib/kds/K64F12/debug/libksdk_platform_ucosiii.a(fsl_enet_hal.o)
 .text.ENET_HAL_Config
                0x00011594       0x78 C:/Freescale/KSDK_1.3.0/examples/K6xNetworkDemo/user_apps/lwip/KSDK_Network_Demo/network_demo_ucosiii/network_demo/kds/../../../../../../../../lib/ksdk_ucosiii_lib/kds/K64F12/debug/libksdk_platform_ucosiii.a(fsl_enet_hal.o)
                0x00011594                ENET_HAL_Config
 .text.ENET_HAL_GetStatus
                0x0001160c      0x124 C:/Freescale/KSDK_1.3.0/examples/K6xNetworkDemo/user_apps/lwip/KSDK_Network_Demo/network_demo_ucosiii/network_demo/kds/../../../../../../../../lib/ksdk_ucosiii_lib/kds/K64F12/debug/libksdk_platform_ucosiii.a(fsl_enet_hal.o)
                0x0001160c                ENET_HAL_GetStatus
 .text.ENET_HAL_GetBufDescripAttr
                0x00011730      0x614 C:/Freescale/KSDK_1.3.0/examples/K6xNetworkDemo/user_apps/lwip/KSDK_Network_Demo/network_demo_ucosiii/network_demo/kds/../../../../../../../../lib/ksdk_ucosiii_lib/kds/K64F12/debug/libksdk_platform_ucosiii.a(fsl_enet_hal.o)
                0x00011730                ENET_HAL_GetBufDescripAttr
 .text.ENET_HAL_GetBuffDescripData
                0x00011d44       0x38 C:/Freescale/KSDK_1.3.0/examples/K6xNetworkDemo/user_apps/lwip/KSDK_Network_Demo/network_demo_ucosiii/network_demo/kds/../../../../../../../../lib/ksdk_ucosiii_lib/kds/K64F12/debug/libksdk_platform_ucosiii.a(fsl_enet_hal.o)
                0x00011d44                ENET_HAL_GetBuffDescripData
 .text.NVIC_EnableIRQ
                0x00011d7c       0x30 C:/Freescale/KSDK_1.3.0/examples/K6xNetworkDemo/user_apps/lwip/KSDK_Network_Demo/network_demo_ucosiii/network_demo/kds/../../../../../../../../lib/ksdk_ucosiii_lib/kds/K64F12/debug/libksdk_platform_ucosiii.a(fsl_enet_driver.o)
 .text.NVIC_DisableIRQ
                0x00011dac       0x34 C:/Freescale/KSDK_1.3.0/examples/K6xNetworkDemo/user_apps/lwip/KSDK_Network_Demo/network_demo_ucosiii/network_demo/kds/../../../../../../../../lib/ksdk_ucosiii_lib/kds/K64F12/debug/libksdk_platform_ucosiii.a(fsl_enet_driver.o)
 .text.ENET_HAL_ClrTxBdAfterSend
                0x00011de0       0x4c C:/Freescale/KSDK_1.3.0/examples/K6xNetworkDemo/user_apps/lwip/KSDK_Network_Demo/network_demo_ucosiii/network_demo/kds/../../../../../../../../lib/ksdk_ucosiii_lib/kds/K64F12/debug/libksdk_platform_ucosiii.a(fsl_enet_driver.o)
 .text.ENET_HAL_SetRxBdActive
                0x00011e2c       0x20 C:/Freescale/KSDK_1.3.0/examples/K6xNetworkDemo/user_apps/lwip/KSDK_Network_Demo/network_demo_ucosiii/network_demo/kds/../../../../../../../../lib/ksdk_ucosiii_lib/kds/K64F12/debug/libksdk_platform_ucosiii.a(fsl_enet_driver.o)
 .text.ENET_HAL_SetTxBdActive
                0x00011e4c       0x20 C:/Freescale/KSDK_1.3.0/examples/K6xNetworkDemo/user_apps/lwip/KSDK_Network_Demo/network_demo_ucosiii/network_demo/kds/../../../../../../../../lib/ksdk_ucosiii_lib/kds/K64F12/debug/libksdk_platform_ucosiii.a(fsl_enet_driver.o)
 .text.ENET_HAL_Enable
                0x00011e6c       0x30 C:/Freescale/KSDK_1.3.0/examples/K6xNetworkDemo/user_apps/lwip/KSDK_Network_Demo/network_demo_ucosiii/network_demo/kds/../../../../../../../../lib/ksdk_ucosiii_lib/kds/K64F12/debug/libksdk_platform_ucosiii.a(fsl_enet_driver.o)
 .text.ENET_HAL_ClearIntStatusFlag
                0x00011e9c       0x1c C:/Freescale/KSDK_1.3.0/examples/K6xNetworkDemo/user_apps/lwip/KSDK_Network_Demo/network_demo_ucosiii/network_demo/kds/../../../../../../../../lib/ksdk_ucosiii_lib/kds/K64F12/debug/libksdk_platform_ucosiii.a(fsl_enet_driver.o)
 .text.ENET_HAL_GetIntStatusFlag
                0x00011eb8       0x28 C:/Freescale/KSDK_1.3.0/examples/K6xNetworkDemo/user_apps/lwip/KSDK_Network_Demo/network_demo_ucosiii/network_demo/kds/../../../../../../../../lib/ksdk_ucosiii_lib/kds/K64F12/debug/libksdk_platform_ucosiii.a(fsl_enet_driver.o)
 .text.ENET_HAL_Get1588TimerCurrentTime
                0x00011ee0       0x3c C:/Freescale/KSDK_1.3.0/examples/K6xNetworkDemo/user_apps/lwip/KSDK_Network_Demo/network_demo_ucosiii/network_demo/kds/../../../../../../../../lib/ksdk_ucosiii_lib/kds/K64F12/debug/libksdk_platform_ucosiii.a(fsl_enet_driver.o)
 .text.ENET_DRV_Incr1588TsBuffRing
                0x00011f1c       0x2c C:/Freescale/KSDK_1.3.0/examples/K6xNetworkDemo/user_apps/lwip/KSDK_Network_Demo/network_demo_ucosiii/network_demo/kds/../../../../../../../../lib/ksdk_ucosiii_lib/kds/K64F12/debug/libksdk_platform_ucosiii.a(fsl_enet_driver.o)
 .text.SIM_HAL_EnableClock
                0x00011f48       0x3c C:/Freescale/KSDK_1.3.0/examples/K6xNetworkDemo/user_apps/lwip/KSDK_Network_Demo/network_demo_ucosiii/network_demo/kds/../../../../../../../../lib/ksdk_ucosiii_lib/kds/K64F12/debug/libksdk_platform_ucosiii.a(fsl_enet_driver.o)
 .text.CLOCK_SYS_EnableEnetClock
                0x00011f84       0x1c C:/Freescale/KSDK_1.3.0/examples/K6xNetworkDemo/user_apps/lwip/KSDK_Network_Demo/network_demo_ucosiii/network_demo/kds/../../../../../../../../lib/ksdk_ucosiii_lib/kds/K64F12/debug/libksdk_platform_ucosiii.a(fsl_enet_driver.o)
 .text.INT_SYS_EnableIRQ
                0x00011fa0       0x54 C:/Freescale/KSDK_1.3.0/examples/K6xNetworkDemo/user_apps/lwip/KSDK_Network_Demo/network_demo_ucosiii/network_demo/kds/../../../../../../../../lib/ksdk_ucosiii_lib/kds/K64F12/debug/libksdk_platform_ucosiii.a(fsl_enet_driver.o)
 .text.INT_SYS_DisableIRQ
                0x00011ff4       0x54 C:/Freescale/KSDK_1.3.0/examples/K6xNetworkDemo/user_apps/lwip/KSDK_Network_Demo/network_demo_ucosiii/network_demo/kds/../../../../../../../../lib/ksdk_ucosiii_lib/kds/K64F12/debug/libksdk_platform_ucosiii.a(fsl_enet_driver.o)
 .text.ENET_DRV_1588Init
                0x00012048       0x7c C:/Freescale/KSDK_1.3.0/examples/K6xNetworkDemo/user_apps/lwip/KSDK_Network_Demo/network_demo_ucosiii/network_demo/kds/../../../../../../../../lib/ksdk_ucosiii_lib/kds/K64F12/debug/libksdk_platform_ucosiii.a(fsl_enet_driver.o)
                0x00012048                ENET_DRV_1588Init
 .text.ENET_DRV_1588Deinit
                0x000120c4       0x58 C:/Freescale/KSDK_1.3.0/examples/K6xNetworkDemo/user_apps/lwip/KSDK_Network_Demo/network_demo_ucosiii/network_demo/kds/../../../../../../../../lib/ksdk_ucosiii_lib/kds/K64F12/debug/libksdk_platform_ucosiii.a(fsl_enet_driver.o)
                0x000120c4                ENET_DRV_1588Deinit
 .text.ENET_DRV_Start1588Timer
                0x0001211c       0xac C:/Freescale/KSDK_1.3.0/examples/K6xNetworkDemo/user_apps/lwip/KSDK_Network_Demo/network_demo_ucosiii/network_demo/kds/../../../../../../../../lib/ksdk_ucosiii_lib/kds/K64F12/debug/libksdk_platform_ucosiii.a(fsl_enet_driver.o)
                0x0001211c                ENET_DRV_Start1588Timer
 .text.ENET_DRV_Stop1588Timer
                0x000121c8       0x24 C:/Freescale/KSDK_1.3.0/examples/K6xNetworkDemo/user_apps/lwip/KSDK_Network_Demo/network_demo_ucosiii/network_demo/kds/../../../../../../../../lib/ksdk_ucosiii_lib/kds/K64F12/debug/libksdk_platform_ucosiii.a(fsl_enet_driver.o)
                0x000121c8                ENET_DRV_Stop1588Timer
 .text.ENET_DRV_Get1588timer
                0x000121ec       0x54 C:/Freescale/KSDK_1.3.0/examples/K6xNetworkDemo/user_apps/lwip/KSDK_Network_Demo/network_demo_ucosiii/network_demo/kds/../../../../../../../../lib/ksdk_ucosiii_lib/kds/K64F12/debug/libksdk_platform_ucosiii.a(fsl_enet_driver.o)
                0x000121ec                ENET_DRV_Get1588timer
 .text.ENET_DRV_GetTxTs
                0x00012240      0x120 C:/Freescale/KSDK_1.3.0/examples/K6xNetworkDemo/user_apps/lwip/KSDK_Network_Demo/network_demo_ucosiii/network_demo/kds/../../../../../../../../lib/ksdk_ucosiii_lib/kds/K64F12/debug/libksdk_platform_ucosiii.a(fsl_enet_driver.o)
                0x00012240                ENET_DRV_GetTxTs
 .text.ENET_DRV_GetRxTs
                0x00012360      0x120 C:/Freescale/KSDK_1.3.0/examples/K6xNetworkDemo/user_apps/lwip/KSDK_Network_Demo/network_demo_ucosiii/network_demo/kds/../../../../../../../../lib/ksdk_ucosiii_lib/kds/K64F12/debug/libksdk_platform_ucosiii.a(fsl_enet_driver.o)
                0x00012360                ENET_DRV_GetRxTs
 .text.ENET_DRV_Parse1588Packet
                0x00012480      0x21c C:/Freescale/KSDK_1.3.0/examples/K6xNetworkDemo/user_apps/lwip/KSDK_Network_Demo/network_demo_ucosiii/network_demo/kds/../../../../../../../../lib/ksdk_ucosiii_lib/kds/K64F12/debug/libksdk_platform_ucosiii.a(fsl_enet_driver.o)
                0x00012480                ENET_DRV_Parse1588Packet
 .text.ENET_DRV_Update1588TsBuff
                0x0001269c       0x64 C:/Freescale/KSDK_1.3.0/examples/K6xNetworkDemo/user_apps/lwip/KSDK_Network_Demo/network_demo_ucosiii/network_demo/kds/../../../../../../../../lib/ksdk_ucosiii_lib/kds/K64F12/debug/libksdk_platform_ucosiii.a(fsl_enet_driver.o)
                0x0001269c                ENET_DRV_Update1588TsBuff
 .text.ENET_DRV_Is1588TsBuffFull
                0x00012700       0x64 C:/Freescale/KSDK_1.3.0/examples/K6xNetworkDemo/user_apps/lwip/KSDK_Network_Demo/network_demo_ucosiii/network_demo/kds/../../../../../../../../lib/ksdk_ucosiii_lib/kds/K64F12/debug/libksdk_platform_ucosiii.a(fsl_enet_driver.o)
                0x00012700                ENET_DRV_Is1588TsBuffFull
 .text.ENET_DRV_TsIRQHandler
                0x00012764       0x64 C:/Freescale/KSDK_1.3.0/examples/K6xNetworkDemo/user_apps/lwip/KSDK_Network_Demo/network_demo_ucosiii/network_demo/kds/../../../../../../../../lib/ksdk_ucosiii_lib/kds/K64F12/debug/libksdk_platform_ucosiii.a(fsl_enet_driver.o)
                0x00012764                ENET_DRV_TsIRQHandler
 .text.ENET_DRV_Init
                0x000127c8      0x2e8 C:/Freescale/KSDK_1.3.0/examples/K6xNetworkDemo/user_apps/lwip/KSDK_Network_Demo/network_demo_ucosiii/network_demo/kds/../../../../../../../../lib/ksdk_ucosiii_lib/kds/K64F12/debug/libksdk_platform_ucosiii.a(fsl_enet_driver.o)
                0x000127c8                ENET_DRV_Init
 .text.ENET_DRV_Deinit
                0x00012ab0       0x98 C:/Freescale/KSDK_1.3.0/examples/K6xNetworkDemo/user_apps/lwip/KSDK_Network_Demo/network_demo_ucosiii/network_demo/kds/../../../../../../../../lib/ksdk_ucosiii_lib/kds/K64F12/debug/libksdk_platform_ucosiii.a(fsl_enet_driver.o)
                0x00012ab0                ENET_DRV_Deinit
 .text.ENET_DRV_UpdateRxBuffDescrip
                0x00012b48       0x90 C:/Freescale/KSDK_1.3.0/examples/K6xNetworkDemo/user_apps/lwip/KSDK_Network_Demo/network_demo_ucosiii/network_demo/kds/../../../../../../../../lib/ksdk_ucosiii_lib/kds/K64F12/debug/libksdk_platform_ucosiii.a(fsl_enet_driver.o)
                0x00012b48                ENET_DRV_UpdateRxBuffDescrip
 .text.ENET_DRV_CleanupTxBuffDescrip
                0x00012bd8      0x110 C:/Freescale/KSDK_1.3.0/examples/K6xNetworkDemo/user_apps/lwip/KSDK_Network_Demo/network_demo_ucosiii/network_demo/kds/../../../../../../../../lib/ksdk_ucosiii_lib/kds/K64F12/debug/libksdk_platform_ucosiii.a(fsl_enet_driver.o)
                0x00012bd8                ENET_DRV_CleanupTxBuffDescrip
 .text.ENET_DRV_IncrRxBuffDescripIndex
                0x00012ce8       0xa8 C:/Freescale/KSDK_1.3.0/examples/K6xNetworkDemo/user_apps/lwip/KSDK_Network_Demo/network_demo_ucosiii/network_demo/kds/../../../../../../../../lib/ksdk_ucosiii_lib/kds/K64F12/debug/libksdk_platform_ucosiii.a(fsl_enet_driver.o)
                0x00012ce8                ENET_DRV_IncrRxBuffDescripIndex
 .text.ENET_DRV_IncrTxBuffDescripIndex
                0x00012d90       0x70 C:/Freescale/KSDK_1.3.0/examples/K6xNetworkDemo/user_apps/lwip/KSDK_Network_Demo/network_demo_ucosiii/network_demo/kds/../../../../../../../../lib/ksdk_ucosiii_lib/kds/K64F12/debug/libksdk_platform_ucosiii.a(fsl_enet_driver.o)
                0x00012d90                ENET_DRV_IncrTxBuffDescripIndex
 .text.ENET_DRV_RxErrorStats
                0x00012e00      0x114 C:/Freescale/KSDK_1.3.0/examples/K6xNetworkDemo/user_apps/lwip/KSDK_Network_Demo/network_demo_ucosiii/network_demo/kds/../../../../../../../../lib/ksdk_ucosiii_lib/kds/K64F12/debug/libksdk_platform_ucosiii.a(fsl_enet_driver.o)
                0x00012e00                ENET_DRV_RxErrorStats
 .text.ENET_DRV_ReceiveData
                0x00012f14      0x2b8 C:/Freescale/KSDK_1.3.0/examples/K6xNetworkDemo/user_apps/lwip/KSDK_Network_Demo/network_demo_ucosiii/network_demo/kds/../../../../../../../../lib/ksdk_ucosiii_lib/kds/K64F12/debug/libksdk_platform_ucosiii.a(fsl_enet_driver.o)
                0x00012f14                ENET_DRV_ReceiveData
 .text.ENET_DRV_SendData
                0x000131cc      0x168 C:/Freescale/KSDK_1.3.0/examples/K6xNetworkDemo/user_apps/lwip/KSDK_Network_Demo/network_demo_ucosiii/network_demo/kds/../../../../../../../../lib/ksdk_ucosiii_lib/kds/K64F12/debug/libksdk_platform_ucosiii.a(fsl_enet_driver.o)
                0x000131cc                ENET_DRV_SendData
 .text.ENET_DRV_RxIRQHandler
                0x00013334       0x70 C:/Freescale/KSDK_1.3.0/examples/K6xNetworkDemo/user_apps/lwip/KSDK_Network_Demo/network_demo_ucosiii/network_demo/kds/../../../../../../../../lib/ksdk_ucosiii_lib/kds/K64F12/debug/libksdk_platform_ucosiii.a(fsl_enet_driver.o)
                0x00013334                ENET_DRV_RxIRQHandler
 .text.ENET_DRV_TxIRQHandler
                0x000133a4       0x78 C:/Freescale/KSDK_1.3.0/examples/K6xNetworkDemo/user_apps/lwip/KSDK_Network_Demo/network_demo_ucosiii/network_demo/kds/../../../../../../../../lib/ksdk_ucosiii_lib/kds/K64F12/debug/libksdk_platform_ucosiii.a(fsl_enet_driver.o)
                0x000133a4                ENET_DRV_TxIRQHandler
 .text.enet_mac_enqueue_buffer
                0x0001341c       0x24 C:/Freescale/KSDK_1.3.0/examples/K6xNetworkDemo/user_apps/lwip/KSDK_Network_Demo/network_demo_ucosiii/network_demo/kds/../../../../../../../../lib/ksdk_ucosiii_lib/kds/K64F12/debug/libksdk_platform_ucosiii.a(fsl_enet_driver.o)
                0x0001341c                enet_mac_enqueue_buffer
 .text.enet_mac_dequeue_buffer
                0x00013440       0x2c C:/Freescale/KSDK_1.3.0/examples/K6xNetworkDemo/user_apps/lwip/KSDK_Network_Demo/network_demo_ucosiii/network_demo/kds/../../../../../../../../lib/ksdk_ucosiii_lib/kds/K64F12/debug/libksdk_platform_ucosiii.a(fsl_enet_driver.o)
                0x00013440                enet_mac_dequeue_buffer
 .text.SIM_HAL_EnableClock
                0x0001346c       0x3c C:/Freescale/KSDK_1.3.0/examples/K6xNetworkDemo/user_apps/lwip/KSDK_Network_Demo/network_demo_ucosiii/network_demo/kds/../../../../../../../../lib/ksdk_ucosiii_lib/kds/K64F12/debug/libksdk_platform_ucosiii.a(fsl_clock_MK64F12.o)
 .text.CLOCK_HAL_GetTimeSrc
                0x000134a8       0x28 C:/Freescale/KSDK_1.3.0/examples/K6xNetworkDemo/user_apps/lwip/KSDK_Network_Demo/network_demo_ucosiii/network_demo/kds/../../../../../../../../lib/ksdk_ucosiii_lib/kds/K64F12/debug/libksdk_platform_ucosiii.a(fsl_clock_MK64F12.o)
 .text.CLOCK_HAL_SetExternalRefClock32kSrc
                0x000134d0       0x2c C:/Freescale/KSDK_1.3.0/examples/K6xNetworkDemo/user_apps/lwip/KSDK_Network_Demo/network_demo_ucosiii/network_demo/kds/../../../../../../../../lib/ksdk_ucosiii_lib/kds/K64F12/debug/libksdk_platform_ucosiii.a(fsl_clock_MK64F12.o)
 .text.CLOCK_HAL_SetPllfllSel
                0x000134fc       0x38 C:/Freescale/KSDK_1.3.0/examples/K6xNetworkDemo/user_apps/lwip/KSDK_Network_Demo/network_demo_ucosiii/network_demo/kds/../../../../../../../../lib/ksdk_ucosiii_lib/kds/K64F12/debug/libksdk_platform_ucosiii.a(fsl_clock_MK64F12.o)
 .text.CLOCK_HAL_GetPllfllSel
                0x00013534       0x28 C:/Freescale/KSDK_1.3.0/examples/K6xNetworkDemo/user_apps/lwip/KSDK_Network_Demo/network_demo_ucosiii/network_demo/kds/../../../../../../../../lib/ksdk_ucosiii_lib/kds/K64F12/debug/libksdk_platform_ucosiii.a(fsl_clock_MK64F12.o)
 .text.CLOCK_HAL_GetOutDiv1
                0x0001355c       0x24 C:/Freescale/KSDK_1.3.0/examples/K6xNetworkDemo/user_apps/lwip/KSDK_Network_Demo/network_demo_ucosiii/network_demo/kds/../../../../../../../../lib/ksdk_ucosiii_lib/kds/K64F12/debug/libksdk_platform_ucosiii.a(fsl_clock_MK64F12.o)
 .text.CLOCK_HAL_GetOutDiv2
                0x00013580       0x28 C:/Freescale/KSDK_1.3.0/examples/K6xNetworkDemo/user_apps/lwip/KSDK_Network_Demo/network_demo_ucosiii/network_demo/kds/../../../../../../../../lib/ksdk_ucosiii_lib/kds/K64F12/debug/libksdk_platform_ucosiii.a(fsl_clock_MK64F12.o)
 .text.OSC_HAL_GetExternalRefClkCmd
                0x000135a8       0x2c C:/Freescale/KSDK_1.3.0/examples/K6xNetworkDemo/user_apps/lwip/KSDK_Network_Demo/network_demo_ucosiii/network_demo/kds/../../../../../../../../lib/ksdk_ucosiii_lib/kds/K64F12/debug/libksdk_platform_ucosiii.a(fsl_clock_MK64F12.o)
 .text.CLOCK_SYS_SetSimConfigration
                0x000135d4       0x44 C:/Freescale/KSDK_1.3.0/examples/K6xNetworkDemo/user_apps/lwip/KSDK_Network_Demo/network_demo_ucosiii/network_demo/kds/../../../../../../../../lib/ksdk_ucosiii_lib/kds/K64F12/debug/libksdk_platform_ucosiii.a(fsl_clock_MK64F12.o)
                0x000135d4                CLOCK_SYS_SetSimConfigration
 .text.CLOCK_SYS_GetCoreClockFreq
                0x00013618       0x28 C:/Freescale/KSDK_1.3.0/examples/K6xNetworkDemo/user_apps/lwip/KSDK_Network_Demo/network_demo_ucosiii/network_demo/kds/../../../../../../../../lib/ksdk_ucosiii_lib/kds/K64F12/debug/libksdk_platform_ucosiii.a(fsl_clock_MK64F12.o)
                0x00013618                CLOCK_SYS_GetCoreClockFreq
 .text.CLOCK_SYS_GetSystemClockFreq
                0x00013640       0x28 C:/Freescale/KSDK_1.3.0/examples/K6xNetworkDemo/user_apps/lwip/KSDK_Network_Demo/network_demo_ucosiii/network_demo/kds/../../../../../../../../lib/ksdk_ucosiii_lib/kds/K64F12/debug/libksdk_platform_ucosiii.a(fsl_clock_MK64F12.o)
                0x00013640                CLOCK_SYS_GetSystemClockFreq
 .text.CLOCK_SYS_GetBusClockFreq
                0x00013668       0x28 C:/Freescale/KSDK_1.3.0/examples/K6xNetworkDemo/user_apps/lwip/KSDK_Network_Demo/network_demo_ucosiii/network_demo/kds/../../../../../../../../lib/ksdk_ucosiii_lib/kds/K64F12/debug/libksdk_platform_ucosiii.a(fsl_clock_MK64F12.o)
                0x00013668                CLOCK_SYS_GetBusClockFreq
 .text.CLOCK_SYS_GetPllFllClockFreq
                0x00013690       0x54 C:/Freescale/KSDK_1.3.0/examples/K6xNetworkDemo/user_apps/lwip/KSDK_Network_Demo/network_demo_ucosiii/network_demo/kds/../../../../../../../../lib/ksdk_ucosiii_lib/kds/K64F12/debug/libksdk_platform_ucosiii.a(fsl_clock_MK64F12.o)
                0x00013690                CLOCK_SYS_GetPllFllClockFreq
 .text.CLOCK_SYS_GetOsc0ExternalRefClockFreq
                0x000136e4       0x28 C:/Freescale/KSDK_1.3.0/examples/K6xNetworkDemo/user_apps/lwip/KSDK_Network_Demo/network_demo_ucosiii/network_demo/kds/../../../../../../../../lib/ksdk_ucosiii_lib/kds/K64F12/debug/libksdk_platform_ucosiii.a(fsl_clock_MK64F12.o)
                0x000136e4                CLOCK_SYS_GetOsc0ExternalRefClockFreq
 .text.CLOCK_SYS_GetEnetTimeStampFreq
                0x0001370c       0x68 C:/Freescale/KSDK_1.3.0/examples/K6xNetworkDemo/user_apps/lwip/KSDK_Network_Demo/network_demo_ucosiii/network_demo/kds/../../../../../../../../lib/ksdk_ucosiii_lib/kds/K64F12/debug/libksdk_platform_ucosiii.a(fsl_clock_MK64F12.o)
                0x0001370c                CLOCK_SYS_GetEnetTimeStampFreq
 .text.CLOCK_SYS_GetUartFreq
                0x00013774       0x4c C:/Freescale/KSDK_1.3.0/examples/K6xNetworkDemo/user_apps/lwip/KSDK_Network_Demo/network_demo_ucosiii/network_demo/kds/../../../../../../../../lib/ksdk_ucosiii_lib/kds/K64F12/debug/libksdk_platform_ucosiii.a(fsl_clock_MK64F12.o)
                0x00013774                CLOCK_SYS_GetUartFreq
 .text.CLOCK_SYS_EnablePortClock
                0x000137c0       0x48 C:/Freescale/KSDK_1.3.0/examples/K6xNetworkDemo/user_apps/lwip/KSDK_Network_Demo/network_demo_ucosiii/network_demo/kds/../../../../../../../../lib/ksdk_ucosiii_lib/kds/K64F12/debug/libksdk_platform_ucosiii.a(fsl_clock_MK64F12.o)
                0x000137c0                CLOCK_SYS_EnablePortClock
 .text.CLOCK_SYS_EnableUartClock
                0x00013808       0x48 C:/Freescale/KSDK_1.3.0/examples/K6xNetworkDemo/user_apps/lwip/KSDK_Network_Demo/network_demo_ucosiii/network_demo/kds/../../../../../../../../lib/ksdk_ucosiii_lib/kds/K64F12/debug/libksdk_platform_ucosiii.a(fsl_clock_MK64F12.o)
                0x00013808                CLOCK_SYS_EnableUartClock
 .text.SIM_HAL_EnableClock
                0x00013850       0x3c C:/Freescale/KSDK_1.3.0/examples/K6xNetworkDemo/user_apps/lwip/KSDK_Network_Demo/network_demo_ucosiii/network_demo/kds/../../../../../../../../lib/ksdk_ucosiii_lib/kds/K64F12/debug/libksdk_platform_ucosiii.a(fsl_clock_manager.o)
 .text.CLOCK_HAL_SetClkOutSrc
                0x0001388c       0x30 C:/Freescale/KSDK_1.3.0/examples/K6xNetworkDemo/user_apps/lwip/KSDK_Network_Demo/network_demo_ucosiii/network_demo/kds/../../../../../../../../lib/ksdk_ucosiii_lib/kds/K64F12/debug/libksdk_platform_ucosiii.a(fsl_clock_manager.o)
 .text.CLOCK_HAL_SetClksFrdivIrefs
                0x000138bc       0x54 C:/Freescale/KSDK_1.3.0/examples/K6xNetworkDemo/user_apps/lwip/KSDK_Network_Demo/network_demo_ucosiii/network_demo/kds/../../../../../../../../lib/ksdk_ucosiii_lib/kds/K64F12/debug/libksdk_platform_ucosiii.a(fsl_clock_manager.o)
 .text.CLOCK_HAL_GetClkOutStat
                0x00013910       0x24 C:/Freescale/KSDK_1.3.0/examples/K6xNetworkDemo/user_apps/lwip/KSDK_Network_Demo/network_demo_ucosiii/network_demo/kds/../../../../../../../../lib/ksdk_ucosiii_lib/kds/K64F12/debug/libksdk_platform_ucosiii.a(fsl_clock_manager.o)
 .text.CLOCK_HAL_GetFllSrc
                0x00013934       0x24 C:/Freescale/KSDK_1.3.0/examples/K6xNetworkDemo/user_apps/lwip/KSDK_Network_Demo/network_demo_ucosiii/network_demo/kds/../../../../../../../../lib/ksdk_ucosiii_lib/kds/K64F12/debug/libksdk_platform_ucosiii.a(fsl_clock_manager.o)
 .text.CLOCK_HAL_IsOsc0Stable
                0x00013958       0x30 C:/Freescale/KSDK_1.3.0/examples/K6xNetworkDemo/user_apps/lwip/KSDK_Network_Demo/network_demo_ucosiii/network_demo/kds/../../../../../../../../lib/ksdk_ucosiii_lib/kds/K64F12/debug/libksdk_platform_ucosiii.a(fsl_clock_manager.o)
 .text.OSC_HAL_SetExternalRefClkCmd
                0x00013988       0x24 C:/Freescale/KSDK_1.3.0/examples/K6xNetworkDemo/user_apps/lwip/KSDK_Network_Demo/network_demo_ucosiii/network_demo/kds/../../../../../../../../lib/ksdk_ucosiii_lib/kds/K64F12/debug/libksdk_platform_ucosiii.a(fsl_clock_manager.o)
 .text.OSC_HAL_SetExternalRefClkInStopModeCmd
                0x000139ac       0x24 C:/Freescale/KSDK_1.3.0/examples/K6xNetworkDemo/user_apps/lwip/KSDK_Network_Demo/network_demo_ucosiii/network_demo/kds/../../../../../../../../lib/ksdk_ucosiii_lib/kds/K64F12/debug/libksdk_platform_ucosiii.a(fsl_clock_manager.o)
 .text.CLOCK_SYS_EnableRtcClock
                0x000139d0       0x1c C:/Freescale/KSDK_1.3.0/examples/K6xNetworkDemo/user_apps/lwip/KSDK_Network_Demo/network_demo_ucosiii/network_demo/kds/../../../../../../../../lib/ksdk_ucosiii_lib/kds/K64F12/debug/libksdk_platform_ucosiii.a(fsl_clock_manager.o)
 .text.RTC_HAL_SetOsc2pfLoadCmd
                0x000139ec       0x28 C:/Freescale/KSDK_1.3.0/examples/K6xNetworkDemo/user_apps/lwip/KSDK_Network_Demo/network_demo_ucosiii/network_demo/kds/../../../../../../../../lib/ksdk_ucosiii_lib/kds/K64F12/debug/libksdk_platform_ucosiii.a(fsl_clock_manager.o)
 .text.RTC_HAL_SetOsc4pfLoadCmd
                0x00013a14       0x28 C:/Freescale/KSDK_1.3.0/examples/K6xNetworkDemo/user_apps/lwip/KSDK_Network_Demo/network_demo_ucosiii/network_demo/kds/../../../../../../../../lib/ksdk_ucosiii_lib/kds/K64F12/debug/libksdk_platform_ucosiii.a(fsl_clock_manager.o)
 .text.RTC_HAL_SetOsc8pfLoadCmd
                0x00013a3c       0x28 C:/Freescale/KSDK_1.3.0/examples/K6xNetworkDemo/user_apps/lwip/KSDK_Network_Demo/network_demo_ucosiii/network_demo/kds/../../../../../../../../lib/ksdk_ucosiii_lib/kds/K64F12/debug/libksdk_platform_ucosiii.a(fsl_clock_manager.o)
 .text.RTC_HAL_SetOsc16pfLoadCmd
                0x00013a64       0x28 C:/Freescale/KSDK_1.3.0/examples/K6xNetworkDemo/user_apps/lwip/KSDK_Network_Demo/network_demo_ucosiii/network_demo/kds/../../../../../../../../lib/ksdk_ucosiii_lib/kds/K64F12/debug/libksdk_platform_ucosiii.a(fsl_clock_manager.o)
 .text.RTC_HAL_SetOscillatorCmd
                0x00013a8c       0x28 C:/Freescale/KSDK_1.3.0/examples/K6xNetworkDemo/user_apps/lwip/KSDK_Network_Demo/network_demo_ucosiii/network_demo/kds/../../../../../../../../lib/ksdk_ucosiii_lib/kds/K64F12/debug/libksdk_platform_ucosiii.a(fsl_clock_manager.o)
 .text.RTC_HAL_IsOscillatorEnabled
                0x00013ab4       0x2c C:/Freescale/KSDK_1.3.0/examples/K6xNetworkDemo/user_apps/lwip/KSDK_Network_Demo/network_demo_ucosiii/network_demo/kds/../../../../../../../../lib/ksdk_ucosiii_lib/kds/K64F12/debug/libksdk_platform_ucosiii.a(fsl_clock_manager.o)
 .text.CLOCK_SYS_BootToPee
                0x00013ae0       0xa4 C:/Freescale/KSDK_1.3.0/examples/K6xNetworkDemo/user_apps/lwip/KSDK_Network_Demo/network_demo_ucosiii/network_demo/kds/../../../../../../../../lib/ksdk_ucosiii_lib/kds/K64F12/debug/libksdk_platform_ucosiii.a(fsl_clock_manager.o)
                0x00013ae0                CLOCK_SYS_BootToPee
 .text.CLOCK_SYS_OscInit
                0x00013b84       0xe8 C:/Freescale/KSDK_1.3.0/examples/K6xNetworkDemo/user_apps/lwip/KSDK_Network_Demo/network_demo_ucosiii/network_demo/kds/../../../../../../../../lib/ksdk_ucosiii_lib/kds/K64F12/debug/libksdk_platform_ucosiii.a(fsl_clock_manager.o)
                0x00013b84                CLOCK_SYS_OscInit
 .text.CLOCK_SYS_SetOscerConfigration
                0x00013c6c       0x3c C:/Freescale/KSDK_1.3.0/examples/K6xNetworkDemo/user_apps/lwip/KSDK_Network_Demo/network_demo_ucosiii/network_demo/kds/../../../../../../../../lib/ksdk_ucosiii_lib/kds/K64F12/debug/libksdk_platform_ucosiii.a(fsl_clock_manager.o)
                0x00013c6c                CLOCK_SYS_SetOscerConfigration
 .text.CLOCK_SYS_RtcOscInit
                0x00013ca8       0xa0 C:/Freescale/KSDK_1.3.0/examples/K6xNetworkDemo/user_apps/lwip/KSDK_Network_Demo/network_demo_ucosiii/network_demo/kds/../../../../../../../../lib/ksdk_ucosiii_lib/kds/K64F12/debug/libksdk_platform_ucosiii.a(fsl_clock_manager.o)
                0x00013ca8                CLOCK_SYS_RtcOscInit
 .text.OSA_TaskCreate
                0x00013d48       0x78 C:/Freescale/KSDK_1.3.0/examples/K6xNetworkDemo/user_apps/lwip/KSDK_Network_Demo/network_demo_ucosiii/network_demo/kds/../../../../../../../../lib/ksdk_ucosiii_lib/kds/K64F12/debug/libksdk_platform_ucosiii.a(fsl_os_abstraction_ucosiii.o)
                0x00013d48                OSA_TaskCreate
 .text.wait_timeout_msec_to_tick
                0x00013dc0       0x58 C:/Freescale/KSDK_1.3.0/examples/K6xNetworkDemo/user_apps/lwip/KSDK_Network_Demo/network_demo_ucosiii/network_demo/kds/../../../../../../../../lib/ksdk_ucosiii_lib/kds/K64F12/debug/libksdk_platform_ucosiii.a(fsl_os_abstraction_ucosiii.o)
 .text.OSA_SemaCreate
                0x00013e18       0x34 C:/Freescale/KSDK_1.3.0/examples/K6xNetworkDemo/user_apps/lwip/KSDK_Network_Demo/network_demo_ucosiii/network_demo/kds/../../../../../../../../lib/ksdk_ucosiii_lib/kds/K64F12/debug/libksdk_platform_ucosiii.a(fsl_os_abstraction_ucosiii.o)
                0x00013e18                OSA_SemaCreate
 .text.OSA_SemaPost
                0x00013e4c       0x2c C:/Freescale/KSDK_1.3.0/examples/K6xNetworkDemo/user_apps/lwip/KSDK_Network_Demo/network_demo_ucosiii/network_demo/kds/../../../../../../../../lib/ksdk_ucosiii_lib/kds/K64F12/debug/libksdk_platform_ucosiii.a(fsl_os_abstraction_ucosiii.o)
                0x00013e4c                OSA_SemaPost
 .text.OSA_MutexCreate
                0x00013e78       0x30 C:/Freescale/KSDK_1.3.0/examples/K6xNetworkDemo/user_apps/lwip/KSDK_Network_Demo/network_demo_ucosiii/network_demo/kds/../../../../../../../../lib/ksdk_ucosiii_lib/kds/K64F12/debug/libksdk_platform_ucosiii.a(fsl_os_abstraction_ucosiii.o)
                0x00013e78                OSA_MutexCreate
 .text.OSA_MutexLock
                0x00013ea8       0x6c C:/Freescale/KSDK_1.3.0/examples/K6xNetworkDemo/user_apps/lwip/KSDK_Network_Demo/network_demo_ucosiii/network_demo/kds/../../../../../../../../lib/ksdk_ucosiii_lib/kds/K64F12/debug/libksdk_platform_ucosiii.a(fsl_os_abstraction_ucosiii.o)
                0x00013ea8                OSA_MutexLock
 .text.OSA_MutexUnlock
                0x00013f14       0x2c C:/Freescale/KSDK_1.3.0/examples/K6xNetworkDemo/user_apps/lwip/KSDK_Network_Demo/network_demo_ucosiii/network_demo/kds/../../../../../../../../lib/ksdk_ucosiii_lib/kds/K64F12/debug/libksdk_platform_ucosiii.a(fsl_os_abstraction_ucosiii.o)
                0x00013f14                OSA_MutexUnlock
 .text.OSA_MutexDestroy