Archive member included because of file (symbol)

../lib/ksdk_ucosiii_lib/kds/K64F12/debug/libksdk_platform_ucosiii.a(fsl_uart_hal.o)
                              ./platform/utilities/src/fsl_debug_console.o (UART_HAL_SetBaudRate)
../lib/ksdk_ucosiii_lib/kds/K64F12/debug/libksdk_platform_ucosiii.a(fsl_sdhc_driver.o)
                              ./platform/composite/src/sdcard/fsl_sdhc_card.o (SDHC_DRV_ConfigClock)
../lib/ksdk_ucosiii_lib/kds/K64F12/debug/libksdk_platform_ucosiii.a(fsl_interrupt_manager.o)
                              ./rtos/uCOSIII/src/uCOS-III/Source/os_core.o (INT_SYS_EnableIRQGlobal)
../lib/ksdk_ucosiii_lib/kds/K64F12/debug/libksdk_platform_ucosiii.a(fsl_gpio_common.o)
                              ./board/fsl_gpio_irq.o (g_portBase)
../lib/ksdk_ucosiii_lib/kds/K64F12/debug/libksdk_platform_ucosiii.a(fsl_gpio_driver.o)
                              ./board/board.o (GPIO_DRV_Init)
../lib/ksdk_ucosiii_lib/kds/K64F12/debug/libksdk_platform_ucosiii.a(fsl_enet_hal.o)
                              ./lwip/port/ethernetif.o (ENET_HAL_SetRMIIMode)
../lib/ksdk_ucosiii_lib/kds/K64F12/debug/libksdk_platform_ucosiii.a(fsl_enet_common.o)
                              ./network/fsl_phy_driver.o (g_enetBase)
../lib/ksdk_ucosiii_lib/kds/K64F12/debug/libksdk_platform_ucosiii.a(fsl_enet_driver.o)
                              ./lwip/port/ethernetif.o (ENET_DRV_SendData)
../lib/ksdk_ucosiii_lib/kds/K64F12/debug/libksdk_platform_ucosiii.a(fsl_clock_MK64F12.o)
                              ./board/board.o (CLOCK_SYS_SetSimConfigration)
../lib/ksdk_ucosiii_lib/kds/K64F12/debug/libksdk_platform_ucosiii.a(fsl_clock_manager.o)
                              ./board/board.o (CLOCK_SYS_BootToPee)
../lib/ksdk_ucosiii_lib/kds/K64F12/debug/libksdk_platform_ucosiii.a(fsl_clock_manager_common.o)
                              ../lib/ksdk_ucosiii_lib/kds/K64F12/debug/libksdk_platform_ucosiii.a(fsl_clock_MK64F12.o) (g_oscBase)
../lib/ksdk_ucosiii_lib/kds/K64F12/debug/libksdk_platform_ucosiii.a(fsl_os_abstraction_ucosiii.o)
                              ./src/main.o (OSA_TaskCreate)
../lib/ksdk_ucosiii_lib/kds/K64F12/debug/libksdk_platform_ucosiii.a(fsl_sim_hal_MK64F12.o)
                              ../lib/ksdk_ucosiii_lib/kds/K64F12/debug/libksdk_platform_ucosiii.a(fsl_clock_MK64F12.o) (CLOCK_HAL_GetUsbfsDiv)
../lib/ksdk_ucosiii_lib/kds/K64F12/debug/libksdk_platform_ucosiii.a(fsl_sdhc_hal.o)
                              ../lib/ksdk_ucosiii_lib/kds/K64F12/debug/libksdk_platform_ucosiii.a(fsl_sdhc_driver.o) (SDHC_HAL_Init)
../lib/ksdk_ucosiii_lib/kds/K64F12/debug/libksdk_platform_ucosiii.a(fsl_sdhc_common.o)
                              ../lib/ksdk_ucosiii_lib/kds/K64F12/debug/libksdk_platform_ucosiii.a(fsl_sdhc_driver.o) (g_sdhcBase)
../lib/ksdk_ucosiii_lib/kds/K64F12/debug/libksdk_platform_ucosiii.a(fsl_osc_hal.o)
                              ../lib/ksdk_ucosiii_lib/kds/K64F12/debug/libksdk_platform_ucosiii.a(fsl_clock_manager.o) (OSC_HAL_SetCapacitor)
../lib/ksdk_ucosiii_lib/kds/K64F12/debug/libksdk_platform_ucosiii.a(fsl_mcg_hal.o)
                              ../lib/ksdk_ucosiii_lib/kds/K64F12/debug/libksdk_platform_ucosiii.a(fsl_clock_MK64F12.o) (g_xtal0ClkFreq)
../lib/ksdk_ucosiii_lib/kds/K64F12/debug/libksdk_platform_ucosiii.a(fsl_mcg_hal_modes.o)
                              ../lib/ksdk_ucosiii_lib/kds/K64F12/debug/libksdk_platform_ucosiii.a(fsl_clock_manager.o) (CLOCK_HAL_GetMcgMode)
../lib/ksdk_ucosiii_lib/kds/K64F12/debug/libksdk_platform_ucosiii.a(fsl_gpio_hal.o)
                              ../lib/ksdk_ucosiii_lib/kds/K64F12/debug/libksdk_platform_ucosiii.a(fsl_gpio_driver.o) (GPIO_HAL_SetPinDir)
c:/freescale/kds_v3/toolchain/bin/../lib/gcc/arm-none-eabi/4.8.4/../../../../arm-none-eabi/lib/armv7e-m/fpu\libg_s.a(lib_a-abs.o)
                              ../lib/ksdk_ucosiii_lib/kds/K64F12/debug/libksdk_platform_ucosiii.a(fsl_enet_driver.o) (abs)
c:/freescale/kds_v3/toolchain/bin/../lib/gcc/arm-none-eabi/4.8.4/../../../../arm-none-eabi/lib/armv7e-m/fpu\libg_s.a(lib_a-assert.o)
                              ./platform/composite/src/sdcard/fsl_sdhc_card.o (__assert_func)
c:/freescale/kds_v3/toolchain/bin/../lib/gcc/arm-none-eabi/4.8.4/../../../../arm-none-eabi/lib/armv7e-m/fpu\libg_s.a(lib_a-bzero.o)
                              ./network/Network_LWTCP.o (bzero)
c:/freescale/kds_v3/toolchain/bin/../lib/gcc/arm-none-eabi/4.8.4/../../../../arm-none-eabi/lib/armv7e-m/fpu\libg_s.a(lib_a-calloc.o)
                              ../lib/ksdk_ucosiii_lib/kds/K64F12/debug/libksdk_platform_ucosiii.a(fsl_os_abstraction_ucosiii.o) (calloc)
c:/freescale/kds_v3/toolchain/bin/../lib/gcc/arm-none-eabi/4.8.4/../../../../arm-none-eabi/lib/armv7e-m/fpu\libg_s.a(lib_a-errno.o)
                              ./platform/utilities/src/fsl_misc_utilities.o (__errno)
c:/freescale/kds_v3/toolchain/bin/../lib/gcc/arm-none-eabi/4.8.4/../../../../arm-none-eabi/lib/armv7e-m/fpu\libg_s.a(lib_a-exit.o)
[...]
Memory Configuration

Name             Origin             Length             Attributes
m_interrupts     0x00000000         0x00000400         xr
m_flash_config   0x00000400         0x00000010         xr
m_text           0x00000410         0x000ffbf0         xr
m_data           0x1fff0000         0x00020000         rw
m_data_2         0x20010000         0x00020000         rw
*default*        0x00000000         0xffffffff

Linker script and memory map

LOAD c:/freescale/kds_v3/toolchain/bin/../lib/gcc/arm-none-eabi/4.8.4/armv7e-m/fpu/crti.o
LOAD c:/freescale/kds_v3/toolchain/bin/../lib/gcc/arm-none-eabi/4.8.4/armv7e-m/fpu/crtbegin.o
LOAD c:/freescale/kds_v3/toolchain/bin/../lib/gcc/arm-none-eabi/4.8.4/../../../../arm-none-eabi/lib/armv7e-m/fpu/crt0.o
                0x00004000                __stack_size__ = 0x4000
                0x00010000                __heap_size__ = 0x10000
START GROUP
LOAD ./startup/startup.o
LOAD ./startup/startup_MK64F12.o
LOAD ./startup/system_MK64F12.o
LOAD ./src/main.o
LOAD ./rtos/uCOSIII/src/uCOS-III/Source/os_cfg_app.o
LOAD ./rtos/uCOSIII/src/uCOS-III/Source/os_core.o
LOAD ./rtos/uCOSIII/src/uCOS-III/Source/os_dbg.o
LOAD ./rtos/uCOSIII/src/uCOS-III/Source/os_flag.o
LOAD ./rtos/uCOSIII/src/uCOS-III/Source/os_int.o
LOAD ./rtos/uCOSIII/src/uCOS-III/Source/os_mem.o
LOAD ./rtos/uCOSIII/src/uCOS-III/Source/os_msg.o
LOAD ./rtos/uCOSIII/src/uCOS-III/Source/os_mutex.o
LOAD ./rtos/uCOSIII/src/uCOS-III/Source/os_pend_multi.o
LOAD ./rtos/uCOSIII/src/uCOS-III/Source/os_prio.o
LOAD ./rtos/uCOSIII/src/uCOS-III/Source/os_q.o
LOAD ./rtos/uCOSIII/src/uCOS-III/Source/os_sem.o
LOAD ./rtos/uCOSIII/src/uCOS-III/Source/os_stat.o
LOAD ./rtos/uCOSIII/src/uCOS-III/Source/os_task.o
LOAD ./rtos/uCOSIII/src/uCOS-III/Source/os_tick.o
LOAD ./rtos/uCOSIII/src/uCOS-III/Source/os_time.o
LOAD ./rtos/uCOSIII/src/uCOS-III/Source/os_tmr.o
LOAD ./rtos/uCOSIII/src/uCOS-III/Source/os_var.o
LOAD ./rtos/uCOSIII/src/uCOS-III/Ports/ARM-Cortex-M4/Generic/GNU/os_cpu_a.o
LOAD ./rtos/uCOSIII/src/uCOS-III/Ports/ARM-Cortex-M4/Generic/GNU/os_cpu_c.o
LOAD ./rtos/uCOSIII/src/uC-LIB/lib_ascii.o
LOAD ./rtos/uCOSIII/src/uC-LIB/lib_math.o
LOAD ./rtos/uCOSIII/src/uC-LIB/lib_mem.o
LOAD ./rtos/uCOSIII/src/uC-LIB/lib_str.o
LOAD ./rtos/uCOSIII/src/uC-CPU/ARM-Cortex-M4/GNU/cpu_a.o
LOAD ./rtos/uCOSIII/src/uC-CPU/ARM-Cortex-M4/GNU/cpu_c.o
LOAD ./rtos/uCOSIII/src/uC-CPU/cpu_core.o
LOAD ./rtos/uCOSIII/src/config/os_app_hooks.o
LOAD ./platform/utilities/src/fsl_debug_console.o
LOAD ./platform/utilities/src/fsl_misc_utilities.o
LOAD ./platform/utilities/src/print_scan.o
LOAD ./platform/composite/src/sdcard/fsl_sdhc_card.o
LOAD ./network/Network.o
LOAD ./network/Network_LWFTP.o
LOAD ./network/Network_LWIP.o
LOAD ./network/Network_LWTCP.o
LOAD ./network/Network_Test.o
LOAD ./network/fsl_phy_driver.o
LOAD ./lwip/src/netif/ppp/auth.o
LOAD ./lwip/src/netif/ppp/chap.o
LOAD ./lwip/src/netif/ppp/chpms.o
LOAD ./lwip/src/netif/ppp/fsm.o
LOAD ./lwip/src/netif/ppp/ipcp.o
LOAD ./lwip/src/netif/ppp/lcp.o
LOAD ./lwip/src/netif/ppp/magic.o
LOAD ./lwip/src/netif/ppp/md5.o
LOAD ./lwip/src/netif/ppp/pap.o
LOAD ./lwip/src/netif/ppp/ppp.o
LOAD ./lwip/src/netif/ppp/ppp_oe.o
LOAD ./lwip/src/netif/ppp/randm.o
LOAD ./lwip/src/netif/ppp/vj.o
LOAD ./lwip/src/netif/etharp.o
LOAD ./lwip/src/netif/slipif.o
LOAD ./lwip/src/core/snmp/asn1_dec.o
LOAD ./lwip/src/core/snmp/asn1_enc.o
LOAD ./lwip/src/core/snmp/mib2.o
LOAD ./lwip/src/core/snmp/mib_structs.o
LOAD ./lwip/src/core/snmp/msg_in.o
LOAD ./lwip/src/core/snmp/msg_out.o
LOAD ./lwip/src/core/ipv4/autoip.o
LOAD ./lwip/src/core/ipv4/icmp.o
LOAD ./lwip/src/core/ipv4/igmp.o
LOAD ./lwip/src/core/ipv4/inet.o
LOAD ./lwip/src/core/ipv4/inet_chksum.o
LOAD ./lwip/src/core/ipv4/ip.o
LOAD ./lwip/src/core/ipv4/ip_addr.o
LOAD ./lwip/src/core/ipv4/ip_frag.o
LOAD ./lwip/src/core/def.o
LOAD ./lwip/src/core/dhcp.o
LOAD ./lwip/src/core/dns.o
LOAD ./lwip/src/core/init.o
LOAD ./lwip/src/core/lwip_timers.o
LOAD ./lwip/src/core/mem.o
LOAD ./lwip/src/core/memp.o
LOAD ./lwip/src/core/netif.o
LOAD ./lwip/src/core/pbuf.o
LOAD ./lwip/src/core/raw.o
LOAD ./lwip/src/core/stats.o
LOAD ./lwip/src/core/sys.o
LOAD ./lwip/src/core/tcp.o
LOAD ./lwip/src/core/tcp_in.o
LOAD ./lwip/src/core/tcp_out.o
LOAD ./lwip/src/core/udp.o
LOAD ./lwip/src/api/api_lib.o
LOAD ./lwip/src/api/api_msg.o
LOAD ./lwip/src/api/err.o
LOAD ./lwip/src/api/netbuf.o
LOAD ./lwip/src/api/netdb.o
LOAD ./lwip/src/api/netifapi.o
LOAD ./lwip/src/api/sockets.o
LOAD ./lwip/src/api/tcpip.o
LOAD ./lwip/port/ethernetif.o
LOAD ./lwip/port/lwip_fsl_irq.o
LOAD ./lwip/port/sys_arch.o
LOAD ./fatfs/fsl_sd_disk/src/fsl_sd_disk.o
LOAD ./fatfs/diskio.o
LOAD ./fatfs/ff.o
LOAD ./fatfs/ffsystem.o
LOAD ./fatfs/ffunicode.o
LOAD ./board/board.o
LOAD ./board/fsl_gpio_irq.o
LOAD ./board/fsl_sdhc_irq.o
LOAD ./board/gpio_pins.o
LOAD ./board/hardware_init.o
LOAD ./board/pin_mux.o
LOAD ../lib/ksdk_ucosiii_lib/kds/K64F12/debug/libksdk_platform_ucosiii.a
LOAD ../lib/ksdk_startup_lib/kds/K64F12/debug/libksdk_startup.a
LOAD c:/freescale/kds_v3/toolchain/bin/../lib/gcc/arm-none-eabi/4.8.4/../../../../arm-none-eabi/lib/armv7e-m/fpu\libm.a
LOAD c:/freescale/kds_v3/toolchain/bin/../lib/gcc/arm-none-eabi/4.8.4/../../../../arm-none-eabi/lib/armv7e-m/fpu\libg_s.a
LOAD c:/freescale/kds_v3/toolchain/bin/../lib/gcc/arm-none-eabi/4.8.4/armv7e-m/fpu\libgcc.a
LOAD c:/freescale/kds_v3/toolchain/bin/../lib/gcc/arm-none-eabi/4.8.4/../../../../arm-none-eabi/lib/armv7e-m/fpu\libnosys.a
END GROUP
START GROUP
LOAD c:/freescale/kds_v3/toolchain/bin/../lib/gcc/arm-none-eabi/4.8.4/armv7e-m/fpu\libgcc.a
LOAD c:/freescale/kds_v3/toolchain/bin/../lib/gcc/arm-none-eabi/4.8.4/../../../../arm-none-eabi/lib/armv7e-m/fpu\libg_s.a
LOAD c:/freescale/kds_v3/toolchain/bin/../lib/gcc/arm-none-eabi/4.8.4/../../../../arm-none-eabi/lib/armv7e-m/fpu\libc_s.a
END GROUP
START GROUP
LOAD c:/freescale/kds_v3/toolchain/bin/../lib/gcc/arm-none-eabi/4.8.4/armv7e-m/fpu\libgcc.a
LOAD c:/freescale/kds_v3/toolchain/bin/../lib/gcc/arm-none-eabi/4.8.4/../../../../arm-none-eabi/lib/armv7e-m/fpu\libc_s.a
END GROUP
LOAD c:/freescale/kds_v3/toolchain/bin/../lib/gcc/arm-none-eabi/4.8.4/armv7e-m/fpu/crtend.o
LOAD c:/freescale/kds_v3/toolchain/bin/../lib/gcc/arm-none-eabi/4.8.4/armv7e-m/fpu/crtn.o
                0x00000400                HEAP_SIZE = DEFINED (__heap_size__)?__heap_size__:0x400
                0x00000400                STACK_SIZE = DEFINED (__stack_size__)?__stack_size__:0x400
                0x00000000                M_VECTOR_RAM_SIZE = DEFINED (__ram_vector_table__)?0x400:0x0

.interrupts     0x00000000      0x400
                0x00000000                __VECTOR_TABLE = .
                0x00000000                . = ALIGN (0x4)
 *(.isr_vector)
 .isr_vector    0x00000000      0x400 ./startup/startup_MK64F12.o
                0x00000000                __isr_vector
                0x00000400                . = ALIGN (0x4)

.flash_config   0x00000400       0x10
                0x00000400                . = ALIGN (0x4)
 *(.FlashConfig)
 .FlashConfig   0x00000400       0x10 ./startup/startup_MK64F12.o
                0x00000410                . = ALIGN (0x4)

.text           0x00000410    0x37f5c
                0x00000410                . = ALIGN (0x4)
 *(.text)
 .text          0x00000410       0x54 c:/freescale/kds_v3/toolchain/bin/../lib/gcc/arm-none-eabi/4.8.4/armv7e-m/fpu/crtbegin.o
 .text          0x00000464       0x74 c:/freescale/kds_v3/toolchain/bin/../lib/gcc/arm-none-eabi/4.8.4/../../../../arm-none-eabi/lib/armv7e-m/fpu/crt0.o
                0x00000464                _start
                0x00000464                _mainCRTStartup
 .text          0x000004d8       0x14 ./startup/startup_MK64F12.o
                0x000004d8                Reset_Handler
                0x000004e8                DebugMon_Handler
                0x000004e8                I2C0_IRQHandler
                0x000004e8                HardFault_Handler
                0x000004e8                UART3_RX_TX_IRQHandler
                0x000004e8                NMI_Handler
                0x000004e8                UART0_RX_TX_IRQHandler
                0x000004e8                I2C1_IRQHandler
                0x000004e8                DMA2_IRQHandler
                0x000004e8                ENET_Error_IRQHandler
                0x000004e8                CAN0_Tx_Warning_IRQHandler
                0x000004e8                PIT0_IRQHandler
                0x000004e8                CAN0_ORed_Message_buffer_IRQHandler
                0x000004e8                CMP2_IRQHandler
                0x000004e8                LLWU_IRQHandler
                0x000004e8                UART2_RX_TX_IRQHandler
                0x000004e8                SWI_IRQHandler
                0x000004e8                ADC0_IRQHandler
                0x000004e8                UsageFault_Handler
                0x000004e8                I2S0_Tx_IRQHandler
                0x000004e8                CMT_IRQHandler
                0x000004e8                UART4_RX_TX_IRQHandler
                0x000004e8                SPI1_IRQHandler
                0x000004e8                DefaultISR
                0x000004e8                DMA9_IRQHandler
                0x000004e8                DMA14_IRQHandler
                0x000004e8                CMP1_IRQHandler
                0x000004e8                Reserved71_IRQHandler
                0x000004e8                PORTD_IRQHandler
                0x000004e8                PORTB_IRQHandler
                0x000004e8                UART4_ERR_IRQHandler
                0x000004e8                ADC1_IRQHandler
                0x000004e8                I2C2_IRQHandler
                0x000004e8                PIT2_IRQHandler
                0x000004e8                I2S0_Rx_IRQHandler
                0x000004e8                DMA5_IRQHandler
                0x000004e8                RTC_IRQHandler
                0x000004e8                PDB0_IRQHandler
                0x000004e8                CAN0_Rx_Warning_IRQHandler
                0x000004e8                FTM1_IRQHandler
                0x000004e8                UART5_RX_TX_IRQHandler
                0x000004e8                UART3_ERR_IRQHandler
                0x000004e8                PIT3_IRQHandler
                0x000004e8                RTC_Seconds_IRQHandler
                0x000004e8                MCG_IRQHandler
                0x000004e8                FTFE_IRQHandler
                0x000004e8                UART2_ERR_IRQHandler
                0x000004e8                DMA11_IRQHandler
                0x000004e8                UART5_ERR_IRQHandler
                0x000004e8                Read_Collision_IRQHandler
                0x000004e8                DMA7_IRQHandler
                0x000004e8                USBDCD_IRQHandler
                0x000004e8                USB0_IRQHandler
                0x000004e8                SPI2_IRQHandler
                0x000004e8                WDOG_EWM_IRQHandler
                0x000004e8                MemManage_Handler
                0x000004e8                SVC_Handler
                0x000004e8                DMA13_IRQHandler
                0x000004e8                DMA3_IRQHandler
                0x000004e8                UART0_LON_IRQHandler
                0x000004e8                RNG_IRQHandler
                0x000004e8                DMA0_IRQHandler
                0x000004e8                DMA15_IRQHandler
                0x000004e8                DAC0_IRQHandler
                0x000004e8                CAN0_Error_IRQHandler
                0x000004e8                DMA4_IRQHandler
                0x000004e8                PIT1_IRQHandler
                0x000004e8                UART0_ERR_IRQHandler
                0x000004e8                DMA_Error_IRQHandler
                0x000004e8                LVD_LVW_IRQHandler
                0x000004e8                SPI0_IRQHandler
                0x000004e8                FTM0_IRQHandler
                0x000004e8                PORTA_IRQHandler
                0x000004e8                DAC1_IRQHandler
                0x000004e8                MCM_IRQHandler
                0x000004e8                DMA12_IRQHandler
                0x000004e8                CAN0_Bus_Off_IRQHandler
                0x000004e8                FTM3_IRQHandler
                0x000004e8                PORTE_IRQHandler
                0x000004e8                FTM2_IRQHandler
                0x000004e8                LPTMR0_IRQHandler
                0x000004e8                BusFault_Handler
                0x000004e8                DMA8_IRQHandler
                0x000004e8                DMA10_IRQHandler
                0x000004e8                CAN0_Wake_Up_IRQHandler
                0x000004e8                UART1_ERR_IRQHandler
                0x000004e8                UART1_RX_TX_IRQHandler
                0x000004e8                CMP0_IRQHandler
                0x000004e8                PORTC_IRQHandler
                0x000004e8                DMA6_IRQHandler
                0x000004e8                DMA1_IRQHandler
 .text          0x000004ec       0xfc ./rtos/uCOSIII/src/uCOS-III/Ports/ARM-Cortex-M4/Generic/GNU/os_cpu_a.o
                0x000004ec                OS_CPU_FP_Reg_Push
                0x000004fe                OS_CPU_FP_Reg_Pop
                0x0000050a                OSStartHighRdy
                0x0000057a                OSCtxSw
                0x00000582                OSIntCtxSw
                0x0000058a                PendSV_Handler
 .text          0x000005e8       0x34 ./rtos/uCOSIII/src/uC-CPU/ARM-Cortex-M4/GNU/cpu_a.o
                0x000005e8                CPU_IntDis
                0x000005ec                CPU_IntEn
                0x000005f0                CPU_SR_Save
                0x000005f8                CPU_SR_Restore
                0x000005fe                CPU_WaitForInt
                0x00000602                CPU_WaitForExcept
                0x00000606                CPU_CntLeadZeros
                0x0000060c                CPU_CntTrailZeros
                0x00000616                CPU_RevBits
 *(.text*)
 .text.init_data_bss
                0x0000061c       0xcc ./startup/startup.o
                0x0000061c                init_data_bss
 .text.SystemInit
                0x000006e8       0x3c ./startup/system_MK64F12.o
                0x000006e8                SystemInit
 .text.SIM_HAL_EnableClock
                0x00000724       0x3c ./src/main.o
 .text.CLOCK_HAL_SetTimeSrc
                0x00000760       0x3c ./src/main.o
 .text.CLOCK_SYS_SetEnetTimeStampSrc
                0x0000079c       0x24 ./src/main.o
 .text.CLOCK_SYS_EnableEnetClock
                0x000007c0       0x1c ./src/main.o
 .text.CLOCK_SYS_EnableSdhcClock
                0x000007dc       0x1c ./src/main.o
 .text.app_low_level_init
                0x000007f8       0x28 ./src/main.o
 .text.example_thread
                0x00000820       0x4c ./src/main.o
 .text.threads_init
                0x0000086c       0x7c ./src/main.o
                0x0000086c                threads_init
 .text.is_existed
                0x000008e8      0x144 ./src/main.o
                0x000008e8                is_existed
 .text.App_FS   0x00000a2c      0x2d8 ./src/main.o
                0x00000a2c                App_FS
 .text.App_TaskPeriodic
                0x00000d04       0x58 ./src/main.o
                0x00000d04                App_TaskPeriodic
 .text.main     0x00000d5c       0x50 ./src/main.o
                0x00000d5c                main
 .text.OSCfg_Init
                0x00000dac        0xc ./rtos/uCOSIII/src/uCOS-III/Source/os_cfg_app.o
                0x00000dac                OSCfg_Init
 .text.OSInit   0x00000db8      0x1d0 ./rtos/uCOSIII/src/uCOS-III/Source/os_core.o
                0x00000db8                OSInit
 .text.OSIntEnter
                0x00000f88       0x34 ./rtos/uCOSIII/src/uCOS-III/Source/os_core.o
                0x00000f88                OSIntEnter
 .text.OSIntExit
                0x00000fbc       0xc0 ./rtos/uCOSIII/src/uCOS-III/Source/os_core.o
                0x00000fbc                OSIntExit
 .text.OSSched  0x0000107c       0x94 ./rtos/uCOSIII/src/uCOS-III/Source/os_core.o
                0x0000107c                OSSched
 .text.OSSchedLock
                0x00001110       0x54 ./rtos/uCOSIII/src/uCOS-III/Source/os_core.o
                0x00001110                OSSchedLock
 .text.OSSchedUnlock
                0x00001164       0x70 ./rtos/uCOSIII/src/uCOS-III/Source/os_core.o
                0x00001164                OSSchedUnlock
 .text.OSSchedRoundRobinCfg
                0x000011d4       0x64 ./rtos/uCOSIII/src/uCOS-III/Source/os_core.o
                0x000011d4                OSSchedRoundRobinCfg
 .text.OSStart  0x00001238       0x80 ./rtos/uCOSIII/src/uCOS-III/Source/os_core.o
                0x00001238                OSStart
 .text.OS_IdleTask
                0x000012b8       0x34 ./rtos/uCOSIII/src/uCOS-III/Source/os_core.o
                0x000012b8                OS_IdleTask
 .text.OS_IdleTaskInit
                0x000012ec       0x68 ./rtos/uCOSIII/src/uCOS-III/Source/os_core.o
                0x000012ec                OS_IdleTaskInit
 .text.OS_Pend  0x00001354       0x74 ./rtos/uCOSIII/src/uCOS-III/Source/os_core.o
                0x00001354                OS_Pend
 .text.OS_PendDataInit
                0x000013c8       0x68 ./rtos/uCOSIII/src/uCOS-III/Source/os_core.o
                0x000013c8                OS_PendDataInit
 .text.OS_PendListChangePrio
                0x00001430       0x54 ./rtos/uCOSIII/src/uCOS-III/Source/os_core.o
                0x00001430                OS_PendListChangePrio
 .text.OS_PendListInit
                0x00001484       0x24 ./rtos/uCOSIII/src/uCOS-III/Source/os_core.o
                0x00001484                OS_PendListInit
 .text.OS_PendListInsertPrio
                0x000014a8       0xe4 ./rtos/uCOSIII/src/uCOS-III/Source/os_core.o
                0x000014a8                OS_PendListInsertPrio
 .text.OS_PendListRemove
                0x0000158c       0x50 ./rtos/uCOSIII/src/uCOS-III/Source/os_core.o
                0x0000158c                OS_PendListRemove
 .text.OS_PendListRemove1
                0x000015dc       0x94 ./rtos/uCOSIII/src/uCOS-III/Source/os_core.o
                0x000015dc                OS_PendListRemove1
 .text.OS_PendObjDel
                0x00001670       0xfc ./rtos/uCOSIII/src/uCOS-III/Source/os_core.o
                0x00001670                OS_PendObjDel
 .text.OS_PendObjDel1
                0x0000176c       0x50 ./rtos/uCOSIII/src/uCOS-III/Source/os_core.o
                0x0000176c                OS_PendObjDel1
 .text.OS_Post  0x000017bc      0x11c ./rtos/uCOSIII/src/uCOS-III/Source/os_core.o
                0x000017bc                OS_Post
 .text.OS_Post1
                0x000018d8       0x5c ./rtos/uCOSIII/src/uCOS-III/Source/os_core.o
                0x000018d8                OS_Post1
 .text.OS_RdyListInit
                0x00001934       0x48 ./rtos/uCOSIII/src/uCOS-III/Source/os_core.o
                0x00001934                OS_RdyListInit
 .text.OS_RdyListInsert
                0x0000197c       0x3c ./rtos/uCOSIII/src/uCOS-III/Source/os_core.o
                0x0000197c                OS_RdyListInsert
 .text.OS_RdyListInsertHead
                0x000019b8       0x80 ./rtos/uCOSIII/src/uCOS-III/Source/os_core.o
                0x000019b8                OS_RdyListInsertHead
 .text.OS_RdyListInsertTail
                0x00001a38       0x80 ./rtos/uCOSIII/src/uCOS-III/Source/os_core.o
                0x00001a38                OS_RdyListInsertTail
 .text.OS_RdyListMoveHeadToTail
                0x00001ab8       0x90 ./rtos/uCOSIII/src/uCOS-III/Source/os_core.o
                0x00001ab8                OS_RdyListMoveHeadToTail
 .text.OS_RdyListRemove
                0x00001b48       0xac ./rtos/uCOSIII/src/uCOS-III/Source/os_core.o
                0x00001b48                OS_RdyListRemove
 .text.OS_SchedRoundRobin
                0x00001bf4       0xb4 ./rtos/uCOSIII/src/uCOS-III/Source/os_core.o
                0x00001bf4                OS_SchedRoundRobin
 .text.OS_TaskBlock
                0x00001ca8       0x3c ./rtos/uCOSIII/src/uCOS-III/Source/os_core.o
                0x00001ca8                OS_TaskBlock
 .text.OS_FlagInit
                0x00001ce4       0x24 ./rtos/uCOSIII/src/uCOS-III/Source/os_flag.o
                0x00001ce4                OS_FlagInit
 .text.OSMemCreate
                0x00001d08       0x94 ./rtos/uCOSIII/src/uCOS-III/Source/os_mem.o
                0x00001d08                OSMemCreate
 .text.OSMemGet
                0x00001d9c       0x54 ./rtos/uCOSIII/src/uCOS-III/Source/os_mem.o
                0x00001d9c                OSMemGet
 .text.OSMemPut
                0x00001df0       0x54 ./rtos/uCOSIII/src/uCOS-III/Source/os_mem.o
                0x00001df0                OSMemPut
 .text.OS_MemInit
                0x00001e44       0x24 ./rtos/uCOSIII/src/uCOS-III/Source/os_mem.o
                0x00001e44                OS_MemInit
 .text.OS_MsgPoolInit
                0x00001e68       0xa4 ./rtos/uCOSIII/src/uCOS-III/Source/os_msg.o
                0x00001e68                OS_MsgPoolInit
 .text.OS_MsgQFreeAll
                0x00001f0c       0x70 ./rtos/uCOSIII/src/uCOS-III/Source/os_msg.o
                0x00001f0c                OS_MsgQFreeAll
 .text.OS_MsgQInit
                0x00001f7c       0x30 ./rtos/uCOSIII/src/uCOS-III/Source/os_msg.o
                0x00001f7c                OS_MsgQInit
 .text.OS_MsgQGet
                0x00001fac       0xc0 ./rtos/uCOSIII/src/uCOS-III/Source/os_msg.o
                0x00001fac                OS_MsgQGet
 .text.OS_MsgQPut
                0x0000206c       0xe4 ./rtos/uCOSIII/src/uCOS-III/Source/os_msg.o
                0x0000206c                OS_MsgQPut
 .text.OSMutexCreate
                0x00002150       0x5c ./rtos/uCOSIII/src/uCOS-III/Source/os_mutex.o
                0x00002150                OSMutexCreate
 .text.OSMutexDel
                0x000021ac      0x120 ./rtos/uCOSIII/src/uCOS-III/Source/os_mutex.o
                0x000021ac                OSMutexDel
 .text.OSMutexPend
                0x000022cc      0x1a4 ./rtos/uCOSIII/src/uCOS-III/Source/os_mutex.o
                0x000022cc                OSMutexPend
 .text.OSMutexPost
                0x00002470      0x148 ./rtos/uCOSIII/src/uCOS-III/Source/os_mutex.o
                0x00002470                OSMutexPost
 .text.OS_MutexClr
                0x000025b8       0x3c ./rtos/uCOSIII/src/uCOS-III/Source/os_mutex.o
                0x000025b8                OS_MutexClr
 .text.OS_MutexInit
                0x000025f4       0x24 ./rtos/uCOSIII/src/uCOS-III/Source/os_mutex.o
                0x000025f4                OS_MutexInit
 .text.OS_MutexGrpAdd
                0x00002618       0x24 ./rtos/uCOSIII/src/uCOS-III/Source/os_mutex.o
                0x00002618                OS_MutexGrpAdd
 .text.OS_MutexGrpRemove
                0x0000263c       0x38 ./rtos/uCOSIII/src/uCOS-III/Source/os_mutex.o
                0x0000263c                OS_MutexGrpRemove
 .text.OS_MutexGrpPrioFindHighest
                0x00002674       0x58 ./rtos/uCOSIII/src/uCOS-III/Source/os_mutex.o
                0x00002674                OS_MutexGrpPrioFindHighest
 .text.OS_MutexGrpPostAll
                0x000026cc       0x80 ./rtos/uCOSIII/src/uCOS-III/Source/os_mutex.o
                0x000026cc                OS_MutexGrpPostAll
 .text.OS_PrioInit
                0x0000274c       0x30 ./rtos/uCOSIII/src/uCOS-III/Source/os_prio.o
                0x0000274c                OS_PrioInit
 .text.OS_PrioGetHighest
                0x0000277c       0x48 ./rtos/uCOSIII/src/uCOS-III/Source/os_prio.o
                0x0000277c                OS_PrioGetHighest
 .text.OS_PrioInsert
                0x000027c4       0x4c ./rtos/uCOSIII/src/uCOS-III/Source/os_prio.o
                0x000027c4                OS_PrioInsert
 .text.OS_PrioRemove
                0x00002810       0x50 ./rtos/uCOSIII/src/uCOS-III/Source/os_prio.o
                0x00002810                OS_PrioRemove
 .text.OSQCreate
                0x00002860       0x58 ./rtos/uCOSIII/src/uCOS-III/Source/os_q.o
                0x00002860                OSQCreate
 .text.OSQDel   0x000028b8       0xc8 ./rtos/uCOSIII/src/uCOS-III/Source/os_q.o
                0x000028b8                OSQDel
 .text.OSQPend  0x00002980      0x170 ./rtos/uCOSIII/src/uCOS-III/Source/os_q.o
                0x00002980                OSQPend
 .text.OSQPost  0x00002af0       0x2c ./rtos/uCOSIII/src/uCOS-III/Source/os_q.o
                0x00002af0                OSQPost
 .text.OS_QClr  0x00002b1c       0x38 ./rtos/uCOSIII/src/uCOS-III/Source/os_q.o
                0x00002b1c                OS_QClr
 .text.OS_QInit
                0x00002b54       0x24 ./rtos/uCOSIII/src/uCOS-III/Source/os_q.o
                0x00002b54                OS_QInit
 .text.OS_QPost
                0x00002b78       0xbc ./rtos/uCOSIII/src/uCOS-III/Source/os_q.o
                0x00002b78                OS_QPost
 .text.OSSemCreate
                0x00002c34       0x54 ./rtos/uCOSIII/src/uCOS-III/Source/os_sem.o
                0x00002c34                OSSemCreate
 .text.OSSemDel
                0x00002c88       0xc8 ./rtos/uCOSIII/src/uCOS-III/Source/os_sem.o
                0x00002c88                OSSemDel
 .text.OSSemPend
                0x00002d50      0x158 ./rtos/uCOSIII/src/uCOS-III/Source/os_sem.o
                0x00002d50                OSSemPend
 .text.OSSemPost
                0x00002ea8       0x2c ./rtos/uCOSIII/src/uCOS-III/Source/os_sem.o
                0x00002ea8                OSSemPost
 .text.OS_SemClr
                0x00002ed4       0x30 ./rtos/uCOSIII/src/uCOS-III/Source/os_sem.o
                0x00002ed4                OS_SemClr
 .text.OS_SemInit
                0x00002f04       0x24 ./rtos/uCOSIII/src/uCOS-III/Source/os_sem.o
                0x00002f04                OS_SemInit
 .text.OS_SemPost
                0x00002f28       0xd4 ./rtos/uCOSIII/src/uCOS-III/Source/os_sem.o
                0x00002f28                OS_SemPost
 .text.OSStatReset
                0x00002ffc       0x4c ./rtos/uCOSIII/src/uCOS-III/Source/os_stat.o
                0x00002ffc                OSStatReset
 .text.OS_StatTask
                0x00003048      0x1b0 ./rtos/uCOSIII/src/uCOS-III/Source/os_stat.o
                0x00003048                OS_StatTask
 .text.OS_StatTaskInit
                0x000031f8       0xd4 ./rtos/uCOSIII/src/uCOS-III/Source/os_stat.o
                0x000031f8                OS_StatTaskInit
 .text.OSTaskCreate
                0x000032cc      0x16c ./rtos/uCOSIII/src/uCOS-III/Source/os_task.o
                0x000032cc                OSTaskCreate
 .text.OSTaskDel
                0x00003438      0x1ac ./rtos/uCOSIII/src/uCOS-III/Source/os_task.o
                0x00003438                OSTaskDel
 .text.OSTaskSemPend
                0x000035e4      0x190 ./rtos/uCOSIII/src/uCOS-III/Source/os_task.o
                0x000035e4                OSTaskSemPend
 .text.OSTaskSemPost
                0x00003774       0x2c ./rtos/uCOSIII/src/uCOS-III/Source/os_task.o
                0x00003774                OSTaskSemPost
 .text.OS_TaskInit
                0x000037a0       0x2c ./rtos/uCOSIII/src/uCOS-III/Source/os_task.o
                0x000037a0                OS_TaskInit
 .text.OS_TaskInitTCB
                0x000037cc      0x164 ./rtos/uCOSIII/src/uCOS-III/Source/os_task.o
                0x000037cc                OS_TaskInitTCB
 .text.OS_TaskReturn
                0x00003930       0x24 ./rtos/uCOSIII/src/uCOS-III/Source/os_task.o
                0x00003930                OS_TaskReturn
 .text.OS_TaskSemPost
                0x00003954      0x114 ./rtos/uCOSIII/src/uCOS-III/Source/os_task.o
                0x00003954                OS_TaskSemPost
 .text.OS_TaskChangePrio
                0x00003a68      0x144 ./rtos/uCOSIII/src/uCOS-III/Source/os_task.o
                0x00003a68                OS_TaskChangePrio
 .text.OS_TickTask
                0x00003bac       0x60 ./rtos/uCOSIII/src/uCOS-III/Source/os_tick.o
                0x00003bac                OS_TickTask
 .text.OS_TickTaskInit
                0x00003c0c       0xc0 ./rtos/uCOSIII/src/uCOS-III/Source/os_tick.o
                0x00003c0c                OS_TickTaskInit
 .text.OS_TickListInsert
                0x00003ccc      0x104 ./rtos/uCOSIII/src/uCOS-III/Source/os_tick.o
                0x00003ccc                OS_TickListInsert
 .text.OS_TickListInsertDly
                0x00003dd0      0x108 ./rtos/uCOSIII/src/uCOS-III/Source/os_tick.o
                0x00003dd0                OS_TickListInsertDly
 .text.OS_TickListRemove
                0x00003ed8       0xac ./rtos/uCOSIII/src/uCOS-III/Source/os_tick.o
                0x00003ed8                OS_TickListRemove
 .text.OS_TickListResetPeak
                0x00003f84        0xc ./rtos/uCOSIII/src/uCOS-III/Source/os_tick.o
                0x00003f84                OS_TickListResetPeak
 .text.OS_TickListUpdateDly
                0x00003f90       0x94 ./rtos/uCOSIII/src/uCOS-III/Source/os_tick.o
 .text.OS_TickListUpdateTimeout
                0x00004024      0x12c ./rtos/uCOSIII/src/uCOS-III/Source/os_tick.o
 .text.OSTimeDly
                0x00004150       0xb8 ./rtos/uCOSIII/src/uCOS-III/Source/os_time.o
                0x00004150                OSTimeDly
 .text.OSTimeDlyHMSM
                0x00004208      0x138 ./rtos/uCOSIII/src/uCOS-III/Source/os_time.o
                0x00004208                OSTimeDlyHMSM
 .text.OSTimeGet
                0x00004340       0x2c ./rtos/uCOSIII/src/uCOS-III/Source/os_time.o
                0x00004340                OSTimeGet
 .text.OSTimeTick
                0x0000436c       0x74 ./rtos/uCOSIII/src/uCOS-III/Source/os_time.o
                0x0000436c                OSTimeTick
 .text.OS_TmrInit
                0x000043e0      0x12c ./rtos/uCOSIII/src/uCOS-III/Source/os_tmr.o
                0x000043e0                OS_TmrInit
 .text.OS_TmrResetPeak
                0x0000450c        0xc ./rtos/uCOSIII/src/uCOS-III/Source/os_tmr.o
                0x0000450c                OS_TmrResetPeak
 .text.OS_TmrUnlink
                0x00004518       0x7c ./rtos/uCOSIII/src/uCOS-III/Source/os_tmr.o
                0x00004518                OS_TmrUnlink
 .text.OS_TmrTask
                0x00004594       0xcc ./rtos/uCOSIII/src/uCOS-III/Source/os_tmr.o
                0x00004594                OS_TmrTask
 .text.OS_TmrLock
                0x00004660       0x20 ./rtos/uCOSIII/src/uCOS-III/Source/os_tmr.o
 .text.OS_TmrUnlock
                0x00004680       0x1c ./rtos/uCOSIII/src/uCOS-III/Source/os_tmr.o
 .text.OSIdleTaskHook
                0x0000469c       0x18 ./rtos/uCOSIII/src/uCOS-III/Ports/ARM-Cortex-M4/Generic/GNU/os_cpu_c.o
                0x0000469c                OSIdleTaskHook
 .text.OSInitHook
                0x000046b4       0x38 ./rtos/uCOSIII/src/uCOS-III/Ports/ARM-Cortex-M4/Generic/GNU/os_cpu_c.o
                0x000046b4                OSInitHook
 .text.OSStatTaskHook
                0x000046ec       0x18 ./rtos/uCOSIII/src/uCOS-III/Ports/ARM-Cortex-M4/Generic/GNU/os_cpu_c.o
                0x000046ec                OSStatTaskHook
 .text.OSTaskCreateHook
                0x00004704       0x24 ./rtos/uCOSIII/src/uCOS-III/Ports/ARM-Cortex-M4/Generic/GNU/os_cpu_c.o
                0x00004704                OSTaskCreateHook
 .text.OSTaskDelHook
                0x00004728       0x24 ./rtos/uCOSIII/src/uCOS-III/Ports/ARM-Cortex-M4/Generic/GNU/os_cpu_c.o
                0x00004728                OSTaskDelHook
 .text.OSTaskReturnHook
                0x0000474c       0x24 ./rtos/uCOSIII/src/uCOS-III/Ports/ARM-Cortex-M4/Generic/GNU/os_cpu_c.o
                0x0000474c                OSTaskReturnHook
 .text.OSTaskStkInit
                0x00004770      0x34c ./rtos/uCOSIII/src/uCOS-III/Ports/ARM-Cortex-M4/Generic/GNU/os_cpu_c.o
                0x00004770                OSTaskStkInit
 .text.OSTaskSwHook
                0x00004abc       0xa4 ./rtos/uCOSIII/src/uCOS-III/Ports/ARM-Cortex-M4/Generic/GNU/os_cpu_c.o
                0x00004abc                OSTaskSwHook
 .text.OSTimeTickHook
                0x00004b60       0x18 ./rtos/uCOSIII/src/uCOS-III/Ports/ARM-Cortex-M4/Generic/GNU/os_cpu_c.o
                0x00004b60                OSTimeTickHook
 .text.SysTick_Handler
                0x00004b78       0x1c ./rtos/uCOSIII/src/uCOS-III/Ports/ARM-Cortex-M4/Generic/GNU/os_cpu_c.o
                0x00004b78                SysTick_Handler
 .text.OS_CPU_SysTickInit
                0x00004b94       0x54 ./rtos/uCOSIII/src/uCOS-III/Ports/ARM-Cortex-M4/Generic/GNU/os_cpu_c.o
                0x00004b94                OS_CPU_SysTickInit
 .text.UART_HAL_EnableTransmitter
                0x00004be8       0x24 ./platform/utilities/src/fsl_debug_console.o
 .text.UART_HAL_EnableReceiver
                0x00004c0c       0x24 ./platform/utilities/src/fsl_debug_console.o
 .text.UART_HAL_SetBitCountPerChar
                0x00004c30       0x28 ./platform/utilities/src/fsl_debug_console.o
 .text.UART_HAL_SetStopBitCount
                0x00004c58       0x24 ./platform/utilities/src/fsl_debug_console.o
 .text.DbgConsole_Init
                0x00004c7c       0xc8 ./platform/utilities/src/fsl_debug_console.o
                0x00004c7c                DbgConsole_Init
 .text._write   0x00004d44       0x58 ./platform/utilities/src/fsl_debug_console.o
                0x00004d44                _write
 .text._read    0x00004d9c       0x44 ./platform/utilities/src/fsl_debug_console.o
                0x00004d9c                _read
 .text.debug_printf
                0x00004de0       0x48 ./platform/utilities/src/fsl_debug_console.o
                0x00004de0                debug_printf
 .text.debug_putc
                0x00004e28       0x40 ./platform/utilities/src/fsl_debug_console.o
 .text._sbrk    0x00004e68       0x5c ./platform/utilities/src/fsl_misc_utilities.o
                0x00004e68                _sbrk
 .text.assert_func
                0x00004ec4       0x24 ./platform/utilities/src/fsl_misc_utilities.o
                0x00004ec4                assert_func
 .text._doprint
                0x00004ee8      0x754 ./platform/utilities/src/print_scan.o
                0x00004ee8                _doprint
 .text.mknumstr
                0x0000563c      0x110 ./platform/utilities/src/print_scan.o
 .text.fput_pad
                0x0000574c       0x40 ./platform/utilities/src/print_scan.o
 .text.SDCARD_DRV_DelayMsec
                0x0000578c       0x48 ./platform/composite/src/sdcard/fsl_sdhc_card.o
 .text.SDCARD_DRV_DecodeCsd
                0x000057d4      0x36c ./platform/composite/src/sdcard/fsl_sdhc_card.o
 .text.SDCARD_DRV_DecodeCid
                0x00005b40       0xf8 ./platform/composite/src/sdcard/fsl_sdhc_card.o
 .text.SDCARD_DRV_SendApplicationCmd
                0x00005c38      0x104 ./platform/composite/src/sdcard/fsl_sdhc_card.o
 .text.SDCARD_DRV_AllSendCid
                0x00005d3c       0xdc ./platform/composite/src/sdcard/fsl_sdhc_card.o
 .text.SDCARD_DRV_SendRca
                0x00005e18       0xc8 ./platform/composite/src/sdcard/fsl_sdhc_card.o
 .text.SDCARD_DRV_SendCsd
                0x00005ee0       0xe0 ./platform/composite/src/sdcard/fsl_sdhc_card.o
 .text.SDCARD_DRV_SelectCard
                0x00005fc0       0xd8 ./platform/composite/src/sdcard/fsl_sdhc_card.o
 .text.SDCARD_DRV_SetBlockSize
                0x00006098       0xc0 ./platform/composite/src/sdcard/fsl_sdhc_card.o
 .text.SDCARD_DRV_Switch
                0x00006158      0x14c ./platform/composite/src/sdcard/fsl_sdhc_card.o
 .text.SDCARD_DRV_DecodeScr
                0x000062a4      0x148 ./platform/composite/src/sdcard/fsl_sdhc_card.o
 .text.SDCARD_DRV_SendScr
                0x000063ec      0x160 ./platform/composite/src/sdcard/fsl_sdhc_card.o
 .text.SDCARD_DRV_SwitchHighspeed
                0x0000654c       0xf0 ./platform/composite/src/sdcard/fsl_sdhc_card.o
 .text.SDCARD_DRV_SetBusWidth
                0x0000663c       0xe8 ./platform/composite/src/sdcard/fsl_sdhc_card.o
 .text.SDCARD_DRV_InitSd
                0x00006724      0x14c ./platform/composite/src/sdcard/fsl_sdhc_card.o
 .text.SDCARD_DRV_AppSendOpCond
                0x00006870      0x130 ./platform/composite/src/sdcard/fsl_sdhc_card.o
 .text.SDCARD_DRV_GoIdle
                0x000069a0       0xac ./platform/composite/src/sdcard/fsl_sdhc_card.o
 .text.SDCARD_DRV_SendIfCond
                0x00006a4c       0xd8 ./platform/composite/src/sdcard/fsl_sdhc_card.o
 .text.SDCARD_DRV_Read
                0x00006b24      0x1c4 ./platform/composite/src/sdcard/fsl_sdhc_card.o
 .text.SDCARD_DRV_Write
                0x00006ce8      0x1c0 ./platform/composite/src/sdcard/fsl_sdhc_card.o
 .text.SDCARD_DRV_Init
                0x00006ea8       0xfc ./platform/composite/src/sdcard/fsl_sdhc_card.o
                0x00006ea8                SDCARD_DRV_Init
 .text.SDCARD_DRV_WriteBlocks
                0x00006fa4       0xf0 ./platform/composite/src/sdcard/fsl_sdhc_card.o
                0x00006fa4                SDCARD_DRV_WriteBlocks
 .text.SDCARD_DRV_ReadBlocks
                0x00007094       0xf0 ./platform/composite/src/sdcard/fsl_sdhc_card.o
                0x00007094                SDCARD_DRV_ReadBlocks
 .text.str_split
                0x00007184      0x138 ./network/Network.o
                0x00007184                str_split
 .text.Net_ModuleInitHw
                0x000072bc       0x20 ./network/Network.o
                0x000072bc                Net_ModuleInitHw
 .text.Net_TCPServerStart
                0x000072dc       0x28 ./network/Network.o
                0x000072dc                Net_TCPServerStart
 .text.Net_Is_Up
                0x00007304       0x24 ./network/Network.o
                0x00007304                Net_Is_Up
 .text.Net_TCPServerSetCallback
                0x00007328       0x28 ./network/Network.o
                0x00007328                Net_TCPServerSetCallback
 .text.Net_FTPClientStart
                0x00007350       0x34 ./network/Network.o
                0x00007350                Net_FTPClientStart
 .text.Net_FTPClientSendFile
                0x00007384      0x23c ./network/Network.o
                0x00007384                Net_FTPClientSendFile
 .text.lwftp_reconnect
                0x000075c0       0x98 ./network/Network_LWFTP.o
 .text.lwftp_receive_ctrl_data
                0x00007658       0x7c ./network/Network_LWFTP.o
 .text.lwftp_connect
                0x000076d4      0x1f0 ./network/Network_LWFTP.o
 .text.Network_LWFTP_Start
                0x000078c4       0x44 ./network/Network_LWFTP.o
                0x000078c4                Network_LWFTP_Start
 .text.Network_LWFTP_SendFile
                0x00007908      0x464 ./network/Network_LWFTP.o
                0x00007908                Network_LWFTP_SendFile
 .text.Network_LWFTP_Disconnect
                0x00007d6c       0x28 ./network/Network_LWFTP.o
                0x00007d6c                Network_LWFTP_Disconnect
 .text.Network_LWFTP_MKD
                0x00007d94      0x32c ./network/Network_LWFTP.o
                0x00007d94                Network_LWFTP_MKD
 .text.Network_LWFTP_CWD
                0x000080c0      0x120 ./network/Network_LWFTP.o
                0x000080c0                Network_LWFTP_CWD
 .text.print_dhcp_state
                0x000081e0      0x1c4 ./network/Network_LWIP.o
 .text.dhcp_client_thread
                0x000083a4      0x100 ./network/Network_LWIP.o
 .text.lwip_netif_changed_callback
                0x000084a4       0x18 ./network/Network_LWIP.o
 .text.lwip_netif_link_changed_callback
                0x000084bc       0x18 ./network/Network_LWIP.o
 .text.Network_LWIP_DHCP_Init
                0x000084d4       0x98 ./network/Network_LWIP.o
                0x000084d4                Network_LWIP_DHCP_Init
 .text.Network_LWIP_Is_DHCP_Bound
                0x0000856c       0x30 ./network/Network_LWIP.o
                0x0000856c                Network_LWIP_Is_DHCP_Bound
 .text.Network_LWIP_Is_Up
                0x0000859c       0x40 ./network/Network_LWIP.o
                0x0000859c                Network_LWIP_Is_Up
 .text.Network_LWTCP_Set_Callback
                0x000085dc       0x20 ./network/Network_LWTCP.o
                0x000085dc                Network_LWTCP_Set_Callback
 .text.lwtcp_create_thread
                0x000085fc       0x5c ./network/Network_LWTCP.o
 .text.tcp_connected_client_thread
                0x00008658       0xf0 ./network/Network_LWTCP.o
                0x00008658                tcp_connected_client_thread
 .text.tcp_server_thread
                0x00008748      0x2c0 ./network/Network_LWTCP.o
 .text.Network_LWTCPServer_Start
                0x00008a08      0x144 ./network/Network_LWTCP.o
                0x00008a08                Network_LWTCPServer_Start
 .text.Network_LWTCP_Send
                0x00008b4c       0x20 ./network/Network_LWTCP.o
                0x00008b4c                Network_LWTCP_Send
 .text.Network_LWTCP_Receive
                0x00008b6c       0x24 ./network/Network_LWTCP.o
                0x00008b6c                Network_LWTCP_Receive
 .text.Net_TestFTP
                0x00008b90       0xe0 ./network/Network_Test.o
                0x00008b90                Net_TestFTP
 .text.Net_LWIP_Echo_ClientCallback
                0x00008c70       0x60 ./network/Network_Test.o
                0x00008c70                Net_LWIP_Echo_ClientCallback
 .text.Net_TestTCPServer
                0x00008cd0       0x2c ./network/Network_Test.o
                0x00008cd0                Net_TestTCPServer
 .text.ENET_HAL_GetSMIData
                0x00008cfc       0x1c ./network/fsl_phy_driver.o
 .text.ENET_HAL_ClearIntStatusFlag
                0x00008d18       0x1c ./network/fsl_phy_driver.o
 .text.ENET_HAL_GetIntStatusFlag
                0x00008d34       0x28 ./network/fsl_phy_driver.o
 .text.PHY_DRV_Write
                0x00008d5c       0xe4 ./network/fsl_phy_driver.o
                0x00008d5c                PHY_DRV_Write
 .text.PHY_DRV_Read
                0x00008e40       0xf4 ./network/fsl_phy_driver.o
                0x00008e40                PHY_DRV_Read
 .text.PHY_DRV_Init
                0x00008f34      0x124 ./network/fsl_phy_driver.o
                0x00008f34                PHY_DRV_Init
 .text.PHY_DRV_Autodiscover
                0x00009058       0x68 ./network/fsl_phy_driver.o
                0x00009058                PHY_DRV_Autodiscover
 .text.PHY_DRV_GetLinkSpeed
                0x000090c0       0x60 ./network/fsl_phy_driver.o
                0x000090c0                PHY_DRV_GetLinkSpeed
 .text.PHY_DRV_GetLinkStatus
                0x00009120       0x7c ./network/fsl_phy_driver.o
                0x00009120                PHY_DRV_GetLinkStatus
 .text.PHY_DRV_GetLinkDuplex
                0x0000919c       0x60 ./network/fsl_phy_driver.o
                0x0000919c                PHY_DRV_GetLinkDuplex
 .text.etharp_free_entry
                0x000091fc      0x114 ./lwip/src/netif/etharp.o
 .text.etharp_tmr
                0x00009310       0xdc ./lwip/src/netif/etharp.o
                0x00009310                etharp_tmr
 .text.etharp_find_entry
                0x000093ec      0x258 ./lwip/src/netif/etharp.o
 .text.etharp_send_ip
                0x00009644       0x64 ./lwip/src/netif/etharp.o
 .text.etharp_update_arp_entry
                0x000096a8      0x134 ./lwip/src/netif/etharp.o
 .text.etharp_cleanup_netif
                0x000097dc       0x60 ./lwip/src/netif/etharp.o
                0x000097dc                etharp_cleanup_netif
 .text.etharp_arp_input
                0x0000983c      0x1b8 ./lwip/src/netif/etharp.o
 .text.etharp_output_to_arp_index
                0x000099f4       0xc0 ./lwip/src/netif/etharp.o
 .text.etharp_output
                0x00009ab4      0x1bc ./lwip/src/netif/etharp.o
                0x00009ab4                etharp_output
 .text.etharp_query
                0x00009c70      0x25c ./lwip/src/netif/etharp.o
                0x00009c70                etharp_query
 .text.etharp_raw
                0x00009ecc      0x12c ./lwip/src/netif/etharp.o
 .text.etharp_request
                0x00009ff8       0x44 ./lwip/src/netif/etharp.o
                0x00009ff8                etharp_request
 .text.ethernet_input
                0x0000a03c      0x104 ./lwip/src/netif/etharp.o
                0x0000a03c                ethernet_input
 .text.icmp_input
                0x0000a140      0x248 ./lwip/src/core/ipv4/icmp.o
                0x0000a140                icmp_input
 .text.icmp_dest_unreach
                0x0000a388       0x20 ./lwip/src/core/ipv4/icmp.o
                0x0000a388                icmp_dest_unreach
 .text.icmp_time_exceeded
                0x0000a3a8       0x20 ./lwip/src/core/ipv4/icmp.o
                0x0000a3a8                icmp_time_exceeded
 .text.icmp_send_response
                0x0000a3c8       0xc0 ./lwip/src/core/ipv4/icmp.o
 .text.lwip_standard_chksum
                0x0000a488       0xb8 ./lwip/src/core/ipv4/inet_chksum.o
 .text.inet_chksum_pseudo
                0x0000a540      0x10c ./lwip/src/core/ipv4/inet_chksum.o
                0x0000a540                inet_chksum_pseudo
 .text.inet_chksum
                0x0000a64c       0x24 ./lwip/src/core/ipv4/inet_chksum.o
                0x0000a64c                inet_chksum
 .text.inet_chksum_pbuf
                0x0000a670       0x98 ./lwip/src/core/ipv4/inet_chksum.o
                0x0000a670                inet_chksum_pbuf
 .text.ip_route
                0x0000a708       0x78 ./lwip/src/core/ipv4/ip.o
                0x0000a708                ip_route
 .text.ip_input
                0x0000a780      0x25c ./lwip/src/core/ipv4/ip.o
                0x0000a780                ip_input
 .text.ip_output_if
                0x0000a9dc      0x1c4 ./lwip/src/core/ipv4/ip.o
                0x0000a9dc                ip_output_if
 .text.ip_output
                0x0000aba0       0x5c ./lwip/src/core/ipv4/ip.o
                0x0000aba0                ip_output
 .text.ip4_addr_isbroadcast
                0x0000abfc       0x78 ./lwip/src/core/ipv4/ip_addr.o
                0x0000abfc                ip4_addr_isbroadcast
 .text.ipaddr_addr
                0x0000ac74       0x2c ./lwip/src/core/ipv4/ip_addr.o
                0x0000ac74                ipaddr_addr
 .text.ipaddr_aton
                0x0000aca0      0x240 ./lwip/src/core/ipv4/ip_addr.o
                0x0000aca0                ipaddr_aton
 .text.ip_reass_tmr
                0x0000aee0       0x54 ./lwip/src/core/ipv4/ip_frag.o
                0x0000aee0                ip_reass_tmr
 .text.ip_reass_free_complete_datagram
                0x0000af34      0x128 ./lwip/src/core/ipv4/ip_frag.o
 .text.ip_reass_remove_oldest_datagram
                0x0000b05c       0xb8 ./lwip/src/core/ipv4/ip_frag.o
 .text.ip_reass_enqueue_new_datagram
                0x0000b114       0x80 ./lwip/src/core/ipv4/ip_frag.o
 .text.ip_reass_dequeue_datagram
                0x0000b194       0x48 ./lwip/src/core/ipv4/ip_frag.o
 .text.ip_reass_chain_frag_into_datagram_and_validate
                0x0000b1dc      0x26c ./lwip/src/core/ipv4/ip_frag.o
 .text.ip_reass
                0x0000b448      0x23c ./lwip/src/core/ipv4/ip_frag.o
                0x0000b448                ip_reass
 .text.ip_frag_alloc_pbuf_custom_ref
                0x0000b684       0x18 ./lwip/src/core/ipv4/ip_frag.o
 .text.ip_frag_free_pbuf_custom_ref
                0x0000b69c       0x24 ./lwip/src/core/ipv4/ip_frag.o
 .text.ipfrag_free_pbuf_custom
                0x0000b6c0       0x4c ./lwip/src/core/ipv4/ip_frag.o
 .text.ip_frag  0x0000b70c      0x20c ./lwip/src/core/ipv4/ip_frag.o
                0x0000b70c                ip_frag
 .text.lwip_htons
                0x0000b918       0x2c ./lwip/src/core/def.o
                0x0000b918                lwip_htons
 .text.lwip_ntohs
                0x0000b944       0x1c ./lwip/src/core/def.o
                0x0000b944                lwip_ntohs
 .text.lwip_htonl
                0x0000b960       0x34 ./lwip/src/core/def.o
                0x0000b960                lwip_htonl
 .text.lwip_ntohl
                0x0000b994       0x18 ./lwip/src/core/def.o
                0x0000b994                lwip_ntohl
 .text.dhcp_handle_nak
                0x0000b9ac       0x44 ./lwip/src/core/dhcp.o
 .text.dhcp_check
                0x0000b9f0       0x5c ./lwip/src/core/dhcp.o
 .text.dhcp_handle_offer
                0x0000ba4c       0x44 ./lwip/src/core/dhcp.o
 .text.dhcp_select
                0x0000ba90      0x138 ./lwip/src/core/dhcp.o
 .text.dhcp_coarse_tmr
                0x0000bbc8       0x5c ./lwip/src/core/dhcp.o
                0x0000bbc8                dhcp_coarse_tmr
 .text.dhcp_fine_tmr
                0x0000bc24       0x60 ./lwip/src/core/dhcp.o
                0x0000bc24                dhcp_fine_tmr
 .text.dhcp_timeout
                0x0000bc84       0xc8 ./lwip/src/core/dhcp.o
 .text.dhcp_t1_timeout
                0x0000bd4c       0x34 ./lwip/src/core/dhcp.o
 .text.dhcp_t2_timeout
                0x0000bd80       0x34 ./lwip/src/core/dhcp.o
 .text.dhcp_handle_ack
                0x0000bdb4       0xb8 ./lwip/src/core/dhcp.o
 .text.dhcp_start
                0x0000be6c      0x14c ./lwip/src/core/dhcp.o
                0x0000be6c                dhcp_start
 .text.dhcp_arp_reply
                0x0000bfb8       0x48 ./lwip/src/core/dhcp.o
                0x0000bfb8                dhcp_arp_reply
 .text.dhcp_decline
                0x0000c000       0xc4 ./lwip/src/core/dhcp.o
 .text.dhcp_discover
                0x0000c0c4      0x104 ./lwip/src/core/dhcp.o
 .text.dhcp_bind
                0x0000c1c8      0x160 ./lwip/src/core/dhcp.o
 .text.dhcp_renew
                0x0000c328       0xd4 ./lwip/src/core/dhcp.o
                0x0000c328                dhcp_renew
 .text.dhcp_rebind
                0x0000c3fc       0xd4 ./lwip/src/core/dhcp.o
 .text.dhcp_reboot
                0x0000c4d0       0xf0 ./lwip/src/core/dhcp.o
 .text.dhcp_release
                0x0000c5c0      0x110 ./lwip/src/core/dhcp.o
                0x0000c5c0                dhcp_release
 .text.dhcp_stop
                0x0000c6d0       0x70 ./lwip/src/core/dhcp.o
                0x0000c6d0                dhcp_stop
 .text.dhcp_set_state
                0x0000c740       0x34 ./lwip/src/core/dhcp.o
 .text.dhcp_option
                0x0000c774       0x60 ./lwip/src/core/dhcp.o
 .text.dhcp_option_byte
                0x0000c7d4       0x3c ./lwip/src/core/dhcp.o
 .text.dhcp_option_short
                0x0000c810       0x60 ./lwip/src/core/dhcp.o
 .text.dhcp_option_long
                0x0000c870       0x9c ./lwip/src/core/dhcp.o
 .text.dhcp_parse_reply
                0x0000c90c      0x4b0 ./lwip/src/core/dhcp.o
 .text.dhcp_recv
                0x0000cdbc      0x154 ./lwip/src/core/dhcp.o
 .text.dhcp_create_msg
                0x0000cf10      0x26c ./lwip/src/core/dhcp.o
 .text.dhcp_delete_msg
                0x0000d17c       0x64 ./lwip/src/core/dhcp.o
 .text.dhcp_option_trailer
                0x0000d1e0       0x94 ./lwip/src/core/dhcp.o
 .text.lwip_init
                0x0000d274       0x20 ./lwip/src/core/init.o
                0x0000d274                lwip_init
 .text.tcpip_tcp_timer
                0x0000d294       0x44 ./lwip/src/core/lwip_timers.o
 .text.tcp_timer_needed
                0x0000d2d8       0x40 ./lwip/src/core/lwip_timers.o
                0x0000d2d8                tcp_timer_needed
 .text.ip_reass_timer
                0x0000d318       0x24 ./lwip/src/core/lwip_timers.o
 .text.arp_timer
                0x0000d33c       0x24 ./lwip/src/core/lwip_timers.o
 .text.dhcp_timer_coarse
                0x0000d360       0x24 ./lwip/src/core/lwip_timers.o
 .text.dhcp_timer_fine
                0x0000d384       0x24 ./lwip/src/core/lwip_timers.o
 .text.sys_timeouts_init
                0x0000d3a8       0x54 ./lwip/src/core/lwip_timers.o
                0x0000d3a8                sys_timeouts_init
 .text.sys_timeout
                0x0000d3fc       0xf8 ./lwip/src/core/lwip_timers.o
                0x0000d3fc                sys_timeout
 .text.sys_untimeout
                0x0000d4f4       0x8c ./lwip/src/core/lwip_timers.o
                0x0000d4f4                sys_untimeout
 .text.sys_timeouts_mbox_fetch
                0x0000d580       0xac ./lwip/src/core/lwip_timers.o
                0x0000d580                sys_timeouts_mbox_fetch
 .text.netif_init
                0x0000d62c        0xc ./lwip/src/core/netif.o
                0x0000d62c                netif_init
 .text.netif_add
                0x0000d638       0xa4 ./lwip/src/core/netif.o
                0x0000d638                netif_add
 .text.netif_set_addr
                0x0000d6dc       0x2c ./lwip/src/core/netif.o
                0x0000d6dc                netif_set_addr
 .text.netif_set_ipaddr
                0x0000d708       0xb0 ./lwip/src/core/netif.o
                0x0000d708                netif_set_ipaddr
 .text.netif_set_gw
                0x0000d7b8       0x28 ./lwip/src/core/netif.o
                0x0000d7b8                netif_set_gw
 .text.netif_set_netmask
                0x0000d7e0       0x28 ./lwip/src/core/netif.o
                0x0000d7e0                netif_set_netmask
 .text.netif_set_default
                0x0000d808       0x1c ./lwip/src/core/netif.o
                0x0000d808                netif_set_default
 .text.netif_set_up
                0x0000d824       0x68 ./lwip/src/core/netif.o
                0x0000d824                netif_set_up
 .text.netif_set_down
                0x0000d88c       0x54 ./lwip/src/core/netif.o
                0x0000d88c                netif_set_down
 .text.netif_set_status_callback
                0x0000d8e0       0x20 ./lwip/src/core/netif.o
                0x0000d8e0                netif_set_status_callback
 .text.netif_set_link_callback
                0x0000d900       0x20 ./lwip/src/core/netif.o
                0x0000d900                netif_set_link_callback
 .text.pbuf_free_ooseq
                0x0000d920       0x54 ./lwip/src/core/pbuf.o
 .text.pbuf_free_ooseq_callback
                0x0000d974       0x14 ./lwip/src/core/pbuf.o
 .text.pbuf_pool_is_empty
                0x0000d988       0x54 ./lwip/src/core/pbuf.o
 .text.pbuf_alloc
                0x0000d9dc      0x2c0 ./lwip/src/core/pbuf.o
                0x0000d9dc                pbuf_alloc
 .text.pbuf_alloced_custom
                0x0000dc9c       0xbc ./lwip/src/core/pbuf.o
                0x0000dc9c                pbuf_alloced_custom
 .text.pbuf_realloc
                0x0000dd58      0x104 ./lwip/src/core/pbuf.o
                0x0000dd58                pbuf_realloc
 .text.pbuf_header
                0x0000de5c      0x100 ./lwip/src/core/pbuf.o
                0x0000de5c                pbuf_header
 .text.pbuf_free
                0x0000df5c      0x108 ./lwip/src/core/pbuf.o
                0x0000df5c                pbuf_free
 .text.pbuf_clen
                0x0000e064       0x30 ./lwip/src/core/pbuf.o
                0x0000e064                pbuf_clen
 .text.pbuf_ref
                0x0000e094       0x2c ./lwip/src/core/pbuf.o
                0x0000e094                pbuf_ref
 .text.pbuf_cat
                0x0000e0c0       0x8c ./lwip/src/core/pbuf.o
                0x0000e0c0                pbuf_cat
 .text.pbuf_chain
                0x0000e14c       0x20 ./lwip/src/core/pbuf.o
                0x0000e14c                pbuf_chain
 .text.pbuf_copy
                0x0000e16c      0x15c ./lwip/src/core/pbuf.o
                0x0000e16c                pbuf_copy
 .text.pbuf_copy_partial
                0x0000e2c8       0xd8 ./lwip/src/core/pbuf.o
                0x0000e2c8                pbuf_copy_partial
 .text.raw_input
                0x0000e3a0       0xc0 ./lwip/src/core/raw.o
                0x0000e3a0                raw_input
 .text.raw_bind
                0x0000e460       0x2c ./lwip/src/core/raw.o
                0x0000e460                raw_bind
 .text.raw_connect
                0x0000e48c       0x2c ./lwip/src/core/raw.o
                0x0000e48c                raw_connect
 .text.raw_recv
                0x0000e4b8       0x24 ./lwip/src/core/raw.o
                0x0000e4b8                raw_recv
 .text.raw_sendto
                0x0000e4dc       0xdc ./lwip/src/core/raw.o
                0x0000e4dc                raw_sendto
 .text.raw_send
                0x0000e5b8       0x24 ./lwip/src/core/raw.o
                0x0000e5b8                raw_send
 .text.raw_remove
                0x0000e5dc       0x5c ./lwip/src/core/raw.o
                0x0000e5dc                raw_remove
 .text.raw_new  0x0000e638       0x54 ./lwip/src/core/raw.o
                0x0000e638                raw_new
 .text.tcp_init
                0x0000e68c        0xc ./lwip/src/core/tcp.o
                0x0000e68c                tcp_init
 .text.tcp_tmr  0x0000e698       0x2c ./lwip/src/core/tcp.o
                0x0000e698                tcp_tmr
 .text.tcp_close_shutdown
                0x0000e6c4      0x258 ./lwip/src/core/tcp.o
 .text.tcp_close
                0x0000e91c       0x30 ./lwip/src/core/tcp.o
                0x0000e91c                tcp_close
 .text.tcp_shutdown
                0x0000e94c       0x8c ./lwip/src/core/tcp.o
                0x0000e94c                tcp_shutdown
 .text.tcp_abandon
                0x0000e9d8       0xdc ./lwip/src/core/tcp.o
                0x0000e9d8                tcp_abandon
 .text.tcp_abort
                0x0000eab4       0x18 ./lwip/src/core/tcp.o
                0x0000eab4                tcp_abort
 .text.tcp_bind
                0x0000eacc       0xe8 ./lwip/src/core/tcp.o
                0x0000eacc                tcp_bind
 .text.tcp_accept_null
                0x0000ebb4       0x20 ./lwip/src/core/tcp.o
 .text.tcp_listen_with_backlog
                0x0000ebd4      0x124 ./lwip/src/core/tcp.o
                0x0000ebd4                tcp_listen_with_backlog
 .text.tcp_update_rcv_ann_wnd
                0x0000ecf8       0x90 ./lwip/src/core/tcp.o
                0x0000ecf8                tcp_update_rcv_ann_wnd
 .text.tcp_recved
                0x0000ed88       0x88 ./lwip/src/core/tcp.o
                0x0000ed88                tcp_recved
 .text.tcp_new_port
                0x0000ee10       0x8c ./lwip/src/core/tcp.o
 .text.tcp_connect
                0x0000ee9c      0x1c0 ./lwip/src/core/tcp.o
                0x0000ee9c                tcp_connect
 .text.tcp_slowtmr
                0x0000f05c      0x4f0 ./lwip/src/core/tcp.o
                0x0000f05c                tcp_slowtmr
 .text.tcp_fasttmr
                0x0000f54c       0xa0 ./lwip/src/core/tcp.o
                0x0000f54c                tcp_fasttmr
 .text.tcp_process_refused_data
                0x0000f5ec       0xd0 ./lwip/src/core/tcp.o
                0x0000f5ec                tcp_process_refused_data
 .text.tcp_segs_free
                0x0000f6bc       0x28 ./lwip/src/core/tcp.o
                0x0000f6bc                tcp_segs_free
 .text.tcp_seg_free
                0x0000f6e4       0x2c ./lwip/src/core/tcp.o
                0x0000f6e4                tcp_seg_free
 .text.tcp_seg_copy
                0x0000f710       0x40 ./lwip/src/core/tcp.o
                0x0000f710                tcp_seg_copy
 .text.tcp_recv_null
                0x0000f750       0x48 ./lwip/src/core/tcp.o
                0x0000f750                tcp_recv_null
 .text.tcp_kill_prio
                0x0000f798       0x80 ./lwip/src/core/tcp.o
 .text.tcp_kill_timewait
                0x0000f818       0x5c ./lwip/src/core/tcp.o
 .text.tcp_alloc
                0x0000f874      0x128 ./lwip/src/core/tcp.o
                0x0000f874                tcp_alloc
 .text.tcp_new  0x0000f99c       0x10 ./lwip/src/core/tcp.o
                0x0000f99c                tcp_new
 .text.tcp_arg  0x0000f9ac       0x1c ./lwip/src/core/tcp.o
                0x0000f9ac                tcp_arg
 .text.tcp_recv
                0x0000f9c8       0x2c ./lwip/src/core/tcp.o
                0x0000f9c8                tcp_recv
 .text.tcp_sent
                0x0000f9f4       0x28 ./lwip/src/core/tcp.o
                0x0000f9f4                tcp_sent
 .text.tcp_err  0x0000fa1c       0x2c ./lwip/src/core/tcp.o
                0x0000fa1c                tcp_err
 .text.tcp_accept
                0x0000fa48       0x1c ./lwip/src/core/tcp.o
                0x0000fa48                tcp_accept
 .text.tcp_poll
                0x0000fa64       0x38 ./lwip/src/core/tcp.o
                0x0000fa64                tcp_poll
 .text.tcp_pcb_purge
                0x0000fa9c       0x80 ./lwip/src/core/tcp.o
                0x0000fa9c                tcp_pcb_purge
 .text.tcp_pcb_remove
                0x0000fb1c       0xe0 ./lwip/src/core/tcp.o
                0x0000fb1c                tcp_pcb_remove
 .text.tcp_next_iss
                0x0000fbfc       0x28 ./lwip/src/core/tcp.o
                0x0000fbfc                tcp_next_iss
 .text.tcp_eff_send_mss
                0x0000fc24       0x40 ./lwip/src/core/tcp.o
                0x0000fc24                tcp_eff_send_mss
 .text.tcp_input
                0x0000fc64      0x698 ./lwip/src/core/tcp_in.o
                0x0000fc64                tcp_input
 .text.tcp_listen_input
                0x000102fc      0x198 ./lwip/src/core/tcp_in.o
 .text.tcp_timewait_input
                0x00010494       0xdc ./lwip/src/core/tcp_in.o
 .text.tcp_process
                0x00010570      0x6f4 ./lwip/src/core/tcp_in.o
 .text.tcp_oos_insert_segment
                0x00010c64       0xec ./lwip/src/core/tcp_in.o
 .text.tcp_receive
                0x00010d50      0xfb0 ./lwip/src/core/tcp_in.o
 .text.tcp_parseopt
                0x00011d00      0x100 ./lwip/src/core/tcp_in.o
 .text.tcp_output_alloc_header
                0x00011e00       0xe8 ./lwip/src/core/tcp_out.o
 .text.tcp_send_fin
                0x00011ee8       0x80 ./lwip/src/core/tcp_out.o
                0x00011ee8                tcp_send_fin
 .text.tcp_create_segment
                0x00011f68      0x110 ./lwip/src/core/tcp_out.o
 .text.tcp_pbuf_prealloc
                0x00012078       0xb8 ./lwip/src/core/tcp_out.o
 .text.tcp_write_checks
                0x00012130       0xd0 ./lwip/src/core/tcp_out.o
 .text.tcp_write
                0x00012200      0x548 ./lwip/src/core/tcp_out.o
                0x00012200                tcp_write
 .text.tcp_enqueue_flags
                0x00012748      0x1ec ./lwip/src/core/tcp_out.o
                0x00012748                tcp_enqueue_flags
 .text.tcp_send_empty_ack
                0x00012934       0x94 ./lwip/src/core/tcp_out.o
                0x00012934                tcp_send_empty_ack
 .text.tcp_output
                0x000129c8      0x2cc ./lwip/src/core/tcp_out.o
                0x000129c8                tcp_output
 .text.tcp_output_segment
                0x00012c94      0x17c ./lwip/src/core/tcp_out.o
 .text.tcp_rst  0x00012e10       0xe4 ./lwip/src/core/tcp_out.o
                0x00012e10                tcp_rst
 .text.tcp_rexmit_rto
                0x00012ef4       0x60 ./lwip/src/core/tcp_out.o
                0x00012ef4                tcp_rexmit_rto
 .text.tcp_rexmit
                0x00012f54       0x94 ./lwip/src/core/tcp_out.o
                0x00012f54                tcp_rexmit
 .text.tcp_rexmit_fast
                0x00012fe8       0xa4 ./lwip/src/core/tcp_out.o
                0x00012fe8                tcp_rexmit_fast
 .text.tcp_keepalive
                0x0001308c       0x74 ./lwip/src/core/tcp_out.o
                0x0001308c                tcp_keepalive
 .text.tcp_zero_window_probe
                0x00013100      0x10c ./lwip/src/core/tcp_out.o
                0x00013100                tcp_zero_window_probe
 .text.udp_init
                0x0001320c        0xc ./lwip/src/core/udp.o
                0x0001320c                udp_init
 .text.udp_new_port
                0x00013218       0x74 ./lwip/src/core/udp.o
 .text.udp_input
                0x0001328c      0x2c0 ./lwip/src/core/udp.o
                0x0001328c                udp_input
 .text.udp_send
                0x0001354c       0x24 ./lwip/src/core/udp.o
                0x0001354c                udp_send
 .text.udp_sendto
                0x00013570       0x3c ./lwip/src/core/udp.o
                0x00013570                udp_sendto
 .text.udp_sendto_if
                0x000135ac      0x174 ./lwip/src/core/udp.o
                0x000135ac                udp_sendto_if
 .text.udp_bind
                0x00013720       0xd0 ./lwip/src/core/udp.o
                0x00013720                udp_bind
 .text.udp_connect
                0x000137f0       0x9c ./lwip/src/core/udp.o
                0x000137f0                udp_connect
 .text.udp_disconnect
                0x0001388c       0x2c ./lwip/src/core/udp.o
                0x0001388c                udp_disconnect
 .text.udp_recv
                0x000138b8       0x24 ./lwip/src/core/udp.o
                0x000138b8                udp_recv
 .text.udp_remove
                0x000138dc       0x5c ./lwip/src/core/udp.o
                0x000138dc                udp_remove
 .text.udp_new  0x00013938       0x38 ./lwip/src/core/udp.o
                0x00013938                udp_new
 .text.netconn_new_with_proto_and_callback
                0x00013970       0xcc ./lwip/src/api/api_lib.o
                0x00013970                netconn_new_with_proto_and_callback
 .text.netconn_delete
                0x00013a3c       0x3c ./lwip/src/api/api_lib.o
                0x00013a3c                netconn_delete
 .text.netconn_getaddr
                0x00013a78       0xa4 ./lwip/src/api/api_lib.o
                0x00013a78                netconn_getaddr
 .text.netconn_bind
                0x00013b1c       0x74 ./lwip/src/api/api_lib.o
                0x00013b1c                netconn_bind
 .text.netconn_connect
                0x00013b90       0x74 ./lwip/src/api/api_lib.o
                0x00013b90                netconn_connect
 .text.netconn_disconnect
                0x00013c04       0x68 ./lwip/src/api/api_lib.o
                0x00013c04                netconn_disconnect
 .text.netconn_listen_with_backlog
                0x00013c6c       0x6c ./lwip/src/api/api_lib.o
                0x00013c6c                netconn_listen_with_backlog
 .text.netconn_accept
                0x00013cd8       0xfc ./lwip/src/api/api_lib.o
                0x00013cd8                netconn_accept
 .text.netconn_recv_data
                0x00013dd4      0x17c ./lwip/src/api/api_lib.o
 .text.netconn_recv_tcp_pbuf
                0x00013f50       0x3c ./lwip/src/api/api_lib.o
                0x00013f50                netconn_recv_tcp_pbuf
 .text.netconn_recv
                0x00013f8c      0x108 ./lwip/src/api/api_lib.o
                0x00013f8c                netconn_recv
 .text.netconn_recved
                0x00014094       0x48 ./lwip/src/api/api_lib.o
                0x00014094                netconn_recved
 .text.netconn_send
                0x000140dc       0x6c ./lwip/src/api/api_lib.o
                0x000140dc                netconn_send
 .text.netconn_write_partly
                0x00014148      0x110 ./lwip/src/api/api_lib.o
                0x00014148                netconn_write_partly
 .text.recv_raw
                0x00014258       0xe0 ./lwip/src/api/api_msg.o
 .text.recv_udp
                0x00014338       0xe0 ./lwip/src/api/api_msg.o
 .text.recv_tcp
                0x00014418       0xe4 ./lwip/src/api/api_msg.o
 .text.poll_tcp
                0x000144fc       0xa0 ./lwip/src/api/api_msg.o
 .text.sent_tcp
                0x0001459c       0x9c ./lwip/src/api/api_msg.o
 .text.err_tcp  0x00014638      0x140 ./lwip/src/api/api_msg.o
 .text.setup_tcp
                0x00014778       0x50 ./lwip/src/api/api_msg.o
 .text.accept_function
                0x000147c8       0xdc ./lwip/src/api/api_msg.o
 .text.pcb_new  0x000148a4       0xf8 ./lwip/src/api/api_msg.o
 .text.do_newconn
                0x0001499c       0x30 ./lwip/src/api/api_msg.o
                0x0001499c                do_newconn
 .text.netconn_alloc
                0x000149cc       0xc0 ./lwip/src/api/api_msg.o
                0x000149cc                netconn_alloc
 .text.netconn_free
                0x00014a8c       0x70 ./lwip/src/api/api_msg.o
                0x00014a8c                netconn_free
 .text.netconn_drain
                0x00014afc      0x110 ./lwip/src/api/api_msg.o
 .text.do_close_internal
                0x00014c0c      0x200 ./lwip/src/api/api_msg.o
 .text.do_delconn
                0x00014e0c      0x15c ./lwip/src/api/api_msg.o
                0x00014e0c                do_delconn
 .text.do_bind  0x00014f68       0xbc ./lwip/src/api/api_msg.o
                0x00014f68                do_bind
 .text.do_connected
                0x00015024       0xfc ./lwip/src/api/api_msg.o
 .text.do_connect
                0x00015120      0x14c ./lwip/src/api/api_msg.o
                0x00015120                do_connect
 .text.do_disconnect
                0x0001526c       0x44 ./lwip/src/api/api_msg.o
                0x0001526c                do_disconnect
 .text.do_listen
                0x000152b0      0x124 ./lwip/src/api/api_msg.o
                0x000152b0                do_listen
 .text.do_send  0x000153d4      0x10c ./lwip/src/api/api_msg.o
                0x000153d4                do_send
 .text.do_recv  0x000154e0       0x6c ./lwip/src/api/api_msg.o
                0x000154e0                do_recv
 .text.do_writemore
                0x0001554c      0x294 ./lwip/src/api/api_msg.o
 .text.do_write
                0x000157e0       0xbc ./lwip/src/api/api_msg.o
                0x000157e0                do_write
 .text.do_getaddr
                0x0001589c       0xfc ./lwip/src/api/api_msg.o
                0x0001589c                do_getaddr
 .text.netbuf_delete
                0x00015998       0x3c ./lwip/src/api/netbuf.o
                0x00015998                netbuf_delete
 .text.netbuf_free
                0x000159d4       0x40 ./lwip/src/api/netbuf.o
                0x000159d4                netbuf_free
 .text.netbuf_ref
                0x00015a14       0x84 ./lwip/src/api/netbuf.o
                0x00015a14                netbuf_ref
 .text.lwip_socket_init
                0x00015a98        0xc ./lwip/src/api/sockets.o
                0x00015a98                lwip_socket_init
 .text.get_socket
                0x00015aa4       0x48 ./lwip/src/api/sockets.o
 .text.alloc_socket
                0x00015aec      0x108 ./lwip/src/api/sockets.o
 .text.free_socket
                0x00015bf4       0x54 ./lwip/src/api/sockets.o
 .text.lwip_accept
                0x00015c48      0x214 ./lwip/src/api/sockets.o
                0x00015c48                lwip_accept
 .text.lwip_bind
                0x00015e5c       0xc0 ./lwip/src/api/sockets.o
                0x00015e5c                lwip_bind
 .text.lwip_close
                0x00015f1c       0x6c ./lwip/src/api/sockets.o
                0x00015f1c                lwip_close
 .text.lwip_connect
                0x00015f88       0xdc ./lwip/src/api/sockets.o
                0x00015f88                lwip_connect
 .text.lwip_listen
                0x00016064       0x98 ./lwip/src/api/sockets.o
                0x00016064                lwip_listen
 .text.lwip_recvfrom
                0x000160fc      0x30c ./lwip/src/api/sockets.o
                0x000160fc                lwip_recvfrom
 .text.lwip_recv
                0x00016408       0x2c ./lwip/src/api/sockets.o
                0x00016408                lwip_recv
 .text.lwip_send
                0x00016434       0xc4 ./lwip/src/api/sockets.o
                0x00016434                lwip_send
 .text.lwip_sendto
                0x000164f8      0x13c ./lwip/src/api/sockets.o
                0x000164f8                lwip_sendto
 .text.lwip_socket
                0x00016634       0xb4 ./lwip/src/api/sockets.o
                0x00016634                lwip_socket
 .text.lwip_write
                0x000166e8       0x24 ./lwip/src/api/sockets.o
                0x000166e8                lwip_write
 .text.event_callback
                0x0001670c      0x1ec ./lwip/src/api/sockets.o
 .text.lwip_setsockopt
                0x000168f8      0x198 ./lwip/src/api/sockets.o
                0x000168f8                lwip_setsockopt
 .text.lwip_setsockopt_internal
                0x00016a90      0x1d4 ./lwip/src/api/sockets.o
 .text.tcpip_thread
                0x00016c64      0x118 ./lwip/src/api/tcpip.o
 .text.tcpip_input
                0x00016d7c       0x70 ./lwip/src/api/tcpip.o
                0x00016d7c                tcpip_input
 .text.tcpip_callback_with_block
                0x00016dec       0x84 ./lwip/src/api/tcpip.o
                0x00016dec                tcpip_callback_with_block
 .text.tcpip_apimsg
                0x00016e70       0x54 ./lwip/src/api/tcpip.o
                0x00016e70                tcpip_apimsg
 .text.tcpip_init
                0x00016ec4       0x60 ./lwip/src/api/tcpip.o
                0x00016ec4                tcpip_init
 .text.ENET_buffer_init
                0x00016f24      0x1e4 ./lwip/port/ethernetif.o
 .text.ENET_buffer_deinit
                0x00017108       0xa4 ./lwip/port/ethernetif.o
 .text.low_level_init
                0x000171ac      0x254 ./lwip/port/ethernetif.o
                0x000171ac                low_level_init
 .text.low_level_output
                0x00017400      0x16c ./lwip/port/ethernetif.o
 .text.low_level_input
                0x0001756c       0xdc ./lwip/port/ethernetif.o
 .text.ethernetif_input
                0x00017648       0xac ./lwip/port/ethernetif.o
                0x00017648                ethernetif_input
 .text.ethernetif_init
                0x000176f4       0x54 ./lwip/port/ethernetif.o
                0x000176f4                ethernetif_init
 .text.PHY_Get_Initialized_LinkStatus
                0x00017748       0x60 ./lwip/port/ethernetif.o
                0x00017748                PHY_Get_Initialized_LinkStatus
 .text.ENET_Transmit_IRQHandler
                0x000177a8        0xc ./lwip/port/lwip_fsl_irq.o
                0x000177a8                ENET_Transmit_IRQHandler
 .text.ENET_Receive_IRQHandler
                0x000177b4        0xc ./lwip/port/lwip_fsl_irq.o
                0x000177b4                ENET_Receive_IRQHandler
 .text.ENET_1588_Timer_IRQHandler
                0x000177c0        0xc ./lwip/port/lwip_fsl_irq.o
                0x000177c0                ENET_1588_Timer_IRQHandler
 .text.sys_assert
                0x000177cc       0x20 ./lwip/port/sys_arch.o
                0x000177cc                sys_assert
 .text._mbox_create
                0x000177ec       0x68 ./lwip/port/sys_arch.o
                0x000177ec                _mbox_create
 .text.sys_mbox_new
                0x00017854       0x58 ./lwip/port/sys_arch.o
                0x00017854                sys_mbox_new
 .text.sys_mbox_free
                0x000178ac       0x38 ./lwip/port/sys_arch.o
                0x000178ac                sys_mbox_free
 .text.sys_mbox_post
                0x000178e4       0x3c ./lwip/port/sys_arch.o
                0x000178e4                sys_mbox_post
 .text.sys_mbox_trypost
                0x00017920       0x34 ./lwip/port/sys_arch.o
                0x00017920                sys_mbox_trypost
 .text.sys_arch_mbox_fetch
                0x00017954       0x70 ./lwip/port/sys_arch.o
                0x00017954                sys_arch_mbox_fetch
 .text.sys_sem_new
                0x000179c4       0x30 ./lwip/port/sys_arch.o
                0x000179c4                sys_sem_new
 .text.sys_arch_sem_wait
                0x000179f4       0x50 ./lwip/port/sys_arch.o
                0x000179f4                sys_arch_sem_wait
 .text.sys_sem_signal
                0x00017a44       0x14 ./lwip/port/sys_arch.o
                0x00017a44                sys_sem_signal
 .text.sys_sem_free
                0x00017a58       0x14 ./lwip/port/sys_arch.o
                0x00017a58                sys_sem_free
 .text.sys_init
                0x00017a6c        0xc ./lwip/port/sys_arch.o
                0x00017a6c                sys_init
 .text.sys_thread_new
                0x00017a78       0x88 ./lwip/port/sys_arch.o
                0x00017a78                sys_thread_new
 .text.sys_arch_protect
                0x00017b00       0x10 ./lwip/port/sys_arch.o
                0x00017b00                sys_arch_protect
 .text.sys_arch_unprotect
                0x00017b10       0x14 ./lwip/port/sys_arch.o
                0x00017b10                sys_arch_unprotect
 .text.sys_sem_valid
                0x00017b24       0x28 ./lwip/port/sys_arch.o
                0x00017b24                sys_sem_valid
 .text.sys_sem_set_invalid
                0x00017b4c       0x1c ./lwip/port/sys_arch.o
                0x00017b4c                sys_sem_set_invalid
 .text.sys_mbox_valid
                0x00017b68       0x24 ./lwip/port/sys_arch.o
                0x00017b68                sys_mbox_valid
 .text.sys_mbox_set_invalid
                0x00017b8c       0x18 ./lwip/port/sys_arch.o
                0x00017b8c                sys_mbox_set_invalid
 .text.sys_now  0x00017ba4       0x18 ./lwip/port/sys_arch.o
                0x00017ba4                sys_now
 .text.sdcard_disk_write
                0x00017bbc       0x54 ./fatfs/fsl_sd_disk/src/fsl_sd_disk.o
                0x00017bbc                sdcard_disk_write
 .text.sdcard_disk_read
                0x00017c10       0x54 ./fatfs/fsl_sd_disk/src/fsl_sd_disk.o
                0x00017c10                sdcard_disk_read
 .text.sdcard_disk_ioctl
                0x00017c64      0x168 ./fatfs/fsl_sd_disk/src/fsl_sd_disk.o
                0x00017c64                sdcard_disk_ioctl
 .text.sdcard_disk_status
                0x00017dcc       0x24 ./fatfs/fsl_sd_disk/src/fsl_sd_disk.o
                0x00017dcc                sdcard_disk_status
 .text.sdcard_disk_initialize
                0x00017df0       0xc4 ./fatfs/fsl_sd_disk/src/fsl_sd_disk.o
                0x00017df0                sdcard_disk_initialize
 .text.disk_initialize
                0x00017eb4       0x2c ./fatfs/diskio.o
                0x00017eb4                disk_initialize
 .text.disk_status
                0x00017ee0       0x2c ./fatfs/diskio.o
                0x00017ee0                disk_status
 .text.disk_read
                0x00017f0c       0x38 ./fatfs/diskio.o
                0x00017f0c                disk_read
 .text.disk_write
                0x00017f44       0x38 ./fatfs/diskio.o
                0x00017f44                disk_write
 .text.disk_ioctl
                0x00017f7c       0x38 ./fatfs/diskio.o
                0x00017f7c                disk_ioctl
 .text.get_fattime
                0x00017fb4       0x14 ./fatfs/diskio.o
                0x00017fb4                get_fattime
 .text.ld_word  0x00017fc8       0x30 ./fatfs/ff.o
 .text.ld_dword
                0x00017ff8       0x48 ./fatfs/ff.o
 .text.st_word  0x00018040       0x34 ./fatfs/ff.o
 .text.st_dword
                0x00018074       0x58 ./fatfs/ff.o
 .text.mem_cpy  0x000180cc       0x40 ./fatfs/ff.o
 .text.mem_set  0x0001810c       0x34 ./fatfs/ff.o
 .text.mem_cmp  0x00018140       0x50 ./fatfs/ff.o
 .text.chk_chr  0x00018190       0x38 ./fatfs/ff.o
 .text.dbc_1st  0x000181c8       0x40 ./fatfs/ff.o
 .text.dbc_2nd  0x00018208       0x54 ./fatfs/ff.o
 .text.tchar2uni
                0x0001825c       0x8c ./fatfs/ff.o
 .text.put_utf  0x000182e8       0x70 ./fatfs/ff.o
 .text.sync_window
                0x00018358       0x84 ./fatfs/ff.o
 .text.move_window
                0x000183dc       0x5c ./fatfs/ff.o
 .text.sync_fs  0x00018438       0xdc ./fatfs/ff.o
 .text.clst2sect
                0x00018514       0x3c ./fatfs/ff.o
 .text.get_fat  0x00018550      0x13c ./fatfs/ff.o
 .text.put_fat  0x0001868c      0x1bc ./fatfs/ff.o
 .text.remove_chain
                0x00018848       0xc8 ./fatfs/ff.o
 .text.create_chain
                0x00018910      0x1a4 ./fatfs/ff.o
 .text.dir_clear
                0x00018ab4      0x120 ./fatfs/ff.o
 .text.dir_sdi  0x00018bd4       0xf4 ./fatfs/ff.o
 .text.dir_next
                0x00018cc8      0x12c ./fatfs/ff.o
 .text.dir_alloc
                0x00018df4       0x90 ./fatfs/ff.o
 .text.ld_clust
                0x00018e84       0x40 ./fatfs/ff.o
 .text.st_clust
                0x00018ec4       0x40 ./fatfs/ff.o
 .text.cmp_lfn  0x00018f04       0xdc ./fatfs/ff.o
 .text.pick_lfn
                0x00018fe0       0xc4 ./fatfs/ff.o
 .text.put_lfn  0x000190a4       0xc4 ./fatfs/ff.o
 .text.gen_numname
                0x00019168      0x140 ./fatfs/ff.o
 .text.sum_sfn  0x000192a8       0x44 ./fatfs/ff.o
 .text.dir_read
                0x000192ec      0x148 ./fatfs/ff.o
 .text.dir_find
                0x00019434      0x178 ./fatfs/ff.o
 .text.dir_register
                0x000195ac      0x1f4 ./fatfs/ff.o
 .text.get_fileinfo
                0x000197a0      0x228 ./fatfs/ff.o
 .text.create_name
                0x000199c8      0x430 ./fatfs/ff.o
 .text.follow_path
                0x00019df8      0x124 ./fatfs/ff.o
 .text.get_ldnumber
                0x00019f1c       0x9c ./fatfs/ff.o
 .text.check_fs
                0x00019fb8       0xa8 ./fatfs/ff.o
 .text.find_volume
                0x0001a060      0x4b0 ./fatfs/ff.o
 .text.validate
                0x0001a510       0x6c ./fatfs/ff.o
 .text.f_mount  0x0001a57c       0x84 ./fatfs/ff.o
                0x0001a57c                f_mount
 .text.f_open   0x0001a600      0x2fc ./fatfs/ff.o
                0x0001a600                f_open
 .text.f_read   0x0001a8fc      0x220 ./fatfs/ff.o
                0x0001a8fc                f_read
 .text.f_write  0x0001ab1c      0x2bc ./fatfs/ff.o
                0x0001ab1c                f_write
 .text.f_sync   0x0001add8       0xc8 ./fatfs/ff.o
                0x0001add8                f_sync
 .text.f_close  0x0001aea0       0x40 ./fatfs/ff.o
                0x0001aea0                f_close
 .text.f_chdir  0x0001aee0       0xb8 ./fatfs/ff.o
                0x0001aee0                f_chdir
 .text.f_getcwd
                0x0001af98      0x27c ./fatfs/ff.o
                0x0001af98                f_getcwd
 .text.f_stat   0x0001b214       0x98 ./fatfs/ff.o
                0x0001b214                f_stat
 .text.f_mkdir  0x0001b2ac      0x1f4 ./fatfs/ff.o
                0x0001b2ac                f_mkdir
 .text.ff_memalloc
                0x0001b4a0       0x18 ./fatfs/ffsystem.o
                0x0001b4a0                ff_memalloc
 .text.ff_memfree
                0x0001b4b8       0x14 ./fatfs/ffsystem.o
                0x0001b4b8                ff_memfree
 .text.ff_uni2oem
                0x0001b4cc       0xb4 ./fatfs/ffunicode.o
                0x0001b4cc                ff_uni2oem
 .text.ff_oem2uni
                0x0001b580       0xac ./fatfs/ffunicode.o
                0x0001b580                ff_oem2uni
 .text.ff_wtoupper
                0x0001b62c      0x124 ./fatfs/ffunicode.o
                0x0001b62c                ff_wtoupper
 .text.PORT_HAL_SetMuxMode
                0x0001b750       0x58 ./board/board.o
 .text.SMC_HAL_SetProtection
                0x0001b7a8       0x1c ./board/board.o
 .text.BOARD_InitOsc0
                0x0001b7c4       0x3c ./board/board.o
                0x0001b7c4                BOARD_InitOsc0
 .text.BOARD_InitRtcOsc
                0x0001b800       0x24 ./board/board.o
                0x0001b800                BOARD_InitRtcOsc
 .text.CLOCK_SetBootConfig
                0x0001b824       0x3c ./board/board.o
 .text.BOARD_ClockInit
                0x0001b860       0x3c ./board/board.o
                0x0001b860                BOARD_ClockInit
 .text.dbg_uart_init
                0x0001b89c       0x18 ./board/board.o
                0x0001b89c                dbg_uart_init
 .text.SDHC_IRQHandler
                0x0001b8b4        0xc ./board/fsl_sdhc_irq.o
                0x0001b8b4                SDHC_IRQHandler
 .text.hardware_init
                0x0001b8c0       0x34 ./board/hardware_init.o
                0x0001b8c0                hardware_init
 .text.PORT_HAL_SetPullMode
                0x0001b8f4       0x44 ./board/pin_mux.o
 .text.PORT_HAL_SetPullCmd
                0x0001b938       0x48 ./board/pin_mux.o
 .text.PORT_HAL_SetOpenDrainCmd
                0x0001b980       0x48 ./board/pin_mux.o
 .text.PORT_HAL_SetDriveStrengthMode
                0x0001b9c8       0x48 ./board/pin_mux.o
 .text.PORT_HAL_SetMuxMode
                0x0001ba10       0x58 ./board/pin_mux.o
 .text.configure_enet_pins
                0x0001ba68       0xc4 ./board/pin_mux.o
                0x0001ba68                configure_enet_pins
 .text.configure_sdhc_pins
                0x0001bb2c      0x104 ./board/pin_mux.o
                0x0001bb2c                configure_sdhc_pins
 .text.configure_uart_pins
                0x0001bc30       0x68 ./board/pin_mux.o
                0x0001bc30                configure_uart_pins
 .text.UART_HAL_SetBaudRate
                0x0001bc98       0xa0 ../lib/ksdk_ucosiii_lib/kds/K64F12/debug/libksdk_platform_ucosiii.a(fsl_uart_hal.o)
                0x0001bc98                UART_HAL_SetBaudRate
 .text.UART_HAL_SetParityMode
                0x0001bd38       0x40 ../lib/ksdk_ucosiii_lib/kds/K64F12/debug/libksdk_platform_ucosiii.a(fsl_uart_hal.o)
                0x0001bd38                UART_HAL_SetParityMode
 .text.UART_HAL_Putchar
                0x0001bd78       0x28 ../lib/ksdk_ucosiii_lib/kds/K64F12/debug/libksdk_platform_ucosiii.a(fsl_uart_hal.o)
                0x0001bd78                UART_HAL_Putchar
 .text.UART_HAL_Getchar
                0x0001bda0       0x2c ../lib/ksdk_ucosiii_lib/kds/K64F12/debug/libksdk_platform_ucosiii.a(fsl_uart_hal.o)
                0x0001bda0                UART_HAL_Getchar
 .text.UART_HAL_SendDataPolling
                0x0001bdcc       0x44 ../lib/ksdk_ucosiii_lib/kds/K64F12/debug/libksdk_platform_ucosiii.a(fsl_uart_hal.o)
                0x0001bdcc                UART_HAL_SendDataPolling
 .text.UART_HAL_ReceiveDataPolling
                0x0001be10       0x78 ../lib/ksdk_ucosiii_lib/kds/K64F12/debug/libksdk_platform_ucosiii.a(fsl_uart_hal.o)
                0x0001be10                UART_HAL_ReceiveDataPolling
 .text.NVIC_EnableIRQ
                0x0001be88       0x30 ../lib/ksdk_ucosiii_lib/kds/K64F12/debug/libksdk_platform_ucosiii.a(fsl_sdhc_driver.o)
 .text.NVIC_DisableIRQ
                0x0001beb8       0x34 ../lib/ksdk_ucosiii_lib/kds/K64F12/debug/libksdk_platform_ucosiii.a(fsl_sdhc_driver.o)
 .text.INT_SYS_EnableIRQ
                0x0001beec       0x54 ../lib/ksdk_ucosiii_lib/kds/K64F12/debug/libksdk_platform_ucosiii.a(fsl_sdhc_driver.o)
 .text.INT_SYS_DisableIRQ
                0x0001bf40       0x54 ../lib/ksdk_ucosiii_lib/kds/K64F12/debug/libksdk_platform_ucosiii.a(fsl_sdhc_driver.o)
 .text.SIM_HAL_EnableClock
                0x0001bf94       0x3c ../lib/ksdk_ucosiii_lib/kds/K64F12/debug/libksdk_platform_ucosiii.a(fsl_sdhc_driver.o)
 .text.SIM_HAL_DisableClock
                0x0001bfd0       0x3c ../lib/ksdk_ucosiii_lib/kds/K64F12/debug/libksdk_platform_ucosiii.a(fsl_sdhc_driver.o)
 .text.CLOCK_HAL_SetSdhcSrc
                0x0001c00c       0x3c ../lib/ksdk_ucosiii_lib/kds/K64F12/debug/libksdk_platform_ucosiii.a(fsl_sdhc_driver.o)
 .text.CLOCK_SYS_SetSdhcSrc
                0x0001c048       0x24 ../lib/ksdk_ucosiii_lib/kds/K64F12/debug/libksdk_platform_ucosiii.a(fsl_sdhc_driver.o)
 .text.CLOCK_SYS_EnableSdhcClock
                0x0001c06c       0x1c ../lib/ksdk_ucosiii_lib/kds/K64F12/debug/libksdk_platform_ucosiii.a(fsl_sdhc_driver.o)
 .text.CLOCK_SYS_DisableSdhcClock
                0x0001c088       0x1c ../lib/ksdk_ucosiii_lib/kds/K64F12/debug/libksdk_platform_ucosiii.a(fsl_sdhc_driver.o)
 .text.SDHC_HAL_SetData
                0x0001c0a4       0x1c ../lib/ksdk_ucosiii_lib/kds/K64F12/debug/libksdk_platform_ucosiii.a(fsl_sdhc_driver.o)
 .text.SDHC_HAL_GetData
                0x0001c0c0       0x18 ../lib/ksdk_ucosiii_lib/kds/K64F12/debug/libksdk_platform_ucosiii.a(fsl_sdhc_driver.o)
 .text.SDHC_HAL_SetDataTransferWidth
                0x0001c0d8       0x2c ../lib/ksdk_ucosiii_lib/kds/K64F12/debug/libksdk_platform_ucosiii.a(fsl_sdhc_driver.o)
 .text.SDHC_HAL_GetIntFlags
                0x0001c104       0x18 ../lib/ksdk_ucosiii_lib/kds/K64F12/debug/libksdk_platform_ucosiii.a(fsl_sdhc_driver.o)
 .text.SDHC_HAL_ClearIntFlags
                0x0001c11c       0x1c ../lib/ksdk_ucosiii_lib/kds/K64F12/debug/libksdk_platform_ucosiii.a(fsl_sdhc_driver.o)
 .text.SDHC_HAL_SetAdmaAddress
                0x0001c138       0x20 ../lib/ksdk_ucosiii_lib/kds/K64F12/debug/libksdk_platform_ucosiii.a(fsl_sdhc_driver.o)
 .text.SDHC_DRV_SelectClock
                0x0001c158       0x44 ../lib/ksdk_ucosiii_lib/kds/K64F12/debug/libksdk_platform_ucosiii.a(fsl_sdhc_driver.o)
 .text.SDHC_DRV_SetClock
                0x0001c19c       0x34 ../lib/ksdk_ucosiii_lib/kds/K64F12/debug/libksdk_platform_ucosiii.a(fsl_sdhc_driver.o)
 .text.SDHC_DRV_FillAdma1Table
                0x0001c1d0      0x18c ../lib/ksdk_ucosiii_lib/kds/K64F12/debug/libksdk_platform_ucosiii.a(fsl_sdhc_driver.o)
 .text.SDHC_DRV_SetAdma2Descriptor
                0x0001c35c       0x5c ../lib/ksdk_ucosiii_lib/kds/K64F12/debug/libksdk_platform_ucosiii.a(fsl_sdhc_driver.o)
 .text.SDHC_DRV_FillAdma2Table
                0x0001c3b8      0x114 ../lib/ksdk_ucosiii_lib/kds/K64F12/debug/libksdk_platform_ucosiii.a(fsl_sdhc_driver.o)
 .text.SDHC_DRV_PrepareData
                0x0001c4cc      0x180 ../lib/ksdk_ucosiii_lib/kds/K64F12/debug/libksdk_platform_ucosiii.a(fsl_sdhc_driver.o)
 .text.SDHC_DRV_IsCardPresent
                0x0001c64c       0x48 ../lib/ksdk_ucosiii_lib/kds/K64F12/debug/libksdk_platform_ucosiii.a(fsl_sdhc_driver.o)
 .text.SDHC_DRV_ConfigClock
                0x0001c694       0x70 ../lib/ksdk_ucosiii_lib/kds/K64F12/debug/libksdk_platform_ucosiii.a(fsl_sdhc_driver.o)
                0x0001c694                SDHC_DRV_ConfigClock
 .text.SDHC_DRV_SetBusWidth
                0x0001c704       0x80 ../lib/ksdk_ucosiii_lib/kds/K64F12/debug/libksdk_platform_ucosiii.a(fsl_sdhc_driver.o)
                0x0001c704                SDHC_DRV_SetBusWidth
 .text.SDHC_DRV_Reset
                0x0001c784       0xd0 ../lib/ksdk_ucosiii_lib/kds/K64F12/debug/libksdk_platform_ucosiii.a(fsl_sdhc_driver.o)
 .text.SDHC_DRV_SendCommand
                0x0001c854      0x290 ../lib/ksdk_ucosiii_lib/kds/K64F12/debug/libksdk_platform_ucosiii.a(fsl_sdhc_driver.o)
 .text.SDHC_DRV_SetRequestError
                0x0001cae4      0x10c ../lib/ksdk_ucosiii_lib/kds/K64F12/debug/libksdk_platform_ucosiii.a(fsl_sdhc_driver.o)
 .text.SDHC_DRV_PioReadBlock
                0x0001cbf0       0x8c ../lib/ksdk_ucosiii_lib/kds/K64F12/debug/libksdk_platform_ucosiii.a(fsl_sdhc_driver.o)
 .text.SDHC_DRV_PioWriteBlock
                0x0001cc7c       0x8c ../lib/ksdk_ucosiii_lib/kds/K64F12/debug/libksdk_platform_ucosiii.a(fsl_sdhc_driver.o)
 .text.SDHC_DRV_ClearSetInt
                0x0001cd08       0x60 ../lib/ksdk_ucosiii_lib/kds/K64F12/debug/libksdk_platform_ucosiii.a(fsl_sdhc_driver.o)
 .text.SDHC_DRV_DataIrq
                0x0001cd68      0x114 ../lib/ksdk_ucosiii_lib/kds/K64F12/debug/libksdk_platform_ucosiii.a(fsl_sdhc_driver.o)
 .text.SDHC_DRV_CmdIrq
                0x0001ce7c      0x198 ../lib/ksdk_ucosiii_lib/kds/K64F12/debug/libksdk_platform_ucosiii.a(fsl_sdhc_driver.o)
 .text.SDHC_DRV_CardDetectIrq
                0x0001d014       0xb0 ../lib/ksdk_ucosiii_lib/kds/K64F12/debug/libksdk_platform_ucosiii.a(fsl_sdhc_driver.o)
 .text.SDHC_DRV_BlockGapIrq
                0x0001d0c4       0x48 ../lib/ksdk_ucosiii_lib/kds/K64F12/debug/libksdk_platform_ucosiii.a(fsl_sdhc_driver.o)
 .text.SDHC_DRV_CardIntIrq
                0x0001d10c       0x48 ../lib/ksdk_ucosiii_lib/kds/K64F12/debug/libksdk_platform_ucosiii.a(fsl_sdhc_driver.o)
 .text.SDHC_DRV_DoIrq
                0x0001d154       0xc0 ../lib/ksdk_ucosiii_lib/kds/K64F12/debug/libksdk_platform_ucosiii.a(fsl_sdhc_driver.o)
                0x0001d154                SDHC_DRV_DoIrq
 .text.SDHC_DRV_GetCaps
                0x0001d214      0x128 ../lib/ksdk_ucosiii_lib/kds/K64F12/debug/libksdk_platform_ucosiii.a(fsl_sdhc_driver.o)
 .text.SDHC_DRV_Init
                0x0001d33c      0x324 ../lib/ksdk_ucosiii_lib/kds/K64F12/debug/libksdk_platform_ucosiii.a(fsl_sdhc_driver.o)
                0x0001d33c                SDHC_DRV_Init
 .text.SDHC_DRV_Shutdown
                0x0001d660       0x70 ../lib/ksdk_ucosiii_lib/kds/K64F12/debug/libksdk_platform_ucosiii.a(fsl_sdhc_driver.o)
                0x0001d660                SDHC_DRV_Shutdown
 .text.SDHC_DRV_DetectCard
                0x0001d6d0       0xa8 ../lib/ksdk_ucosiii_lib/kds/K64F12/debug/libksdk_platform_ucosiii.a(fsl_sdhc_driver.o)
                0x0001d6d0                SDHC_DRV_DetectCard
 .text.SDHC_DRV_IssueRequestBlocking
                0x0001d778      0x218 ../lib/ksdk_ucosiii_lib/kds/K64F12/debug/libksdk_platform_ucosiii.a(fsl_sdhc_driver.o)
                0x0001d778                SDHC_DRV_IssueRequestBlocking
 .text.INT_SYS_EnableIRQGlobal
                0x0001d990       0x30 ../lib/ksdk_ucosiii_lib/kds/K64F12/debug/libksdk_platform_ucosiii.a(fsl_interrupt_manager.o)
                0x0001d990                INT_SYS_EnableIRQGlobal
 .text.INT_SYS_DisableIRQGlobal
                0x0001d9c0       0x1c ../lib/ksdk_ucosiii_lib/kds/K64F12/debug/libksdk_platform_ucosiii.a(fsl_interrupt_manager.o)
                0x0001d9c0                INT_SYS_DisableIRQGlobal
 .text.ENET_HAL_ClearIntStatusFlag
                0x0001d9dc       0x1c ../lib/ksdk_ucosiii_lib/kds/K64F12/debug/libksdk_platform_ucosiii.a(fsl_enet_hal.o)
 .text.ENET_HAL_Init
                0x0001d9f8       0x84 ../lib/ksdk_ucosiii_lib/kds/K64F12/debug/libksdk_platform_ucosiii.a(fsl_enet_hal.o)
                0x0001d9f8                ENET_HAL_Init
 .text.ENET_HAL_SetSMI
                0x0001da7c       0x70 ../lib/ksdk_ucosiii_lib/kds/K64F12/debug/libksdk_platform_ucosiii.a(fsl_enet_hal.o)
 .text.ENET_HAL_SetMac
                0x0001daec      0x3bc ../lib/ksdk_ucosiii_lib/kds/K64F12/debug/libksdk_platform_ucosiii.a(fsl_enet_hal.o)
 .text.ENET_HAL_SetTxBuffDescriptors
                0x0001dea8       0x48 ../lib/ksdk_ucosiii_lib/kds/K64F12/debug/libksdk_platform_ucosiii.a(fsl_enet_hal.o)
 .text.ENET_HAL_SetRxBuffDescriptors
                0x0001def0       0x58 ../lib/ksdk_ucosiii_lib/kds/K64F12/debug/libksdk_platform_ucosiii.a(fsl_enet_hal.o)
 .text.ENET_HAL_Set1588Timer