Archive member included because of file (symbol)

../lib/ksdk_ucosiii_lib/kds/K64F12/debug/libksdk_platform_ucosiii.a(fsl_uart_hal.o)
                              ./utilities/fsl_debug_console.o (UART_HAL_SetBaudRate)
../lib/ksdk_ucosiii_lib/kds/K64F12/debug/libksdk_platform_ucosiii.a(fsl_interrupt_manager.o)
                              ./rtos/uCOSIII/src/uCOS-III/Source/os_core.o (INT_SYS_EnableIRQGlobal)
../lib/ksdk_ucosiii_lib/kds/K64F12/debug/libksdk_platform_ucosiii.a(fsl_gpio_driver.o)
                              ./board/board.o (GPIO_DRV_Init)
../lib/ksdk_ucosiii_lib/kds/K64F12/debug/libksdk_platform_ucosiii.a(fsl_enet_hal.o)
                              ./lwip/port/ethernetif.o (ENET_HAL_SetRMIIMode)
../lib/ksdk_ucosiii_lib/kds/K64F12/debug/libksdk_platform_ucosiii.a(fsl_enet_common.o)
                              ./src/fsl_phy_driver.o (g_enetBase)
../lib/ksdk_ucosiii_lib/kds/K64F12/debug/libksdk_platform_ucosiii.a(fsl_enet_driver.o)
                              ./lwip/port/ethernetif.o (ENET_DRV_SendData)
../lib/ksdk_ucosiii_lib/kds/K64F12/debug/libksdk_platform_ucosiii.a(fsl_clock_MK64F12.o)
                              ./board/board.o (CLOCK_SYS_SetSimConfigration)
../lib/ksdk_ucosiii_lib/kds/K64F12/debug/libksdk_platform_ucosiii.a(fsl_clock_manager.o)
                              ./board/board.o (CLOCK_SYS_BootToPee)
../lib/ksdk_ucosiii_lib/kds/K64F12/debug/libksdk_platform_ucosiii.a(fsl_clock_manager_common.o)
                              ../lib/ksdk_ucosiii_lib/kds/K64F12/debug/libksdk_platform_ucosiii.a(fsl_clock_MK64F12.o) (g_oscBase)
../lib/ksdk_ucosiii_lib/kds/K64F12/debug/libksdk_platform_ucosiii.a(fsl_os_abstraction_ucosiii.o)
                              ./lwip/port/sys_arch.o (OSA_TaskCreate)
../lib/ksdk_ucosiii_lib/kds/K64F12/debug/libksdk_platform_ucosiii.a(fsl_sim_hal_MK64F12.o)
                              ../lib/ksdk_ucosiii_lib/kds/K64F12/debug/libksdk_platform_ucosiii.a(fsl_clock_MK64F12.o) (CLOCK_HAL_GetUsbfsDiv)
../lib/ksdk_ucosiii_lib/kds/K64F12/debug/libksdk_platform_ucosiii.a(fsl_osc_hal.o)
                              ../lib/ksdk_ucosiii_lib/kds/K64F12/debug/libksdk_platform_ucosiii.a(fsl_clock_manager.o) (OSC_HAL_SetCapacitor)
../lib/ksdk_ucosiii_lib/kds/K64F12/debug/libksdk_platform_ucosiii.a(fsl_mcg_hal.o)
                              ../lib/ksdk_ucosiii_lib/kds/K64F12/debug/libksdk_platform_ucosiii.a(fsl_clock_MK64F12.o) (g_xtal0ClkFreq)
../lib/ksdk_ucosiii_lib/kds/K64F12/debug/libksdk_platform_ucosiii.a(fsl_mcg_hal_modes.o)
                              ../lib/ksdk_ucosiii_lib/kds/K64F12/debug/libksdk_platform_ucosiii.a(fsl_clock_manager.o) (CLOCK_HAL_GetMcgMode)
../lib/ksdk_ucosiii_lib/kds/K64F12/debug/libksdk_platform_ucosiii.a(fsl_gpio_hal.o)
                              ../lib/ksdk_ucosiii_lib/kds/K64F12/debug/libksdk_platform_ucosiii.a(fsl_gpio_driver.o) (GPIO_HAL_SetPinDir)
../lib/ksdk_ucosiii_lib/kds/K64F12/debug/libksdk_platform_ucosiii.a(fsl_gpio_common.o)
                              ../lib/ksdk_ucosiii_lib/kds/K64F12/debug/libksdk_platform_ucosiii.a(fsl_gpio_driver.o) (g_gpioBase)
c:/freescale/kds_v3/toolchain/bin/../lib/gcc/arm-none-eabi/4.8.4/../../../../arm-none-eabi/lib/armv7e-m/fpu\libg_s.a(lib_a-abs.o)
                              ../lib/ksdk_ucosiii_lib/kds/K64F12/debug/libksdk_platform_ucosiii.a(fsl_enet_driver.o) (abs)
c:/freescale/kds_v3/toolchain/bin/../lib/gcc/arm-none-eabi/4.8.4/../../../../arm-none-eabi/lib/armv7e-m/fpu\libg_s.a(lib_a-assert.o)
                              ./network/Network_LWFTP.o (__assert_func)
c:/freescale/kds_v3/toolchain/bin/../lib/gcc/arm-none-eabi/4.8.4/../../../../arm-none-eabi/lib/armv7e-m/fpu\libg_s.a(lib_a-calloc.o)
                              ../lib/ksdk_ucosiii_lib/kds/K64F12/debug/libksdk_platform_ucosiii.a(fsl_os_abstraction_ucosiii.o) (calloc)
c:/freescale/kds_v3/toolchain/bin/../lib/gcc/arm-none-eabi/4.8.4/../../../../arm-none-eabi/lib/armv7e-m/fpu\libg_s.a(lib_a-errno.o)
                              ./utilities/fsl_misc_utilities.o (__errno)
c:/freescale/kds_v3/toolchain/bin/../lib/gcc/arm-none-eabi/4.8.4/../../../../arm-none-eabi/lib/armv7e-m/fpu\libg_s.a(lib_a-exit.o)
                              c:/freescale/kds_v3/toolchain/bin/../lib/gcc/arm-none-eabi/4.8.4/../../../../arm-none-eabi/lib/armv7e-m/fpu/crt0.o (exit)
c:/freescale/kds_v3/toolchain/bin/../lib/gcc/arm-none-eabi/4.8.4/../../../../arm-none-eabi/lib/armv7e-m/fpu\libg_s.a(lib_a-fprintf.o)
                              c:/freescale/kds_v3/toolchain/bin/../lib/gcc/arm-none-eabi/4.8.4/../../../../arm-none-eabi/lib/armv7e-m/fpu\libg_s.a(lib_a-assert.o) (fiprintf)
c:/freescale/kds_v3/toolchain/bin/../lib/gcc/arm-none-eabi/4.8.4/../../../../arm-none-eabi/lib/armv7e-m/fpu\libg_s.a(lib_a-impure.o)
                              c:/freescale/kds_v3/toolchain/bin/../lib/gcc/arm-none-eabi/4.8.4/../../../../arm-none-eabi/lib/armv7e-m/fpu\libg_s.a(lib_a-exit.o) (_global_impure_ptr)
[...]
Memory Configuration

Name             Origin             Length             Attributes
m_interrupts     0x00000000         0x00000400         xr
m_flash_config   0x00000400         0x00000010         xr
m_text           0x00000410         0x000ffbf0         xr
m_data           0x1fff0000         0x00010000         rw
m_data_2         0x20000000         0x00030000         rw
*default*        0x00000000         0xffffffff

Linker script and memory map

LOAD c:/freescale/kds_v3/toolchain/bin/../lib/gcc/arm-none-eabi/4.8.4/armv7e-m/fpu/crti.o
LOAD c:/freescale/kds_v3/toolchain/bin/../lib/gcc/arm-none-eabi/4.8.4/armv7e-m/fpu/crtbegin.o
LOAD c:/freescale/kds_v3/toolchain/bin/../lib/gcc/arm-none-eabi/4.8.4/../../../../arm-none-eabi/lib/armv7e-m/fpu/crt0.o
                0x00002000                __stack_size__ = 0x2000
                0x00008000                __heap_size__ = 0x8000
START GROUP
LOAD ./utilities/fsl_debug_console.o
LOAD ./utilities/fsl_misc_utilities.o
LOAD ./utilities/print_scan.o
LOAD ./startup/startup.o
LOAD ./startup/startup_MK64F12.o
LOAD ./startup/system_MK64F12.o
LOAD ./src/fsl_phy_driver.o
LOAD ./src/main.o
LOAD ./rtos/uCOSIII/src/uCOS-III/Source/os_cfg_app.o
LOAD ./rtos/uCOSIII/src/uCOS-III/Source/os_core.o
LOAD ./rtos/uCOSIII/src/uCOS-III/Source/os_dbg.o
LOAD ./rtos/uCOSIII/src/uCOS-III/Source/os_flag.o
LOAD ./rtos/uCOSIII/src/uCOS-III/Source/os_int.o
LOAD ./rtos/uCOSIII/src/uCOS-III/Source/os_mem.o
LOAD ./rtos/uCOSIII/src/uCOS-III/Source/os_msg.o
LOAD ./rtos/uCOSIII/src/uCOS-III/Source/os_mutex.o
LOAD ./rtos/uCOSIII/src/uCOS-III/Source/os_pend_multi.o
LOAD ./rtos/uCOSIII/src/uCOS-III/Source/os_prio.o
LOAD ./rtos/uCOSIII/src/uCOS-III/Source/os_q.o
LOAD ./rtos/uCOSIII/src/uCOS-III/Source/os_sem.o
LOAD ./rtos/uCOSIII/src/uCOS-III/Source/os_stat.o
LOAD ./rtos/uCOSIII/src/uCOS-III/Source/os_task.o
LOAD ./rtos/uCOSIII/src/uCOS-III/Source/os_tick.o
LOAD ./rtos/uCOSIII/src/uCOS-III/Source/os_time.o
LOAD ./rtos/uCOSIII/src/uCOS-III/Source/os_tmr.o
LOAD ./rtos/uCOSIII/src/uCOS-III/Source/os_var.o
LOAD ./rtos/uCOSIII/src/uCOS-III/Ports/ARM-Cortex-M4/Generic/GNU/os_cpu_a.o
LOAD ./rtos/uCOSIII/src/uCOS-III/Ports/ARM-Cortex-M4/Generic/GNU/os_cpu_c.o
LOAD ./rtos/uCOSIII/src/uC-LIB/lib_ascii.o
LOAD ./rtos/uCOSIII/src/uC-LIB/lib_math.o
LOAD ./rtos/uCOSIII/src/uC-LIB/lib_mem.o
LOAD ./rtos/uCOSIII/src/uC-LIB/lib_str.o
LOAD ./rtos/uCOSIII/src/uC-CPU/ARM-Cortex-M4/GNU/cpu_a.o
LOAD ./rtos/uCOSIII/src/uC-CPU/ARM-Cortex-M4/GNU/cpu_c.o
LOAD ./rtos/uCOSIII/src/uC-CPU/cpu_core.o
LOAD ./rtos/uCOSIII/src/config/os_app_hooks.o
LOAD ./network/Network.o
LOAD ./network/Network_LWFTP.o
LOAD ./network/Network_LWFTP_Test.o
LOAD ./network/Network_LWIP.o
LOAD ./network/Network_TCPClient.o
LOAD ./lwip/src/netif/ppp/auth.o
LOAD ./lwip/src/netif/ppp/chap.o
LOAD ./lwip/src/netif/ppp/chpms.o
LOAD ./lwip/src/netif/ppp/fsm.o
LOAD ./lwip/src/netif/ppp/ipcp.o
LOAD ./lwip/src/netif/ppp/lcp.o
LOAD ./lwip/src/netif/ppp/magic.o
LOAD ./lwip/src/netif/ppp/md5.o
LOAD ./lwip/src/netif/ppp/pap.o
LOAD ./lwip/src/netif/ppp/ppp.o
LOAD ./lwip/src/netif/ppp/ppp_oe.o
LOAD ./lwip/src/netif/ppp/randm.o
LOAD ./lwip/src/netif/ppp/vj.o
LOAD ./lwip/src/netif/etharp.o
LOAD ./lwip/src/netif/slipif.o
LOAD ./lwip/src/core/snmp/asn1_dec.o
LOAD ./lwip/src/core/snmp/asn1_enc.o
LOAD ./lwip/src/core/snmp/mib2.o
LOAD ./lwip/src/core/snmp/mib_structs.o
LOAD ./lwip/src/core/snmp/msg_in.o
LOAD ./lwip/src/core/snmp/msg_out.o
LOAD ./lwip/src/core/ipv4/autoip.o
LOAD ./lwip/src/core/ipv4/icmp.o
LOAD ./lwip/src/core/ipv4/igmp.o
LOAD ./lwip/src/core/ipv4/inet.o
LOAD ./lwip/src/core/ipv4/inet_chksum.o
LOAD ./lwip/src/core/ipv4/ip.o
LOAD ./lwip/src/core/ipv4/ip_addr.o
LOAD ./lwip/src/core/ipv4/ip_frag.o
LOAD ./lwip/src/core/def.o
LOAD ./lwip/src/core/dhcp.o
LOAD ./lwip/src/core/dns.o
LOAD ./lwip/src/core/init.o
LOAD ./lwip/src/core/lwip_timers.o
LOAD ./lwip/src/core/mem.o
LOAD ./lwip/src/core/memp.o
LOAD ./lwip/src/core/netif.o
LOAD ./lwip/src/core/pbuf.o
LOAD ./lwip/src/core/raw.o
LOAD ./lwip/src/core/stats.o
LOAD ./lwip/src/core/sys.o
LOAD ./lwip/src/core/tcp.o
LOAD ./lwip/src/core/tcp_in.o
LOAD ./lwip/src/core/tcp_out.o
LOAD ./lwip/src/core/udp.o
LOAD ./lwip/src/api/api_lib.o
LOAD ./lwip/src/api/api_msg.o
LOAD ./lwip/src/api/err.o
LOAD ./lwip/src/api/netbuf.o
LOAD ./lwip/src/api/netdb.o
LOAD ./lwip/src/api/netifapi.o
LOAD ./lwip/src/api/sockets.o
LOAD ./lwip/src/api/tcpip.o
LOAD ./lwip/port/ethernetif.o
LOAD ./lwip/port/lwip_fsl_irq.o
LOAD ./lwip/port/sys_arch.o
LOAD ./fatfs/ff.o
LOAD ./board/board.o
LOAD ./board/gpio_pins.o
LOAD ./board/hardware_init.o
LOAD ./board/pin_mux.o
LOAD ../lib/ksdk_ucosiii_lib/kds/K64F12/debug/libksdk_platform_ucosiii.a
LOAD ../lib/ksdk_startup_lib/kds/K64F12/debug/libksdk_startup.a
LOAD c:/freescale/kds_v3/toolchain/bin/../lib/gcc/arm-none-eabi/4.8.4/../../../../arm-none-eabi/lib/armv7e-m/fpu\libm.a
LOAD c:/freescale/kds_v3/toolchain/bin/../lib/gcc/arm-none-eabi/4.8.4/../../../../arm-none-eabi/lib/armv7e-m/fpu\libg_s.a
LOAD c:/freescale/kds_v3/toolchain/bin/../lib/gcc/arm-none-eabi/4.8.4/armv7e-m/fpu\libgcc.a
LOAD c:/freescale/kds_v3/toolchain/bin/../lib/gcc/arm-none-eabi/4.8.4/../../../../arm-none-eabi/lib/armv7e-m/fpu\libnosys.a
END GROUP
START GROUP
LOAD c:/freescale/kds_v3/toolchain/bin/../lib/gcc/arm-none-eabi/4.8.4/armv7e-m/fpu\libgcc.a
LOAD c:/freescale/kds_v3/toolchain/bin/../lib/gcc/arm-none-eabi/4.8.4/../../../../arm-none-eabi/lib/armv7e-m/fpu\libg_s.a
LOAD c:/freescale/kds_v3/toolchain/bin/../lib/gcc/arm-none-eabi/4.8.4/../../../../arm-none-eabi/lib/armv7e-m/fpu\libc_s.a
END GROUP
START GROUP
LOAD c:/freescale/kds_v3/toolchain/bin/../lib/gcc/arm-none-eabi/4.8.4/armv7e-m/fpu\libgcc.a
LOAD c:/freescale/kds_v3/toolchain/bin/../lib/gcc/arm-none-eabi/4.8.4/../../../../arm-none-eabi/lib/armv7e-m/fpu\libc_s.a
END GROUP
LOAD c:/freescale/kds_v3/toolchain/bin/../lib/gcc/arm-none-eabi/4.8.4/armv7e-m/fpu/crtend.o
LOAD c:/freescale/kds_v3/toolchain/bin/../lib/gcc/arm-none-eabi/4.8.4/armv7e-m/fpu/crtn.o
                0x00000400                HEAP_SIZE = DEFINED (__heap_size__)?__heap_size__:0x400
                0x00000400                STACK_SIZE = DEFINED (__stack_size__)?__stack_size__:0x400
                0x00000000                M_VECTOR_RAM_SIZE = DEFINED (__ram_vector_table__)?0x400:0x0

.interrupts     0x00000000      0x400
                0x00000000                __VECTOR_TABLE = .
                0x00000000                . = ALIGN (0x4)
 *(.isr_vector)
 .isr_vector    0x00000000      0x400 ./startup/startup_MK64F12.o
                0x00000000                __isr_vector
                0x00000400                . = ALIGN (0x4)

.flash_config   0x00000400       0x10
                0x00000400                . = ALIGN (0x4)
 *(.FlashConfig)
 .FlashConfig   0x00000400       0x10 ./startup/startup_MK64F12.o
                0x00000410                . = ALIGN (0x4)

.text           0x00000410    0x1f464
                0x00000410                . = ALIGN (0x4)
 *(.text)
 .text          0x00000410       0x54 c:/freescale/kds_v3/toolchain/bin/../lib/gcc/arm-none-eabi/4.8.4/armv7e-m/fpu/crtbegin.o
 .text          0x00000464       0x74 c:/freescale/kds_v3/toolchain/bin/../lib/gcc/arm-none-eabi/4.8.4/../../../../arm-none-eabi/lib/armv7e-m/fpu/crt0.o
                0x00000464                _start
                0x00000464                _mainCRTStartup
 .text          0x000004d8       0x14 ./startup/startup_MK64F12.o
                0x000004d8                Reset_Handler
                0x000004e8                DebugMon_Handler
                0x000004e8                I2C0_IRQHandler
                0x000004e8                HardFault_Handler
                0x000004e8                UART3_RX_TX_IRQHandler
                0x000004e8                NMI_Handler
                0x000004e8                UART0_RX_TX_IRQHandler
                0x000004e8                I2C1_IRQHandler
                0x000004e8                DMA2_IRQHandler
                0x000004e8                ENET_Error_IRQHandler
                0x000004e8                CAN0_Tx_Warning_IRQHandler
                0x000004e8                PIT0_IRQHandler
                0x000004e8                CAN0_ORed_Message_buffer_IRQHandler
                0x000004e8                CMP2_IRQHandler
                0x000004e8                LLWU_IRQHandler
                0x000004e8                UART2_RX_TX_IRQHandler
                0x000004e8                SWI_IRQHandler
                0x000004e8                ADC0_IRQHandler
                0x000004e8                UsageFault_Handler
                0x000004e8                I2S0_Tx_IRQHandler
                0x000004e8                CMT_IRQHandler
                0x000004e8                UART4_RX_TX_IRQHandler
                0x000004e8                SPI1_IRQHandler
                0x000004e8                DefaultISR
                0x000004e8                DMA9_IRQHandler
                0x000004e8                DMA14_IRQHandler
                0x000004e8                CMP1_IRQHandler
                0x000004e8                Reserved71_IRQHandler
                0x000004e8                PORTD_IRQHandler
                0x000004e8                PORTB_IRQHandler
                0x000004e8                UART4_ERR_IRQHandler
                0x000004e8                ADC1_IRQHandler
                0x000004e8                I2C2_IRQHandler
                0x000004e8                PIT2_IRQHandler
                0x000004e8                I2S0_Rx_IRQHandler
                0x000004e8                DMA5_IRQHandler
                0x000004e8                RTC_IRQHandler
                0x000004e8                PDB0_IRQHandler
                0x000004e8                CAN0_Rx_Warning_IRQHandler
                0x000004e8                FTM1_IRQHandler
                0x000004e8                UART5_RX_TX_IRQHandler
                0x000004e8                UART3_ERR_IRQHandler
                0x000004e8                PIT3_IRQHandler
                0x000004e8                SDHC_IRQHandler
                0x000004e8                RTC_Seconds_IRQHandler
                0x000004e8                MCG_IRQHandler
                0x000004e8                FTFE_IRQHandler
                0x000004e8                UART2_ERR_IRQHandler
                0x000004e8                DMA11_IRQHandler
                0x000004e8                UART5_ERR_IRQHandler
                0x000004e8                Read_Collision_IRQHandler
                0x000004e8                DMA7_IRQHandler
                0x000004e8                USBDCD_IRQHandler
                0x000004e8                USB0_IRQHandler
                0x000004e8                SPI2_IRQHandler
                0x000004e8                WDOG_EWM_IRQHandler
                0x000004e8                MemManage_Handler
                0x000004e8                SVC_Handler
                0x000004e8                DMA13_IRQHandler
                0x000004e8                DMA3_IRQHandler
                0x000004e8                UART0_LON_IRQHandler
                0x000004e8                RNG_IRQHandler
                0x000004e8                DMA0_IRQHandler
                0x000004e8                DMA15_IRQHandler
                0x000004e8                DAC0_IRQHandler
                0x000004e8                CAN0_Error_IRQHandler
                0x000004e8                DMA4_IRQHandler
                0x000004e8                PIT1_IRQHandler
                0x000004e8                UART0_ERR_IRQHandler
                0x000004e8                DMA_Error_IRQHandler
                0x000004e8                LVD_LVW_IRQHandler
                0x000004e8                SPI0_IRQHandler
                0x000004e8                FTM0_IRQHandler
                0x000004e8                PORTA_IRQHandler
                0x000004e8                DAC1_IRQHandler
                0x000004e8                MCM_IRQHandler
                0x000004e8                DMA12_IRQHandler
                0x000004e8                CAN0_Bus_Off_IRQHandler
                0x000004e8                FTM3_IRQHandler
                0x000004e8                PORTE_IRQHandler
                0x000004e8                FTM2_IRQHandler
                0x000004e8                LPTMR0_IRQHandler
                0x000004e8                BusFault_Handler
                0x000004e8                DMA8_IRQHandler
                0x000004e8                DMA10_IRQHandler
                0x000004e8                CAN0_Wake_Up_IRQHandler
                0x000004e8                UART1_ERR_IRQHandler
                0x000004e8                UART1_RX_TX_IRQHandler
                0x000004e8                CMP0_IRQHandler
                0x000004e8                PORTC_IRQHandler
                0x000004e8                DMA6_IRQHandler
                0x000004e8                DMA1_IRQHandler
 .text          0x000004ec       0xfc ./rtos/uCOSIII/src/uCOS-III/Ports/ARM-Cortex-M4/Generic/GNU/os_cpu_a.o
                0x000004ec                OS_CPU_FP_Reg_Push
                0x000004fe                OS_CPU_FP_Reg_Pop
                0x0000050a                OSStartHighRdy
                0x0000057a                OSCtxSw
                0x00000582                OSIntCtxSw
                0x0000058a                PendSV_Handler
 .text          0x000005e8       0x34 ./rtos/uCOSIII/src/uC-CPU/ARM-Cortex-M4/GNU/cpu_a.o
                0x000005e8                CPU_IntDis
                0x000005ec                CPU_IntEn
                0x000005f0                CPU_SR_Save
                0x000005f8                CPU_SR_Restore
                0x000005fe                CPU_WaitForInt
                0x00000602                CPU_WaitForExcept
                0x00000606                CPU_CntLeadZeros
                0x0000060c                CPU_CntTrailZeros
                0x00000616                CPU_RevBits
 *(.text*)
 .text.UART_HAL_EnableTransmitter
                0x0000061c       0x24 ./utilities/fsl_debug_console.o
 .text.UART_HAL_EnableReceiver
                0x00000640       0x24 ./utilities/fsl_debug_console.o
 .text.UART_HAL_SetBitCountPerChar
                0x00000664       0x28 ./utilities/fsl_debug_console.o
 .text.UART_HAL_SetStopBitCount
                0x0000068c       0x24 ./utilities/fsl_debug_console.o
 .text.DbgConsole_Init
                0x000006b0       0xc8 ./utilities/fsl_debug_console.o
                0x000006b0                DbgConsole_Init
 .text._write   0x00000778       0x58 ./utilities/fsl_debug_console.o
                0x00000778                _write
 .text._read    0x000007d0       0x44 ./utilities/fsl_debug_console.o
                0x000007d0                _read
 .text.debug_printf
                0x00000814       0x48 ./utilities/fsl_debug_console.o
                0x00000814                debug_printf
 .text.debug_putc
                0x0000085c       0x40 ./utilities/fsl_debug_console.o
 .text._sbrk    0x0000089c       0x5c ./utilities/fsl_misc_utilities.o
                0x0000089c                _sbrk
 .text._doprint
                0x000008f8      0x754 ./utilities/print_scan.o
                0x000008f8                _doprint
 .text.mknumstr
                0x0000104c      0x110 ./utilities/print_scan.o
 .text.fput_pad
                0x0000115c       0x40 ./utilities/print_scan.o
 .text.init_data_bss
                0x0000119c       0xcc ./startup/startup.o
                0x0000119c                init_data_bss
 .text.SystemInit
                0x00001268       0x3c ./startup/system_MK64F12.o
                0x00001268                SystemInit
 .text.ENET_HAL_GetSMIData
                0x000012a4       0x1c ./src/fsl_phy_driver.o
 .text.ENET_HAL_ClearIntStatusFlag
                0x000012c0       0x1c ./src/fsl_phy_driver.o
 .text.ENET_HAL_GetIntStatusFlag
                0x000012dc       0x28 ./src/fsl_phy_driver.o
 .text.PHY_DRV_Write
                0x00001304       0xe4 ./src/fsl_phy_driver.o
                0x00001304                PHY_DRV_Write
 .text.PHY_DRV_Read
                0x000013e8       0xf4 ./src/fsl_phy_driver.o
                0x000013e8                PHY_DRV_Read
 .text.PHY_DRV_Init
                0x000014dc      0x124 ./src/fsl_phy_driver.o
                0x000014dc                PHY_DRV_Init
 .text.PHY_DRV_Autodiscover
                0x00001600       0x68 ./src/fsl_phy_driver.o
                0x00001600                PHY_DRV_Autodiscover
 .text.PHY_DRV_GetLinkSpeed
                0x00001668       0x60 ./src/fsl_phy_driver.o
                0x00001668                PHY_DRV_GetLinkSpeed
 .text.PHY_DRV_GetLinkStatus
                0x000016c8       0x7c ./src/fsl_phy_driver.o
                0x000016c8                PHY_DRV_GetLinkStatus
 .text.PHY_DRV_GetLinkDuplex
                0x00001744       0x60 ./src/fsl_phy_driver.o
                0x00001744                PHY_DRV_GetLinkDuplex
 .text.SIM_HAL_EnableClock
                0x000017a4       0x3c ./src/main.o
 .text.CLOCK_HAL_SetTimeSrc
                0x000017e0       0x3c ./src/main.o
 .text.CLOCK_SYS_SetEnetTimeStampSrc
                0x0000181c       0x24 ./src/main.o
 .text.CLOCK_SYS_EnableEnetClock
                0x00001840       0x1c ./src/main.o
 .text.app_low_level_init
                0x0000185c       0x24 ./src/main.o
 .text.example_thread
                0x00001880       0x50 ./src/main.o
 .text.threads_init
                0x000018d0       0x2c ./src/main.o
                0x000018d0                threads_init
 .text.main     0x000018fc       0x3c ./src/main.o
                0x000018fc                main
 .text.OSCfg_Init
                0x00001938        0xc ./rtos/uCOSIII/src/uCOS-III/Source/os_cfg_app.o
                0x00001938                OSCfg_Init
 .text.OSInit   0x00001944      0x1d0 ./rtos/uCOSIII/src/uCOS-III/Source/os_core.o
                0x00001944                OSInit
 .text.OSIntEnter
                0x00001b14       0x34 ./rtos/uCOSIII/src/uCOS-III/Source/os_core.o
                0x00001b14                OSIntEnter
 .text.OSIntExit
                0x00001b48       0xc0 ./rtos/uCOSIII/src/uCOS-III/Source/os_core.o
                0x00001b48                OSIntExit
 .text.OSSched  0x00001c08       0x94 ./rtos/uCOSIII/src/uCOS-III/Source/os_core.o
                0x00001c08                OSSched
 .text.OSSchedLock
                0x00001c9c       0x54 ./rtos/uCOSIII/src/uCOS-III/Source/os_core.o
                0x00001c9c                OSSchedLock
 .text.OSSchedUnlock
                0x00001cf0       0x70 ./rtos/uCOSIII/src/uCOS-III/Source/os_core.o
                0x00001cf0                OSSchedUnlock
 .text.OSSchedRoundRobinCfg
                0x00001d60       0x64 ./rtos/uCOSIII/src/uCOS-III/Source/os_core.o
                0x00001d60                OSSchedRoundRobinCfg
 .text.OSStart  0x00001dc4       0x80 ./rtos/uCOSIII/src/uCOS-III/Source/os_core.o
                0x00001dc4                OSStart
 .text.OS_IdleTask
                0x00001e44       0x34 ./rtos/uCOSIII/src/uCOS-III/Source/os_core.o
                0x00001e44                OS_IdleTask
 .text.OS_IdleTaskInit
                0x00001e78       0x68 ./rtos/uCOSIII/src/uCOS-III/Source/os_core.o
                0x00001e78                OS_IdleTaskInit
 .text.OS_Pend  0x00001ee0       0x74 ./rtos/uCOSIII/src/uCOS-III/Source/os_core.o
                0x00001ee0                OS_Pend
 .text.OS_PendDataInit
                0x00001f54       0x68 ./rtos/uCOSIII/src/uCOS-III/Source/os_core.o
                0x00001f54                OS_PendDataInit
 .text.OS_PendListChangePrio
                0x00001fbc       0x54 ./rtos/uCOSIII/src/uCOS-III/Source/os_core.o
                0x00001fbc                OS_PendListChangePrio
 .text.OS_PendListInit
                0x00002010       0x24 ./rtos/uCOSIII/src/uCOS-III/Source/os_core.o
                0x00002010                OS_PendListInit
 .text.OS_PendListInsertPrio
                0x00002034       0xe4 ./rtos/uCOSIII/src/uCOS-III/Source/os_core.o
                0x00002034                OS_PendListInsertPrio
 .text.OS_PendListRemove
                0x00002118       0x50 ./rtos/uCOSIII/src/uCOS-III/Source/os_core.o
                0x00002118                OS_PendListRemove
 .text.OS_PendListRemove1
                0x00002168       0x94 ./rtos/uCOSIII/src/uCOS-III/Source/os_core.o
                0x00002168                OS_PendListRemove1
 .text.OS_PendObjDel
                0x000021fc       0xfc ./rtos/uCOSIII/src/uCOS-III/Source/os_core.o
                0x000021fc                OS_PendObjDel
 .text.OS_PendObjDel1
                0x000022f8       0x50 ./rtos/uCOSIII/src/uCOS-III/Source/os_core.o
                0x000022f8                OS_PendObjDel1
 .text.OS_Post  0x00002348      0x11c ./rtos/uCOSIII/src/uCOS-III/Source/os_core.o
                0x00002348                OS_Post
 .text.OS_Post1
                0x00002464       0x5c ./rtos/uCOSIII/src/uCOS-III/Source/os_core.o
                0x00002464                OS_Post1
 .text.OS_RdyListInit
                0x000024c0       0x48 ./rtos/uCOSIII/src/uCOS-III/Source/os_core.o
                0x000024c0                OS_RdyListInit
 .text.OS_RdyListInsert
                0x00002508       0x3c ./rtos/uCOSIII/src/uCOS-III/Source/os_core.o
                0x00002508                OS_RdyListInsert
 .text.OS_RdyListInsertHead
                0x00002544       0x80 ./rtos/uCOSIII/src/uCOS-III/Source/os_core.o
                0x00002544                OS_RdyListInsertHead
 .text.OS_RdyListInsertTail
                0x000025c4       0x80 ./rtos/uCOSIII/src/uCOS-III/Source/os_core.o
                0x000025c4                OS_RdyListInsertTail
 .text.OS_RdyListMoveHeadToTail
                0x00002644       0x90 ./rtos/uCOSIII/src/uCOS-III/Source/os_core.o
                0x00002644                OS_RdyListMoveHeadToTail
 .text.OS_RdyListRemove
                0x000026d4       0xac ./rtos/uCOSIII/src/uCOS-III/Source/os_core.o
                0x000026d4                OS_RdyListRemove
 .text.OS_SchedRoundRobin
                0x00002780       0xb4 ./rtos/uCOSIII/src/uCOS-III/Source/os_core.o
                0x00002780                OS_SchedRoundRobin
 .text.OS_TaskBlock
                0x00002834       0x3c ./rtos/uCOSIII/src/uCOS-III/Source/os_core.o
                0x00002834                OS_TaskBlock
 .text.OS_FlagInit
                0x00002870       0x24 ./rtos/uCOSIII/src/uCOS-III/Source/os_flag.o
                0x00002870                OS_FlagInit
 .text.OSMemCreate
                0x00002894       0x94 ./rtos/uCOSIII/src/uCOS-III/Source/os_mem.o
                0x00002894                OSMemCreate
 .text.OSMemGet
                0x00002928       0x54 ./rtos/uCOSIII/src/uCOS-III/Source/os_mem.o
                0x00002928                OSMemGet
 .text.OSMemPut
                0x0000297c       0x54 ./rtos/uCOSIII/src/uCOS-III/Source/os_mem.o
                0x0000297c                OSMemPut
 .text.OS_MemInit
                0x000029d0       0x24 ./rtos/uCOSIII/src/uCOS-III/Source/os_mem.o
                0x000029d0                OS_MemInit
 .text.OS_MsgPoolInit
                0x000029f4       0xa4 ./rtos/uCOSIII/src/uCOS-III/Source/os_msg.o
                0x000029f4                OS_MsgPoolInit
 .text.OS_MsgQFreeAll
                0x00002a98       0x70 ./rtos/uCOSIII/src/uCOS-III/Source/os_msg.o
                0x00002a98                OS_MsgQFreeAll
 .text.OS_MsgQInit
                0x00002b08       0x30 ./rtos/uCOSIII/src/uCOS-III/Source/os_msg.o
                0x00002b08                OS_MsgQInit
 .text.OS_MsgQGet
                0x00002b38       0xc0 ./rtos/uCOSIII/src/uCOS-III/Source/os_msg.o
                0x00002b38                OS_MsgQGet
 .text.OS_MsgQPut
                0x00002bf8       0xe4 ./rtos/uCOSIII/src/uCOS-III/Source/os_msg.o
                0x00002bf8                OS_MsgQPut
 .text.OSMutexCreate
                0x00002cdc       0x5c ./rtos/uCOSIII/src/uCOS-III/Source/os_mutex.o
                0x00002cdc                OSMutexCreate
 .text.OSMutexDel
                0x00002d38      0x120 ./rtos/uCOSIII/src/uCOS-III/Source/os_mutex.o
                0x00002d38                OSMutexDel
 .text.OSMutexPend
                0x00002e58      0x1a4 ./rtos/uCOSIII/src/uCOS-III/Source/os_mutex.o
                0x00002e58                OSMutexPend
 .text.OSMutexPost
                0x00002ffc      0x148 ./rtos/uCOSIII/src/uCOS-III/Source/os_mutex.o
                0x00002ffc                OSMutexPost
 .text.OS_MutexClr
                0x00003144       0x3c ./rtos/uCOSIII/src/uCOS-III/Source/os_mutex.o
                0x00003144                OS_MutexClr
 .text.OS_MutexInit
                0x00003180       0x24 ./rtos/uCOSIII/src/uCOS-III/Source/os_mutex.o
                0x00003180                OS_MutexInit
 .text.OS_MutexGrpAdd
                0x000031a4       0x24 ./rtos/uCOSIII/src/uCOS-III/Source/os_mutex.o
                0x000031a4                OS_MutexGrpAdd
 .text.OS_MutexGrpRemove
                0x000031c8       0x38 ./rtos/uCOSIII/src/uCOS-III/Source/os_mutex.o
                0x000031c8                OS_MutexGrpRemove
 .text.OS_MutexGrpPrioFindHighest
                0x00003200       0x58 ./rtos/uCOSIII/src/uCOS-III/Source/os_mutex.o
                0x00003200                OS_MutexGrpPrioFindHighest
 .text.OS_MutexGrpPostAll
                0x00003258       0x80 ./rtos/uCOSIII/src/uCOS-III/Source/os_mutex.o
                0x00003258                OS_MutexGrpPostAll
 .text.OS_PrioInit
                0x000032d8       0x30 ./rtos/uCOSIII/src/uCOS-III/Source/os_prio.o
                0x000032d8                OS_PrioInit
 .text.OS_PrioGetHighest
                0x00003308       0x48 ./rtos/uCOSIII/src/uCOS-III/Source/os_prio.o
                0x00003308                OS_PrioGetHighest
 .text.OS_PrioInsert
                0x00003350       0x4c ./rtos/uCOSIII/src/uCOS-III/Source/os_prio.o
                0x00003350                OS_PrioInsert
 .text.OS_PrioRemove
                0x0000339c       0x50 ./rtos/uCOSIII/src/uCOS-III/Source/os_prio.o
                0x0000339c                OS_PrioRemove
 .text.OSQCreate
                0x000033ec       0x58 ./rtos/uCOSIII/src/uCOS-III/Source/os_q.o
                0x000033ec                OSQCreate
 .text.OSQDel   0x00003444       0xc8 ./rtos/uCOSIII/src/uCOS-III/Source/os_q.o
                0x00003444                OSQDel
 .text.OSQPend  0x0000350c      0x170 ./rtos/uCOSIII/src/uCOS-III/Source/os_q.o
                0x0000350c                OSQPend
 .text.OSQPost  0x0000367c       0x2c ./rtos/uCOSIII/src/uCOS-III/Source/os_q.o
                0x0000367c                OSQPost
 .text.OS_QClr  0x000036a8       0x38 ./rtos/uCOSIII/src/uCOS-III/Source/os_q.o
                0x000036a8                OS_QClr
 .text.OS_QInit
                0x000036e0       0x24 ./rtos/uCOSIII/src/uCOS-III/Source/os_q.o
                0x000036e0                OS_QInit
 .text.OS_QPost
                0x00003704       0xbc ./rtos/uCOSIII/src/uCOS-III/Source/os_q.o
                0x00003704                OS_QPost
 .text.OSSemCreate
                0x000037c0       0x54 ./rtos/uCOSIII/src/uCOS-III/Source/os_sem.o
                0x000037c0                OSSemCreate
 .text.OSSemDel
                0x00003814       0xc8 ./rtos/uCOSIII/src/uCOS-III/Source/os_sem.o
                0x00003814                OSSemDel
 .text.OSSemPend
                0x000038dc      0x158 ./rtos/uCOSIII/src/uCOS-III/Source/os_sem.o
                0x000038dc                OSSemPend
 .text.OSSemPost
                0x00003a34       0x2c ./rtos/uCOSIII/src/uCOS-III/Source/os_sem.o
                0x00003a34                OSSemPost
 .text.OS_SemClr
                0x00003a60       0x30 ./rtos/uCOSIII/src/uCOS-III/Source/os_sem.o
                0x00003a60                OS_SemClr
 .text.OS_SemInit
                0x00003a90       0x24 ./rtos/uCOSIII/src/uCOS-III/Source/os_sem.o
                0x00003a90                OS_SemInit
 .text.OS_SemPost
                0x00003ab4       0xd4 ./rtos/uCOSIII/src/uCOS-III/Source/os_sem.o
                0x00003ab4                OS_SemPost
 .text.OSStatReset
                0x00003b88       0x4c ./rtos/uCOSIII/src/uCOS-III/Source/os_stat.o
                0x00003b88                OSStatReset
 .text.OS_StatTask
                0x00003bd4      0x1b0 ./rtos/uCOSIII/src/uCOS-III/Source/os_stat.o
                0x00003bd4                OS_StatTask
 .text.OS_StatTaskInit
                0x00003d84       0xd4 ./rtos/uCOSIII/src/uCOS-III/Source/os_stat.o
                0x00003d84                OS_StatTaskInit
 .text.OSTaskCreate
                0x00003e58      0x16c ./rtos/uCOSIII/src/uCOS-III/Source/os_task.o
                0x00003e58                OSTaskCreate
 .text.OSTaskDel
                0x00003fc4      0x1ac ./rtos/uCOSIII/src/uCOS-III/Source/os_task.o
                0x00003fc4                OSTaskDel
 .text.OSTaskSemPend
                0x00004170      0x190 ./rtos/uCOSIII/src/uCOS-III/Source/os_task.o
                0x00004170                OSTaskSemPend
 .text.OSTaskSemPost
                0x00004300       0x2c ./rtos/uCOSIII/src/uCOS-III/Source/os_task.o
                0x00004300                OSTaskSemPost
 .text.OS_TaskInit
                0x0000432c       0x2c ./rtos/uCOSIII/src/uCOS-III/Source/os_task.o
                0x0000432c                OS_TaskInit
 .text.OS_TaskInitTCB
                0x00004358      0x164 ./rtos/uCOSIII/src/uCOS-III/Source/os_task.o
                0x00004358                OS_TaskInitTCB
 .text.OS_TaskReturn
                0x000044bc       0x24 ./rtos/uCOSIII/src/uCOS-III/Source/os_task.o
                0x000044bc                OS_TaskReturn
 .text.OS_TaskSemPost
                0x000044e0      0x114 ./rtos/uCOSIII/src/uCOS-III/Source/os_task.o
                0x000044e0                OS_TaskSemPost
 .text.OS_TaskChangePrio
                0x000045f4      0x144 ./rtos/uCOSIII/src/uCOS-III/Source/os_task.o
                0x000045f4                OS_TaskChangePrio
 .text.OS_TickTask
                0x00004738       0x60 ./rtos/uCOSIII/src/uCOS-III/Source/os_tick.o
                0x00004738                OS_TickTask
 .text.OS_TickTaskInit
                0x00004798       0xc0 ./rtos/uCOSIII/src/uCOS-III/Source/os_tick.o
                0x00004798                OS_TickTaskInit
 .text.OS_TickListInsert
                0x00004858      0x104 ./rtos/uCOSIII/src/uCOS-III/Source/os_tick.o
                0x00004858                OS_TickListInsert
 .text.OS_TickListInsertDly
                0x0000495c      0x108 ./rtos/uCOSIII/src/uCOS-III/Source/os_tick.o
                0x0000495c                OS_TickListInsertDly
 .text.OS_TickListRemove
                0x00004a64       0xac ./rtos/uCOSIII/src/uCOS-III/Source/os_tick.o
                0x00004a64                OS_TickListRemove
 .text.OS_TickListResetPeak
                0x00004b10        0xc ./rtos/uCOSIII/src/uCOS-III/Source/os_tick.o
                0x00004b10                OS_TickListResetPeak
 .text.OS_TickListUpdateDly
                0x00004b1c       0x94 ./rtos/uCOSIII/src/uCOS-III/Source/os_tick.o
 .text.OS_TickListUpdateTimeout
                0x00004bb0      0x12c ./rtos/uCOSIII/src/uCOS-III/Source/os_tick.o
 .text.OSTimeDly
                0x00004cdc       0xb8 ./rtos/uCOSIII/src/uCOS-III/Source/os_time.o
                0x00004cdc                OSTimeDly
 .text.OSTimeDlyHMSM
                0x00004d94      0x138 ./rtos/uCOSIII/src/uCOS-III/Source/os_time.o
                0x00004d94                OSTimeDlyHMSM
 .text.OSTimeGet
                0x00004ecc       0x2c ./rtos/uCOSIII/src/uCOS-III/Source/os_time.o
                0x00004ecc                OSTimeGet
 .text.OSTimeTick
                0x00004ef8       0x74 ./rtos/uCOSIII/src/uCOS-III/Source/os_time.o
                0x00004ef8                OSTimeTick
 .text.OS_TmrInit
                0x00004f6c      0x12c ./rtos/uCOSIII/src/uCOS-III/Source/os_tmr.o
                0x00004f6c                OS_TmrInit
 .text.OS_TmrResetPeak
                0x00005098        0xc ./rtos/uCOSIII/src/uCOS-III/Source/os_tmr.o
                0x00005098                OS_TmrResetPeak
 .text.OS_TmrUnlink
                0x000050a4       0x7c ./rtos/uCOSIII/src/uCOS-III/Source/os_tmr.o
                0x000050a4                OS_TmrUnlink
 .text.OS_TmrTask
                0x00005120       0xcc ./rtos/uCOSIII/src/uCOS-III/Source/os_tmr.o
                0x00005120                OS_TmrTask
 .text.OS_TmrLock
                0x000051ec       0x20 ./rtos/uCOSIII/src/uCOS-III/Source/os_tmr.o
 .text.OS_TmrUnlock
                0x0000520c       0x1c ./rtos/uCOSIII/src/uCOS-III/Source/os_tmr.o
 .text.OSIdleTaskHook
                0x00005228       0x18 ./rtos/uCOSIII/src/uCOS-III/Ports/ARM-Cortex-M4/Generic/GNU/os_cpu_c.o
                0x00005228                OSIdleTaskHook
 .text.OSInitHook
                0x00005240       0x38 ./rtos/uCOSIII/src/uCOS-III/Ports/ARM-Cortex-M4/Generic/GNU/os_cpu_c.o
                0x00005240                OSInitHook
 .text.OSStatTaskHook
                0x00005278       0x18 ./rtos/uCOSIII/src/uCOS-III/Ports/ARM-Cortex-M4/Generic/GNU/os_cpu_c.o
                0x00005278                OSStatTaskHook
 .text.OSTaskCreateHook
                0x00005290       0x24 ./rtos/uCOSIII/src/uCOS-III/Ports/ARM-Cortex-M4/Generic/GNU/os_cpu_c.o
                0x00005290                OSTaskCreateHook
 .text.OSTaskDelHook
                0x000052b4       0x24 ./rtos/uCOSIII/src/uCOS-III/Ports/ARM-Cortex-M4/Generic/GNU/os_cpu_c.o
                0x000052b4                OSTaskDelHook
 .text.OSTaskReturnHook
                0x000052d8       0x24 ./rtos/uCOSIII/src/uCOS-III/Ports/ARM-Cortex-M4/Generic/GNU/os_cpu_c.o
                0x000052d8                OSTaskReturnHook
 .text.OSTaskStkInit
                0x000052fc      0x34c ./rtos/uCOSIII/src/uCOS-III/Ports/ARM-Cortex-M4/Generic/GNU/os_cpu_c.o
                0x000052fc                OSTaskStkInit
 .text.OSTaskSwHook
                0x00005648       0xa4 ./rtos/uCOSIII/src/uCOS-III/Ports/ARM-Cortex-M4/Generic/GNU/os_cpu_c.o
                0x00005648                OSTaskSwHook
 .text.OSTimeTickHook
                0x000056ec       0x18 ./rtos/uCOSIII/src/uCOS-III/Ports/ARM-Cortex-M4/Generic/GNU/os_cpu_c.o
                0x000056ec                OSTimeTickHook
 .text.SysTick_Handler
                0x00005704       0x1c ./rtos/uCOSIII/src/uCOS-III/Ports/ARM-Cortex-M4/Generic/GNU/os_cpu_c.o
                0x00005704                SysTick_Handler
 .text.OS_CPU_SysTickInit
                0x00005720       0x54 ./rtos/uCOSIII/src/uCOS-III/Ports/ARM-Cortex-M4/Generic/GNU/os_cpu_c.o
                0x00005720                OS_CPU_SysTickInit
 .text.Net_ModuleInitHw
                0x00005774       0x10 ./network/Network.o
                0x00005774                Net_ModuleInitHw
 .text.str_split
                0x00005784      0x138 ./network/Network_LWFTP.o
 .text.lwftp_reconnect
                0x000058bc       0x68 ./network/Network_LWFTP.o
 .text.lwftp_receive_ctrl_data
                0x00005924       0x74 ./network/Network_LWFTP.o
 .text.lwftp_connect
                0x00005998      0x1e0 ./network/Network_LWFTP.o
 .text.Network_LWFTP_Start
                0x00005b78       0x54 ./network/Network_LWFTP.o
                0x00005b78                Network_LWFTP_Start
 .text.Network_LWFTP_SendFile
                0x00005bcc      0x4d0 ./network/Network_LWFTP.o
                0x00005bcc                Network_LWFTP_SendFile
 .text.Network_LWFTP_Delete
                0x0000609c      0x100 ./network/Network_LWFTP.o
                0x0000609c                Network_LWFTP_Delete
 .text.Network_LWFTP_Disconnect
                0x0000619c       0x28 ./network/Network_LWFTP.o
                0x0000619c                Network_LWFTP_Disconnect
 .text.Network_LWFTP_MKD
                0x000061c4      0x2a8 ./network/Network_LWFTP.o
                0x000061c4                Network_LWFTP_MKD
 .text.Network_LWFTP_CWD
                0x0000646c      0x100 ./network/Network_LWFTP.o
                0x0000646c                Network_LWFTP_CWD
 .text.Network_LWFTP_Test2
                0x0000656c      0x10c ./network/Network_LWFTP_Test.o
                0x0000656c                Network_LWFTP_Test2
 .text.print_dhcp_state
                0x00006678      0x1c4 ./network/Network_LWIP.o
 .text.dhcp_client_thread
                0x0000683c       0x6c ./network/Network_LWIP.o
 .text.Network_LWIP_DHCP_Init
                0x000068a8       0x84 ./network/Network_LWIP.o
                0x000068a8                Network_LWIP_DHCP_Init
 .text.Network_LWIP_Is_DHCP_Bound
                0x0000692c       0x30 ./network/Network_LWIP.o
                0x0000692c                Network_LWIP_Is_DHCP_Bound
 .text.etharp_free_entry
                0x0000695c      0x114 ./lwip/src/netif/etharp.o
 .text.etharp_tmr
                0x00006a70       0xdc ./lwip/src/netif/etharp.o
                0x00006a70                etharp_tmr
 .text.etharp_find_entry
                0x00006b4c      0x258 ./lwip/src/netif/etharp.o
 .text.etharp_send_ip
                0x00006da4       0x64 ./lwip/src/netif/etharp.o
 .text.etharp_update_arp_entry
                0x00006e08      0x134 ./lwip/src/netif/etharp.o
 .text.etharp_cleanup_netif
                0x00006f3c       0x60 ./lwip/src/netif/etharp.o
                0x00006f3c                etharp_cleanup_netif
 .text.etharp_arp_input
                0x00006f9c      0x1b8 ./lwip/src/netif/etharp.o
 .text.etharp_output_to_arp_index
                0x00007154       0xc0 ./lwip/src/netif/etharp.o
 .text.etharp_output
                0x00007214      0x1bc ./lwip/src/netif/etharp.o
                0x00007214                etharp_output
 .text.etharp_query
                0x000073d0      0x25c ./lwip/src/netif/etharp.o
                0x000073d0                etharp_query
 .text.etharp_raw
                0x0000762c      0x12c ./lwip/src/netif/etharp.o
 .text.etharp_request
                0x00007758       0x44 ./lwip/src/netif/etharp.o
                0x00007758                etharp_request
 .text.ethernet_input
                0x0000779c      0x104 ./lwip/src/netif/etharp.o
                0x0000779c                ethernet_input
 .text.icmp_input
                0x000078a0      0x248 ./lwip/src/core/ipv4/icmp.o
                0x000078a0                icmp_input
 .text.icmp_dest_unreach
                0x00007ae8       0x20 ./lwip/src/core/ipv4/icmp.o
                0x00007ae8                icmp_dest_unreach
 .text.icmp_time_exceeded
                0x00007b08       0x20 ./lwip/src/core/ipv4/icmp.o
                0x00007b08                icmp_time_exceeded
 .text.icmp_send_response
                0x00007b28       0xc0 ./lwip/src/core/ipv4/icmp.o
 .text.lwip_standard_chksum
                0x00007be8       0xb8 ./lwip/src/core/ipv4/inet_chksum.o
 .text.inet_chksum_pseudo
                0x00007ca0      0x10c ./lwip/src/core/ipv4/inet_chksum.o
                0x00007ca0                inet_chksum_pseudo
 .text.inet_chksum
                0x00007dac       0x24 ./lwip/src/core/ipv4/inet_chksum.o
                0x00007dac                inet_chksum
 .text.inet_chksum_pbuf
                0x00007dd0       0x98 ./lwip/src/core/ipv4/inet_chksum.o
                0x00007dd0                inet_chksum_pbuf
 .text.ip_route
                0x00007e68       0x78 ./lwip/src/core/ipv4/ip.o
                0x00007e68                ip_route
 .text.ip_input
                0x00007ee0      0x25c ./lwip/src/core/ipv4/ip.o
                0x00007ee0                ip_input
 .text.ip_output_if
                0x0000813c      0x1c4 ./lwip/src/core/ipv4/ip.o
                0x0000813c                ip_output_if
 .text.ip_output
                0x00008300       0x5c ./lwip/src/core/ipv4/ip.o
                0x00008300                ip_output
 .text.ip4_addr_isbroadcast
                0x0000835c       0x78 ./lwip/src/core/ipv4/ip_addr.o
                0x0000835c                ip4_addr_isbroadcast
 .text.ipaddr_addr
                0x000083d4       0x2c ./lwip/src/core/ipv4/ip_addr.o
                0x000083d4                ipaddr_addr
 .text.ipaddr_aton
                0x00008400      0x240 ./lwip/src/core/ipv4/ip_addr.o
                0x00008400                ipaddr_aton
 .text.ip_reass_tmr
                0x00008640       0x54 ./lwip/src/core/ipv4/ip_frag.o
                0x00008640                ip_reass_tmr
 .text.ip_reass_free_complete_datagram
                0x00008694      0x128 ./lwip/src/core/ipv4/ip_frag.o
 .text.ip_reass_remove_oldest_datagram
                0x000087bc       0xb8 ./lwip/src/core/ipv4/ip_frag.o
 .text.ip_reass_enqueue_new_datagram
                0x00008874       0x74 ./lwip/src/core/ipv4/ip_frag.o
 .text.ip_reass_dequeue_datagram
                0x000088e8       0x48 ./lwip/src/core/ipv4/ip_frag.o
 .text.ip_reass_chain_frag_into_datagram_and_validate
                0x00008930      0x26c ./lwip/src/core/ipv4/ip_frag.o
 .text.ip_reass
                0x00008b9c      0x23c ./lwip/src/core/ipv4/ip_frag.o
                0x00008b9c                ip_reass
 .text.ip_frag_alloc_pbuf_custom_ref
                0x00008dd8       0x10 ./lwip/src/core/ipv4/ip_frag.o
 .text.ip_frag_free_pbuf_custom_ref
                0x00008de8       0x28 ./lwip/src/core/ipv4/ip_frag.o
 .text.ipfrag_free_pbuf_custom
                0x00008e10       0x4c ./lwip/src/core/ipv4/ip_frag.o
 .text.ip_frag  0x00008e5c      0x20c ./lwip/src/core/ipv4/ip_frag.o
                0x00008e5c                ip_frag
 .text.lwip_htons
                0x00009068       0x2c ./lwip/src/core/def.o
                0x00009068                lwip_htons
 .text.lwip_ntohs
                0x00009094       0x1c ./lwip/src/core/def.o
                0x00009094                lwip_ntohs
 .text.lwip_htonl
                0x000090b0       0x34 ./lwip/src/core/def.o
                0x000090b0                lwip_htonl
 .text.lwip_ntohl
                0x000090e4       0x18 ./lwip/src/core/def.o
                0x000090e4                lwip_ntohl
 .text.dhcp_handle_nak
                0x000090fc       0x44 ./lwip/src/core/dhcp.o
 .text.dhcp_check
                0x00009140       0x5c ./lwip/src/core/dhcp.o
 .text.dhcp_handle_offer
                0x0000919c       0x44 ./lwip/src/core/dhcp.o
 .text.dhcp_select
                0x000091e0      0x138 ./lwip/src/core/dhcp.o
 .text.dhcp_coarse_tmr
                0x00009318       0x5c ./lwip/src/core/dhcp.o
                0x00009318                dhcp_coarse_tmr
 .text.dhcp_fine_tmr
                0x00009374       0x60 ./lwip/src/core/dhcp.o
                0x00009374                dhcp_fine_tmr
 .text.dhcp_timeout
                0x000093d4       0xc8 ./lwip/src/core/dhcp.o
 .text.dhcp_t1_timeout
                0x0000949c       0x34 ./lwip/src/core/dhcp.o
 .text.dhcp_t2_timeout
                0x000094d0       0x34 ./lwip/src/core/dhcp.o
 .text.dhcp_handle_ack
                0x00009504       0xb8 ./lwip/src/core/dhcp.o
 .text.dhcp_start
                0x000095bc      0x14c ./lwip/src/core/dhcp.o
                0x000095bc                dhcp_start
 .text.dhcp_arp_reply
                0x00009708       0x48 ./lwip/src/core/dhcp.o
                0x00009708                dhcp_arp_reply
 .text.dhcp_decline
                0x00009750       0xc4 ./lwip/src/core/dhcp.o
 .text.dhcp_discover
                0x00009814      0x104 ./lwip/src/core/dhcp.o
 .text.dhcp_bind
                0x00009918      0x160 ./lwip/src/core/dhcp.o
 .text.dhcp_renew
                0x00009a78       0xd4 ./lwip/src/core/dhcp.o
                0x00009a78                dhcp_renew
 .text.dhcp_rebind
                0x00009b4c       0xd4 ./lwip/src/core/dhcp.o
 .text.dhcp_reboot
                0x00009c20       0xf0 ./lwip/src/core/dhcp.o
 .text.dhcp_release
                0x00009d10      0x110 ./lwip/src/core/dhcp.o
                0x00009d10                dhcp_release
 .text.dhcp_stop
                0x00009e20       0x70 ./lwip/src/core/dhcp.o
                0x00009e20                dhcp_stop
 .text.dhcp_set_state
                0x00009e90       0x34 ./lwip/src/core/dhcp.o
 .text.dhcp_option
                0x00009ec4       0x60 ./lwip/src/core/dhcp.o
 .text.dhcp_option_byte
                0x00009f24       0x3c ./lwip/src/core/dhcp.o
 .text.dhcp_option_short
                0x00009f60       0x60 ./lwip/src/core/dhcp.o
 .text.dhcp_option_long
                0x00009fc0       0x9c ./lwip/src/core/dhcp.o
 .text.dhcp_parse_reply
                0x0000a05c      0x4b0 ./lwip/src/core/dhcp.o
 .text.dhcp_recv
                0x0000a50c      0x154 ./lwip/src/core/dhcp.o
 .text.dhcp_create_msg
                0x0000a660      0x26c ./lwip/src/core/dhcp.o
 .text.dhcp_delete_msg
                0x0000a8cc       0x64 ./lwip/src/core/dhcp.o
 .text.dhcp_option_trailer
                0x0000a930       0x94 ./lwip/src/core/dhcp.o
 .text.lwip_init
                0x0000a9c4       0x28 ./lwip/src/core/init.o
                0x0000a9c4                lwip_init
 .text.tcpip_tcp_timer
                0x0000a9ec       0x44 ./lwip/src/core/lwip_timers.o
 .text.tcp_timer_needed
                0x0000aa30       0x40 ./lwip/src/core/lwip_timers.o
                0x0000aa30                tcp_timer_needed
 .text.ip_reass_timer
                0x0000aa70       0x24 ./lwip/src/core/lwip_timers.o
 .text.arp_timer
                0x0000aa94       0x24 ./lwip/src/core/lwip_timers.o
 .text.dhcp_timer_coarse
                0x0000aab8       0x24 ./lwip/src/core/lwip_timers.o
 .text.dhcp_timer_fine
                0x0000aadc       0x24 ./lwip/src/core/lwip_timers.o
 .text.sys_timeouts_init
                0x0000ab00       0x54 ./lwip/src/core/lwip_timers.o
                0x0000ab00                sys_timeouts_init
 .text.sys_timeout
                0x0000ab54       0xf0 ./lwip/src/core/lwip_timers.o
                0x0000ab54                sys_timeout
 .text.sys_untimeout
                0x0000ac44       0x8c ./lwip/src/core/lwip_timers.o
                0x0000ac44                sys_untimeout
 .text.sys_timeouts_mbox_fetch
                0x0000acd0       0xb0 ./lwip/src/core/lwip_timers.o
                0x0000acd0                sys_timeouts_mbox_fetch
 .text.plug_holes
                0x0000ad80      0x108 ./lwip/src/core/mem.o
 .text.mem_init
                0x0000ae88       0x90 ./lwip/src/core/mem.o
                0x0000ae88                mem_init
 .text.mem_free
                0x0000af18       0xb0 ./lwip/src/core/mem.o
                0x0000af18                mem_free
 .text.mem_trim
                0x0000afc8      0x1b0 ./lwip/src/core/mem.o
                0x0000afc8                mem_trim
 .text.mem_malloc
                0x0000b178      0x1c4 ./lwip/src/core/mem.o
                0x0000b178                mem_malloc
 .text.memp_init
                0x0000b33c       0x98 ./lwip/src/core/memp.o
                0x0000b33c                memp_init
 .text.memp_malloc
                0x0000b3d4       0x5c ./lwip/src/core/memp.o
                0x0000b3d4                memp_malloc
 .text.memp_free
                0x0000b430       0x4c ./lwip/src/core/memp.o
                0x0000b430                memp_free
 .text.netif_init
                0x0000b47c        0xc ./lwip/src/core/netif.o
                0x0000b47c                netif_init
 .text.netif_add
                0x0000b488       0x98 ./lwip/src/core/netif.o
                0x0000b488                netif_add
 .text.netif_set_addr
                0x0000b520       0x2c ./lwip/src/core/netif.o
                0x0000b520                netif_set_addr
 .text.netif_set_ipaddr
                0x0000b54c       0xb0 ./lwip/src/core/netif.o
                0x0000b54c                netif_set_ipaddr
 .text.netif_set_gw
                0x0000b5fc       0x28 ./lwip/src/core/netif.o
                0x0000b5fc                netif_set_gw
 .text.netif_set_netmask
                0x0000b624       0x28 ./lwip/src/core/netif.o
                0x0000b624                netif_set_netmask
 .text.netif_set_default
                0x0000b64c       0x1c ./lwip/src/core/netif.o
                0x0000b64c                netif_set_default
 .text.netif_set_up
                0x0000b668       0x58 ./lwip/src/core/netif.o
                0x0000b668                netif_set_up
 .text.netif_set_down
                0x0000b6c0       0x44 ./lwip/src/core/netif.o
                0x0000b6c0                netif_set_down
 .text.pbuf_alloc
                0x0000b704      0x2b4 ./lwip/src/core/pbuf.o
                0x0000b704                pbuf_alloc
 .text.pbuf_alloced_custom
                0x0000b9b8       0xbc ./lwip/src/core/pbuf.o
                0x0000b9b8                pbuf_alloced_custom
 .text.pbuf_realloc
                0x0000ba74      0x120 ./lwip/src/core/pbuf.o
                0x0000ba74                pbuf_realloc
 .text.pbuf_header
                0x0000bb94      0x100 ./lwip/src/core/pbuf.o
                0x0000bb94                pbuf_header
 .text.pbuf_free
                0x0000bc94      0x100 ./lwip/src/core/pbuf.o
                0x0000bc94                pbuf_free
 .text.pbuf_clen
                0x0000bd94       0x30 ./lwip/src/core/pbuf.o
                0x0000bd94                pbuf_clen
 .text.pbuf_ref
                0x0000bdc4       0x24 ./lwip/src/core/pbuf.o
                0x0000bdc4                pbuf_ref
 .text.pbuf_cat
                0x0000bde8       0x8c ./lwip/src/core/pbuf.o
                0x0000bde8                pbuf_cat
 .text.pbuf_chain
                0x0000be74       0x20 ./lwip/src/core/pbuf.o
                0x0000be74                pbuf_chain
 .text.pbuf_copy
                0x0000be94      0x15c ./lwip/src/core/pbuf.o
                0x0000be94                pbuf_copy
 .text.pbuf_copy_partial
                0x0000bff0       0xd8 ./lwip/src/core/pbuf.o
                0x0000bff0                pbuf_copy_partial
 .text.raw_input
                0x0000c0c8       0xc0 ./lwip/src/core/raw.o
                0x0000c0c8                raw_input
 .text.raw_connect
                0x0000c188       0x2c ./lwip/src/core/raw.o
                0x0000c188                raw_connect
 .text.raw_recv
                0x0000c1b4       0x24 ./lwip/src/core/raw.o
                0x0000c1b4                raw_recv
 .text.raw_sendto
                0x0000c1d8       0xdc ./lwip/src/core/raw.o
                0x0000c1d8                raw_sendto
 .text.raw_send
                0x0000c2b4       0x24 ./lwip/src/core/raw.o
                0x0000c2b4                raw_send
 .text.raw_remove
                0x0000c2d8       0x60 ./lwip/src/core/raw.o
                0x0000c2d8                raw_remove
 .text.raw_new  0x0000c338       0x4c ./lwip/src/core/raw.o
                0x0000c338                raw_new
 .text.tcp_init
                0x0000c384        0xc ./lwip/src/core/tcp.o
                0x0000c384                tcp_init
 .text.tcp_tmr  0x0000c390       0x2c ./lwip/src/core/tcp.o
                0x0000c390                tcp_tmr
 .text.tcp_close_shutdown
                0x0000c3bc      0x260 ./lwip/src/core/tcp.o
 .text.tcp_close
                0x0000c61c       0x30 ./lwip/src/core/tcp.o
                0x0000c61c                tcp_close
 .text.tcp_shutdown
                0x0000c64c       0x8c ./lwip/src/core/tcp.o
                0x0000c64c                tcp_shutdown
 .text.tcp_abandon
                0x0000c6d8       0xcc ./lwip/src/core/tcp.o
                0x0000c6d8                tcp_abandon
 .text.tcp_abort
                0x0000c7a4       0x18 ./lwip/src/core/tcp.o
                0x0000c7a4                tcp_abort
 .text.tcp_update_rcv_ann_wnd
                0x0000c7bc       0x90 ./lwip/src/core/tcp.o
                0x0000c7bc                tcp_update_rcv_ann_wnd
 .text.tcp_recved
                0x0000c84c       0x88 ./lwip/src/core/tcp.o
                0x0000c84c                tcp_recved
 .text.tcp_new_port
                0x0000c8d4       0x8c ./lwip/src/core/tcp.o
 .text.tcp_connect
                0x0000c960      0x1c0 ./lwip/src/core/tcp.o
                0x0000c960                tcp_connect
 .text.tcp_slowtmr
                0x0000cb20      0x4c0 ./lwip/src/core/tcp.o
                0x0000cb20                tcp_slowtmr
 .text.tcp_fasttmr
                0x0000cfe0       0xa0 ./lwip/src/core/tcp.o
                0x0000cfe0                tcp_fasttmr
 .text.tcp_process_refused_data
                0x0000d080       0xc8 ./lwip/src/core/tcp.o
                0x0000d080                tcp_process_refused_data
 .text.tcp_segs_free
                0x0000d148       0x28 ./lwip/src/core/tcp.o
                0x0000d148                tcp_segs_free
 .text.tcp_seg_free
                0x0000d170       0x30 ./lwip/src/core/tcp.o
                0x0000d170                tcp_seg_free
 .text.tcp_recv_null
                0x0000d1a0       0x48 ./lwip/src/core/tcp.o
                0x0000d1a0                tcp_recv_null
 .text.tcp_kill_prio
                0x0000d1e8       0x80 ./lwip/src/core/tcp.o
 .text.tcp_kill_timewait
                0x0000d268       0x5c ./lwip/src/core/tcp.o
 .text.tcp_alloc
                0x0000d2c4      0x114 ./lwip/src/core/tcp.o
                0x0000d2c4                tcp_alloc
 .text.tcp_new  0x0000d3d8       0x10 ./lwip/src/core/tcp.o
                0x0000d3d8                tcp_new
 .text.tcp_arg  0x0000d3e8       0x1c ./lwip/src/core/tcp.o
                0x0000d3e8                tcp_arg
 .text.tcp_recv
                0x0000d404       0x28 ./lwip/src/core/tcp.o
                0x0000d404                tcp_recv
 .text.tcp_sent
                0x0000d42c       0x28 ./lwip/src/core/tcp.o
                0x0000d42c                tcp_sent
 .text.tcp_err  0x0000d454       0x2c ./lwip/src/core/tcp.o
                0x0000d454                tcp_err
 .text.tcp_accept
                0x0000d480       0x1c ./lwip/src/core/tcp.o
                0x0000d480                tcp_accept
 .text.tcp_poll
                0x0000d49c       0x38 ./lwip/src/core/tcp.o
                0x0000d49c                tcp_poll
 .text.tcp_pcb_purge
                0x0000d4d4       0x70 ./lwip/src/core/tcp.o
                0x0000d4d4                tcp_pcb_purge
 .text.tcp_pcb_remove
                0x0000d544       0xcc ./lwip/src/core/tcp.o
                0x0000d544                tcp_pcb_remove
 .text.tcp_next_iss
                0x0000d610       0x28 ./lwip/src/core/tcp.o
                0x0000d610                tcp_next_iss
 .text.tcp_eff_send_mss
                0x0000d638       0x40 ./lwip/src/core/tcp.o
                0x0000d638                tcp_eff_send_mss
 .text.tcp_input
                0x0000d678      0x694 ./lwip/src/core/tcp_in.o
                0x0000d678                tcp_input
 .text.tcp_listen_input
                0x0000dd0c      0x198 ./lwip/src/core/tcp_in.o
 .text.tcp_timewait_input
                0x0000dea4       0xdc ./lwip/src/core/tcp_in.o
 .text.tcp_process
                0x0000df80      0x6f4 ./lwip/src/core/tcp_in.o
 .text.tcp_receive
                0x0000e674      0x9dc ./lwip/src/core/tcp_in.o
 .text.tcp_parseopt
                0x0000f050      0x100 ./lwip/src/core/tcp_in.o
 .text.tcp_output_alloc_header
                0x0000f150       0xe8 ./lwip/src/core/tcp_out.o
 .text.tcp_send_fin
                0x0000f238       0x80 ./lwip/src/core/tcp_out.o
                0x0000f238                tcp_send_fin
 .text.tcp_create_segment
                0x0000f2b8      0x108 ./lwip/src/core/tcp_out.o
 .text.tcp_pbuf_prealloc
                0x0000f3c0       0xb8 ./lwip/src/core/tcp_out.o
 .text.tcp_write_checks
                0x0000f478       0xd0 ./lwip/src/core/tcp_out.o
 .text.tcp_write
                0x0000f548      0x548 ./lwip/src/core/tcp_out.o
                0x0000f548                tcp_write
 .text.tcp_enqueue_flags
                0x0000fa90      0x1ec ./lwip/src/core/tcp_out.o
                0x0000fa90                tcp_enqueue_flags
 .text.tcp_send_empty_ack
                0x0000fc7c       0x94 ./lwip/src/core/tcp_out.o
                0x0000fc7c                tcp_send_empty_ack
 .text.tcp_output
                0x0000fd10      0x2cc ./lwip/src/core/tcp_out.o
                0x0000fd10                tcp_output
 .text.tcp_output_segment
                0x0000ffdc      0x170 ./lwip/src/core/tcp_out.o
 .text.tcp_rst  0x0001014c       0xe4 ./lwip/src/core/tcp_out.o
                0x0001014c                tcp_rst
 .text.tcp_rexmit_rto
                0x00010230       0x60 ./lwip/src/core/tcp_out.o
                0x00010230                tcp_rexmit_rto
 .text.tcp_rexmit
                0x00010290       0x94 ./lwip/src/core/tcp_out.o
                0x00010290                tcp_rexmit
 .text.tcp_rexmit_fast
                0x00010324       0xa4 ./lwip/src/core/tcp_out.o
                0x00010324                tcp_rexmit_fast
 .text.tcp_keepalive
                0x000103c8       0x74 ./lwip/src/core/tcp_out.o
                0x000103c8                tcp_keepalive
 .text.tcp_zero_window_probe
                0x0001043c      0x10c ./lwip/src/core/tcp_out.o
                0x0001043c                tcp_zero_window_probe
 .text.udp_init
                0x00010548        0xc ./lwip/src/core/udp.o
                0x00010548                udp_init
 .text.udp_new_port
                0x00010554       0x74 ./lwip/src/core/udp.o
 .text.udp_input
                0x000105c8      0x2c8 ./lwip/src/core/udp.o
                0x000105c8                udp_input
 .text.udp_send
                0x00010890       0x24 ./lwip/src/core/udp.o
                0x00010890                udp_send
 .text.udp_sendto
                0x000108b4       0x3c ./lwip/src/core/udp.o
                0x000108b4                udp_sendto
 .text.udp_sendto_if
                0x000108f0      0x174 ./lwip/src/core/udp.o
                0x000108f0                udp_sendto_if
 .text.udp_bind
                0x00010a64       0xd0 ./lwip/src/core/udp.o
                0x00010a64                udp_bind
 .text.udp_connect
                0x00010b34       0x9c ./lwip/src/core/udp.o
                0x00010b34                udp_connect
 .text.udp_disconnect
                0x00010bd0       0x2c ./lwip/src/core/udp.o
                0x00010bd0                udp_disconnect
 .text.udp_recv
                0x00010bfc       0x24 ./lwip/src/core/udp.o
                0x00010bfc                udp_recv
 .text.udp_remove
                0x00010c20       0x60 ./lwip/src/core/udp.o
                0x00010c20                udp_remove
 .text.udp_new  0x00010c80       0x30 ./lwip/src/core/udp.o
                0x00010c80                udp_new
 .text.udp_debug_print
                0x00010cb0       0x14 ./lwip/src/core/udp.o
                0x00010cb0                udp_debug_print
 .text.netconn_new_with_proto_and_callback
                0x00010cc4       0xcc ./lwip/src/api/api_lib.o
                0x00010cc4                netconn_new_with_proto_and_callback
 .text.netconn_delete
                0x00010d90       0x3c ./lwip/src/api/api_lib.o
                0x00010d90                netconn_delete
 .text.netconn_getaddr
                0x00010dcc       0x98 ./lwip/src/api/api_lib.o
                0x00010dcc                netconn_getaddr
 .text.netconn_connect
                0x00010e64       0x68 ./lwip/src/api/api_lib.o
                0x00010e64                netconn_connect
 .text.netconn_disconnect
                0x00010ecc       0x5c ./lwip/src/api/api_lib.o
                0x00010ecc                netconn_disconnect
 .text.netconn_recv_data
                0x00010f28      0x164 ./lwip/src/api/api_lib.o
 .text.netconn_recv_tcp_pbuf
                0x0001108c       0x3c ./lwip/src/api/api_lib.o
                0x0001108c                netconn_recv_tcp_pbuf
 .text.netconn_recv
                0x000110c8       0xf4 ./lwip/src/api/api_lib.o
                0x000110c8                netconn_recv
 .text.netconn_recved
                0x000111bc       0x48 ./lwip/src/api/api_lib.o
                0x000111bc                netconn_recved
 .text.netconn_send
                0x00011204       0x60 ./lwip/src/api/api_lib.o
                0x00011204                netconn_send
 .text.netconn_write_partly
                0x00011264       0xe8 ./lwip/src/api/api_lib.o
                0x00011264                netconn_write_partly
 .text.recv_raw
                0x0001134c       0xd8 ./lwip/src/api/api_msg.o
 .text.recv_udp
                0x00011424       0xd8 ./lwip/src/api/api_msg.o
 .text.recv_tcp
                0x000114fc       0xd8 ./lwip/src/api/api_msg.o
 .text.poll_tcp
                0x000115d4       0xa0 ./lwip/src/api/api_msg.o
 .text.sent_tcp
                0x00011674       0x9c ./lwip/src/api/api_msg.o
 .text.err_tcp  0x00011710      0x134 ./lwip/src/api/api_msg.o
 .text.setup_tcp
                0x00011844       0x50 ./lwip/src/api/api_msg.o
 .text.pcb_new  0x00011894       0xf8 ./lwip/src/api/api_msg.o
 .text.do_newconn
                0x0001198c       0x30 ./lwip/src/api/api_msg.o
                0x0001198c                do_newconn
 .text.netconn_alloc
                0x000119bc       0xb4 ./lwip/src/api/api_msg.o
                0x000119bc                netconn_alloc
 .text.netconn_free
                0x00011a70       0x70 ./lwip/src/api/api_msg.o
                0x00011a70                netconn_free
 .text.netconn_drain
                0x00011ae0      0x110 ./lwip/src/api/api_msg.o
 .text.do_close_internal
                0x00011bf0      0x200 ./lwip/src/api/api_msg.o
 .text.do_delconn
                0x00011df0      0x15c ./lwip/src/api/api_msg.o
                0x00011df0                do_delconn
 .text.do_connected
                0x00011f4c       0xf0 ./lwip/src/api/api_msg.o
 .text.do_connect
                0x0001203c      0x14c ./lwip/src/api/api_msg.o
                0x0001203c                do_connect
 .text.do_disconnect
                0x00012188       0x44 ./lwip/src/api/api_msg.o
                0x00012188                do_disconnect
 .text.do_send  0x000121cc      0x10c ./lwip/src/api/api_msg.o
                0x000121cc                do_send
 .text.do_recv  0x000122d8       0x6c ./lwip/src/api/api_msg.o
                0x000122d8                do_recv
 .text.do_writemore
                0x00012344      0x24c ./lwip/src/api/api_msg.o
 .text.do_write
                0x00012590       0xbc ./lwip/src/api/api_msg.o
                0x00012590                do_write
 .text.do_getaddr
                0x0001264c       0xfc ./lwip/src/api/api_msg.o
                0x0001264c                do_getaddr
 .text.netbuf_delete
                0x00012748       0x3c ./lwip/src/api/netbuf.o
                0x00012748                netbuf_delete
 .text.netbuf_free
                0x00012784       0x40 ./lwip/src/api/netbuf.o
                0x00012784                netbuf_free
 .text.netbuf_ref
                0x000127c4       0x84 ./lwip/src/api/netbuf.o
                0x000127c4                netbuf_ref
 .text.lwip_socket_init
                0x00012848        0xc ./lwip/src/api/sockets.o
                0x00012848                lwip_socket_init
 .text.get_socket
                0x00012854       0x48 ./lwip/src/api/sockets.o
 .text.alloc_socket
                0x0001289c       0xfc ./lwip/src/api/sockets.o
 .text.free_socket
                0x00012998       0x48 ./lwip/src/api/sockets.o
 .text.lwip_close
                0x000129e0       0x6c ./lwip/src/api/sockets.o
                0x000129e0                lwip_close
 .text.lwip_connect
                0x00012a4c       0xdc ./lwip/src/api/sockets.o
                0x00012a4c                lwip_connect
 .text.lwip_recvfrom
                0x00012b28      0x30c ./lwip/src/api/sockets.o
                0x00012b28                lwip_recvfrom
 .text.lwip_recv
                0x00012e34       0x2c ./lwip/src/api/sockets.o
                0x00012e34                lwip_recv
 .text.lwip_send
                0x00012e60       0xc4 ./lwip/src/api/sockets.o
                0x00012e60                lwip_send
 .text.lwip_sendto
                0x00012f24      0x13c ./lwip/src/api/sockets.o
                0x00012f24                lwip_sendto
 .text.lwip_socket
                0x00013060       0xb4 ./lwip/src/api/sockets.o
                0x00013060                lwip_socket
 .text.lwip_write
                0x00013114       0x24 ./lwip/src/api/sockets.o
                0x00013114                lwip_write
 .text.event_callback
                0x00013138      0x1c0 ./lwip/src/api/sockets.o
 .text.lwip_setsockopt
                0x000132f8      0x194 ./lwip/src/api/sockets.o
                0x000132f8                lwip_setsockopt
 .text.lwip_setsockopt_internal
                0x0001348c      0x1bc ./lwip/src/api/sockets.o
 .text.tcpip_thread
                0x00013648      0x120 ./lwip/src/api/tcpip.o
 .text.tcpip_input
                0x00013768       0x68 ./lwip/src/api/tcpip.o
                0x00013768                tcpip_input
 .text.tcpip_callback_with_block
                0x000137d0       0x7c ./lwip/src/api/tcpip.o
                0x000137d0                tcpip_callback_with_block
 .text.tcpip_apimsg
                0x0001384c       0x54 ./lwip/src/api/tcpip.o
                0x0001384c                tcpip_apimsg
 .text.tcpip_init
                0x000138a0       0x60 ./lwip/src/api/tcpip.o
                0x000138a0                tcpip_init
 .text.ENET_buffer_init
                0x00013900      0x1e4 ./lwip/port/ethernetif.o
 .text.ENET_buffer_deinit
                0x00013ae4       0xa4 ./lwip/port/ethernetif.o
 .text.low_level_init
                0x00013b88      0x248 ./lwip/port/ethernetif.o
                0x00013b88                low_level_init
 .text.low_level_output
                0x00013dd0      0x16c ./lwip/port/ethernetif.o
 .text.low_level_input
                0x00013f3c       0xdc ./lwip/port/ethernetif.o
 .text.ethernetif_input
                0x00014018       0xac ./lwip/port/ethernetif.o
                0x00014018                ethernetif_input
 .text.ethernetif_init
                0x000140c4       0x54 ./lwip/port/ethernetif.o
                0x000140c4                ethernetif_init
 .text.ENET_Transmit_IRQHandler
                0x00014118        0xc ./lwip/port/lwip_fsl_irq.o
                0x00014118                ENET_Transmit_IRQHandler
 .text.ENET_Receive_IRQHandler
                0x00014124        0xc ./lwip/port/lwip_fsl_irq.o
                0x00014124                ENET_Receive_IRQHandler
 .text.ENET_1588_Timer_IRQHandler
                0x00014130        0xc ./lwip/port/lwip_fsl_irq.o
                0x00014130                ENET_1588_Timer_IRQHandler
 .text.sys_assert
                0x0001413c       0x20 ./lwip/port/sys_arch.o
                0x0001413c                sys_assert
 .text._mbox_create
                0x0001415c       0x68 ./lwip/port/sys_arch.o
                0x0001415c                _mbox_create
 .text.sys_mbox_new
                0x000141c4       0x58 ./lwip/port/sys_arch.o
                0x000141c4                sys_mbox_new
 .text.sys_mbox_free
                0x0001421c       0x38 ./lwip/port/sys_arch.o
                0x0001421c                sys_mbox_free
 .text.sys_mbox_post
                0x00014254       0x3c ./lwip/port/sys_arch.o
                0x00014254                sys_mbox_post
 .text.sys_mbox_trypost
                0x00014290       0x34 ./lwip/port/sys_arch.o
                0x00014290                sys_mbox_trypost
 .text.sys_arch_mbox_fetch
                0x000142c4       0x70 ./lwip/port/sys_arch.o
                0x000142c4                sys_arch_mbox_fetch
 .text.sys_sem_new
                0x00014334       0x30 ./lwip/port/sys_arch.o
                0x00014334                sys_sem_new
 .text.sys_arch_sem_wait
                0x00014364       0x50 ./lwip/port/sys_arch.o
                0x00014364                sys_arch_sem_wait
 .text.sys_sem_signal
                0x000143b4       0x14 ./lwip/port/sys_arch.o
                0x000143b4                sys_sem_signal
 .text.sys_sem_free
                0x000143c8       0x14 ./lwip/port/sys_arch.o
                0x000143c8                sys_sem_free
 .text.sys_mutex_new
                0x000143dc       0x2c ./lwip/port/sys_arch.o
                0x000143dc                sys_mutex_new
 .text.sys_mutex_lock
                0x00014408       0x18 ./lwip/port/sys_arch.o
                0x00014408                sys_mutex_lock
 .text.sys_mutex_unlock
                0x00014420       0x14 ./lwip/port/sys_arch.o
                0x00014420                sys_mutex_unlock
 .text.sys_init
                0x00014434        0xc ./lwip/port/sys_arch.o
                0x00014434                sys_init
 .text.sys_thread_new
                0x00014440       0x74 ./lwip/port/sys_arch.o
                0x00014440                sys_thread_new
 .text.sys_sem_valid
                0x000144b4       0x28 ./lwip/port/sys_arch.o
                0x000144b4                sys_sem_valid
 .text.sys_sem_set_invalid
                0x000144dc       0x1c ./lwip/port/sys_arch.o
                0x000144dc                sys_sem_set_invalid
 .text.sys_mbox_valid
                0x000144f8       0x24 ./lwip/port/sys_arch.o
                0x000144f8                sys_mbox_valid
 .text.sys_mbox_set_invalid
                0x0001451c       0x18 ./lwip/port/sys_arch.o
                0x0001451c                sys_mbox_set_invalid
 .text.f_open   0x00014534       0x1c ./fatfs/ff.o
                0x00014534                f_open
 .text.f_close  0x00014550       0x18 ./fatfs/ff.o
                0x00014550                f_close
 .text.f_read   0x00014568       0x78 ./fatfs/ff.o
                0x00014568                f_read
 .text.PORT_HAL_SetMuxMode
                0x000145e0       0x58 ./board/board.o
 .text.SMC_HAL_SetProtection
                0x00014638       0x1c ./board/board.o
 .text.BOARD_InitOsc0
                0x00014654       0x3c ./board/board.o
                0x00014654                BOARD_InitOsc0
 .text.BOARD_InitRtcOsc
                0x00014690       0x24 ./board/board.o
                0x00014690                BOARD_InitRtcOsc
 .text.CLOCK_SetBootConfig
                0x000146b4       0x3c ./board/board.o
 .text.BOARD_ClockInit
                0x000146f0       0x34 ./board/board.o
                0x000146f0                BOARD_ClockInit
 .text.dbg_uart_init
                0x00014724       0x18 ./board/board.o
                0x00014724                dbg_uart_init
 .text.hardware_init
                0x0001473c       0x28 ./board/hardware_init.o
                0x0001473c                hardware_init
 .text.PORT_HAL_SetPullMode
                0x00014764       0x44 ./board/pin_mux.o
 .text.PORT_HAL_SetPullCmd
                0x000147a8       0x48 ./board/pin_mux.o
 .text.PORT_HAL_SetOpenDrainCmd
                0x000147f0       0x48 ./board/pin_mux.o
 .text.PORT_HAL_SetMuxMode
                0x00014838       0x58 ./board/pin_mux.o
 .text.configure_enet_pins
                0x00014890       0xc4 ./board/pin_mux.o
                0x00014890                configure_enet_pins
 .text.configure_uart_pins
                0x00014954       0x68 ./board/pin_mux.o
                0x00014954                configure_uart_pins
 .text.UART_HAL_SetBaudRate
                0x000149bc       0xa0 ../lib/ksdk_ucosiii_lib/kds/K64F12/debug/libksdk_platform_ucosiii.a(fsl_uart_hal.o)
                0x000149bc                UART_HAL_SetBaudRate
 .text.UART_HAL_SetParityMode
                0x00014a5c       0x40 ../lib/ksdk_ucosiii_lib/kds/K64F12/debug/libksdk_platform_ucosiii.a(fsl_uart_hal.o)
                0x00014a5c                UART_HAL_SetParityMode
 .text.UART_HAL_Putchar
                0x00014a9c       0x28 ../lib/ksdk_ucosiii_lib/kds/K64F12/debug/libksdk_platform_ucosiii.a(fsl_uart_hal.o)
                0x00014a9c                UART_HAL_Putchar
 .text.UART_HAL_Getchar
                0x00014ac4       0x2c ../lib/ksdk_ucosiii_lib/kds/K64F12/debug/libksdk_platform_ucosiii.a(fsl_uart_hal.o)
                0x00014ac4                UART_HAL_Getchar
 .text.UART_HAL_SendDataPolling
                0x00014af0       0x44 ../lib/ksdk_ucosiii_lib/kds/K64F12/debug/libksdk_platform_ucosiii.a(fsl_uart_hal.o)
                0x00014af0                UART_HAL_SendDataPolling
 .text.UART_HAL_ReceiveDataPolling
                0x00014b34       0x78 ../lib/ksdk_ucosiii_lib/kds/K64F12/debug/libksdk_platform_ucosiii.a(fsl_uart_hal.o)
                0x00014b34                UART_HAL_ReceiveDataPolling
 .text.INT_SYS_EnableIRQGlobal
                0x00014bac       0x30 ../lib/ksdk_ucosiii_lib/kds/K64F12/debug/libksdk_platform_ucosiii.a(fsl_interrupt_manager.o)
                0x00014bac                INT_SYS_EnableIRQGlobal
 .text.INT_SYS_DisableIRQGlobal
                0x00014bdc       0x1c ../lib/ksdk_ucosiii_lib/kds/K64F12/debug/libksdk_platform_ucosiii.a(fsl_interrupt_manager.o)
                0x00014bdc                INT_SYS_DisableIRQGlobal
 .text.ENET_HAL_ClearIntStatusFlag
                0x00014bf8       0x1c ../lib/ksdk_ucosiii_lib/kds/K64F12/debug/libksdk_platform_ucosiii.a(fsl_enet_hal.o)
 .text.ENET_HAL_Init
                0x00014c14       0x84 ../lib/ksdk_ucosiii_lib/kds/K64F12/debug/libksdk_platform_ucosiii.a(fsl_enet_hal.o)
                0x00014c14                ENET_HAL_Init
 .text.ENET_HAL_SetSMI
                0x00014c98       0x70 ../lib/ksdk_ucosiii_lib/kds/K64F12/debug/libksdk_platform_ucosiii.a(fsl_enet_hal.o)
 .text.ENET_HAL_SetMac
                0x00014d08      0x3bc ../lib/ksdk_ucosiii_lib/kds/K64F12/debug/libksdk_platform_ucosiii.a(fsl_enet_hal.o)
 .text.ENET_HAL_SetTxBuffDescriptors
                0x000150c4       0x48 ../lib/ksdk_ucosiii_lib/kds/K64F12/debug/libksdk_platform_ucosiii.a(fsl_enet_hal.o)
 .text.ENET_HAL_SetRxBuffDescriptors
                0x0001510c       0x58 ../lib/ksdk_ucosiii_lib/kds/K64F12/debug/libksdk_platform_ucosiii.a(fsl_enet_hal.o)
 .text.ENET_HAL_Set1588Timer
                0x00015164       0x8c ../lib/ksdk_ucosiii_lib/kds/K64F12/debug/libksdk_platform_ucosiii.a(fsl_enet_hal.o)
 .text.ENET_HAL_Start1588Timer
                0x000151f0       0x3c ../lib/ksdk_ucosiii_lib/kds/K64F12/debug/libksdk_platform_ucosiii.a(fsl_enet_hal.o)
                0x000151f0                ENET_HAL_Start1588Timer
 .text.ENET_HAL_Stop1588Timer
                0x0001522c       0x34 ../lib/ksdk_ucosiii_lib/kds/K64F12/debug/libksdk_platform_ucosiii.a(fsl_enet_hal.o)
                0x0001522c                ENET_HAL_Stop1588Timer
 .text.ENET_HAL_SetFifo
                0x00015260      0x110 ../lib/ksdk_ucosiii_lib/kds/K64F12/debug/libksdk_platform_ucosiii.a(fsl_enet_hal.o)
 .text.ENET_HAL_GetMibRxStat
                0x00015370      0x110 ../lib/ksdk_ucosiii_lib/kds/K64F12/debug/libksdk_platform_ucosiii.a(fsl_enet_hal.o)
 .text.ENET_HAL_GetMibTxStat
                0x00015480      0x158 ../lib/ksdk_ucosiii_lib/kds/K64F12/debug/libksdk_platform_ucosiii.a(fsl_enet_hal.o)
 .text.ENET_HAL_SetMacAddr
                0x000155d8       0x84 ../lib/ksdk_ucosiii_lib/kds/K64F12/debug/libksdk_platform_ucosiii.a(fsl_enet_hal.o)
 .text.ENET_HAL_SetTxFifo
                0x0001565c       0xfc ../lib/ksdk_ucosiii_lib/kds/K64F12/debug/libksdk_platform_ucosiii.a(fsl_enet_hal.o)
 .text.ENET_HAL_SetRxFifo
                0x00015758       0xe4 ../lib/ksdk_ucosiii_lib/kds/K64F12/debug/libksdk_platform_ucosiii.a(fsl_enet_hal.o)
 .text.ENET_HAL_InitRxBuffDescriptors
                0x0001583c       0xc0 ../lib/ksdk_ucosiii_lib/kds/K64F12/debug/libksdk_platform_ucosiii.a(fsl_enet_hal.o)
 .text.ENET_HAL_InitTxBuffDescriptors
                0x000158fc       0x9c ../lib/ksdk_ucosiii_lib/kds/K64F12/debug/libksdk_platform_ucosiii.a(fsl_enet_hal.o)
 .text.ENET_HAL_ClrRxBdAfterHandled
                0x00015998       0x8c ../lib/ksdk_ucosiii_lib/kds/K64F12/debug/libksdk_platform_ucosiii.a(fsl_enet_hal.o)
                0x00015998                ENET_HAL_ClrRxBdAfterHandled
 .text.ENET_HAL_SetTxBdBeforeSend
                0x00015a24       0xa4 ../lib/ksdk_ucosiii_lib/kds/K64F12/debug/libksdk_platform_ucosiii.a(fsl_enet_hal.o)
                0x00015a24                ENET_HAL_SetTxBdBeforeSend
 .text.ENET_HAL_SetRMIIMode
                0x00015ac8       0xd8 ../lib/ksdk_ucosiii_lib/kds/K64F12/debug/libksdk_platform_ucosiii.a(fsl_enet_hal.o)
                0x00015ac8                ENET_HAL_SetRMIIMode
 .text.ENET_HAL_SetSMIWrite
                0x00015ba0       0x50 ../lib/ksdk_ucosiii_lib/kds/K64F12/debug/libksdk_platform_ucosiii.a(fsl_enet_hal.o)
                0x00015ba0                ENET_HAL_SetSMIWrite
 .text.ENET_HAL_SetSMIRead
                0x00015bf0       0x48 ../lib/ksdk_ucosiii_lib/kds/K64F12/debug/libksdk_platform_ucosiii.a(fsl_enet_hal.o)
                0x00015bf0                ENET_HAL_SetSMIRead
 .text.ENET_HAL_SetIntMode
                0x00015c38       0x3c ../lib/ksdk_ucosiii_lib/kds/K64F12/debug/libksdk_platform_ucosiii.a(fsl_enet_hal.o)
                0x00015c38                ENET_HAL_SetIntMode
 .text.ENET_HAL_SetTxInterPacketGap
                0x00015c74       0x80 ../lib/ksdk_ucosiii_lib/kds/K64F12/debug/libksdk_platform_ucosiii.a(fsl_enet_hal.o)
 .text.ENET_HAL_Config
                0x00015cf4       0x78 ../lib/ksdk_ucosiii_lib/kds/K64F12/debug/libksdk_platform_ucosiii.a(fsl_enet_hal.o)
                0x00015cf4                ENET_HAL_Config
 .text.ENET_HAL_GetStatus
                0x00015d6c      0x124 ../lib/ksdk_ucosiii_lib/kds/K64F12/debug/libksdk_platform_ucosiii.a(fsl_enet_hal.o)
                0x00015d6c                ENET_HAL_GetStatus
 .text.ENET_HAL_GetBufDescripAttr
                0x00015e90      0x614 ../lib/ksdk_ucosiii_lib/kds/K64F12/debug/libksdk_platform_ucosiii.a(fsl_enet_hal.o)
                0x00015e90                ENET_HAL_GetBufDescripAttr
 .text.ENET_HAL_GetBuffDescripData
                0x000164a4       0x38 ../lib/ksdk_ucosiii_lib/kds/K64F12/debug/libksdk_platform_ucosiii.a(fsl_enet_hal.o)
                0x000164a4                ENET_HAL_GetBuffDescripData
 .text.NVIC_EnableIRQ
                0x000164dc       0x30 ../lib/ksdk_ucosiii_lib/kds/K64F12/debug/libksdk_platform_ucosiii.a(fsl_enet_driver.o)
 .text.NVIC_DisableIRQ
                0x0001650c       0x34 ../lib/ksdk_ucosiii_lib/kds/K64F12/debug/libksdk_platform_ucosiii.a(fsl_enet_driver.o)
 .text.ENET_HAL_ClrTxBdAfterSend
                0x00016540       0x4c ../lib/ksdk_ucosiii_lib/kds/K64F12/debug/libksdk_platform_ucosiii.a(fsl_enet_driver.o)
 .text.ENET_HAL_SetRxBdActive
                0x0001658c       0x20 ../lib/ksdk_ucosiii_lib/kds/K64F12/debug/libksdk_platform_ucosiii.a(fsl_enet_driver.o)
 .text.ENET_HAL_SetTxBdActive
                0x000165ac       0x20 ../lib/ksdk_ucosiii_lib/kds/K64F12/debug/libksdk_platform_ucosiii.a(fsl_enet_driver.o)
 .text.ENET_HAL_Enable
                0x000165cc       0x30 ../lib/ksdk_ucosiii_lib/kds/K64F12/debug/libksdk_platform_ucosiii.a(fsl_enet_driver.o)
 .text.ENET_HAL_ClearIntStatusFlag
                0x000165fc       0x1c ../lib/ksdk_ucosiii_lib/kds/K64F12/debug/libksdk_platform_ucosiii.a(fsl_enet_driver.o)
 .text.ENET_HAL_GetIntStatusFlag
                0x00016618       0x28 ../lib/ksdk_ucosiii_lib/kds/K64F12/debug/libksdk_platform_ucosiii.a(fsl_enet_driver.o)
 .text.ENET_HAL_Get1588TimerCurrentTime
                0x00016640       0x3c ../lib/ksdk_ucosiii_lib/kds/K64F12/debug/libksdk_platform_ucosiii.a(fsl_enet_driver.o)
 .text.ENET_DRV_Incr1588TsBuffRing
                0x0001667c       0x2c ../lib/ksdk_ucosiii_lib/kds/K64F12/debug/libksdk_platform_ucosiii.a(fsl_enet_driver.o)
 .text.SIM_HAL_EnableClock
                0x000166a8       0x3c ../lib/ksdk_ucosiii_lib/kds/K64F12/debug/libksdk_platform_ucosiii.a(fsl_enet_driver.o)
 .text.CLOCK_SYS_EnableEnetClock
                0x000166e4       0x1c ../lib/ksdk_ucosiii_lib/kds/K64F12/debug/libksdk_platform_ucosiii.a(fsl_enet_driver.o)
 .text.INT_SYS_EnableIRQ
                0x00016700       0x54 ../lib/ksdk_ucosiii_lib/kds/K64F12/debug/libksdk_platform_ucosiii.a(fsl_enet_driver.o)
 .text.INT_SYS_DisableIRQ
                0x00016754       0x54 ../lib/ksdk_ucosiii_lib/kds/K64F12/debug/libksdk_platform_ucosiii.a(fsl_enet_driver.o)
 .text.ENET_DRV_1588Init
                0x000167a8       0x7c ../lib/ksdk_ucosiii_lib/kds/K64F12/debug/libksdk_platform_ucosiii.a(fsl_enet_driver.o)
                0x000167a8                ENET_DRV_1588Init
 .text.ENET_DRV_1588Deinit
                0x00016824       0x58 ../lib/ksdk_ucosiii_lib/kds/K64F12/debug/libksdk_platform_ucosiii.a(fsl_enet_driver.o)
                0x00016824                ENET_DRV_1588Deinit
 .text.ENET_DRV_Start1588Timer
                0x0001687c       0xac ../lib/ksdk_ucosiii_lib/kds/K64F12/debug/libksdk_platform_ucosiii.a(fsl_enet_driver.o)
                0x0001687c                ENET_DRV_Start1588Timer
 .text.ENET_DRV_Stop1588Timer
                0x00016928       0x24 ../lib/ksdk_ucosiii_lib/kds/K64F12/debug/libksdk_platform_ucosiii.a(fsl_enet_driver.o)
                0x00016928                ENET_DRV_Stop1588Timer
 .text.ENET_DRV_Get1588timer
                0x0001694c       0x54 ../lib/ksdk_ucosiii_lib/kds/K64F12/debug/libksdk_platform_ucosiii.a(fsl_enet_driver.o)
                0x0001694c                ENET_DRV_Get1588timer
 .text.ENET_DRV_GetTxTs
                0x000169a0      0x120 ../lib/ksdk_ucosiii_lib/kds/K64F12/debug/libksdk_platform_ucosiii.a(fsl_enet_driver.o)
                0x000169a0                ENET_DRV_GetTxTs
 .text.ENET_DRV_GetRxTs
                0x00016ac0      0x120 ../lib/ksdk_ucosiii_lib/kds/K64F12/debug/libksdk_platform_ucosiii.a(fsl_enet_driver.o)
                0x00016ac0                ENET_DRV_GetRxTs
 .text.ENET_DRV_Parse1588Packet
                0x00016be0      0x21c ../lib/ksdk_ucosiii_lib/kds/K64F12/debug/libksdk_platform_ucosiii.a(fsl_enet_driver.o)
                0x00016be0                ENET_DRV_Parse1588Packet
 .text.ENET_DRV_Update1588TsBuff
                0x00016dfc       0x64 ../lib/ksdk_ucosiii_lib/kds/K64F12/debug/libksdk_platform_ucosiii.a(fsl_enet_driver.o)
                0x00016dfc                ENET_DRV_Update1588TsBuff
 .text.ENET_DRV_Is1588TsBuffFull
                0x00016e60       0x64 ../lib/ksdk_ucosiii_lib/kds/K64F12/debug/libksdk_platform_ucosiii.a(fsl_enet_driver.o)
                0x00016e60                ENET_DRV_Is1588TsBuffFull
 .text.ENET_DRV_TsIRQHandler
                0x00016ec4       0x64 ../lib/ksdk_ucosiii_lib/kds/K64F12/debug/libksdk_platform_ucosiii.a(fsl_enet_driver.o)
                0x00016ec4                ENET_DRV_TsIRQHandler
 .text.ENET_DRV_Init
                0x00016f28      0x2e8 ../lib/ksdk_ucosiii_lib/kds/K64F12/debug/libksdk_platform_ucosiii.a(fsl_enet_driver.o)
                0x00016f28                ENET_DRV_Init
 .text.ENET_DRV_Deinit
                0x00017210       0x98 ../lib/ksdk_ucosiii_lib/kds/K64F12/debug/libksdk_platform_ucosiii.a(fsl_enet_driver.o)
                0x00017210                ENET_DRV_Deinit
 .text.ENET_DRV_UpdateRxBuffDescrip
                0x000172a8       0x90 ../lib/ksdk_ucosiii_lib/kds/K64F12/debug/libksdk_platform_ucosiii.a(fsl_enet_driver.o)
                0x000172a8                ENET_DRV_UpdateRxBuffDescrip
 .text.ENET_DRV_CleanupTxBuffDescrip
                0x00017338      0x110 ../lib/ksdk_ucosiii_lib/kds/K64F12/debug/libksdk_platform_ucosiii.a(fsl_enet_driver.o)
                0x00017338                ENET_DRV_CleanupTxBuffDescrip
 .text.ENET_DRV_IncrRxBuffDescripIndex
                0x00017448       0xa8 ../lib/ksdk_ucosiii_lib/kds/K64F12/debug/libksdk_platform_ucosiii.a(fsl_enet_driver.o)
                0x00017448                ENET_DRV_IncrRxBuffDescripIndex
 .text.ENET_DRV_IncrTxBuffDescripIndex
                0x000174f0       0x70 ../lib/ksdk_ucosiii_lib/kds/K64F12/debug/libksdk_platform_ucosiii.a(fsl_enet_driver.o)
                0x000174f0                ENET_DRV_IncrTxBuffDescripIndex
 .text.ENET_DRV_RxErrorStats
                0x00017560      0x114 ../lib/ksdk_ucosiii_lib/kds/K64F12/debug/libksdk_platform_ucosiii.a(fsl_enet_driver.o)
                0x00017560                ENET_DRV_RxErrorStats
 .text.ENET_DRV_ReceiveData
                0x00017674      0x2b8 ../lib/ksdk_ucosiii_lib/kds/K64F12/debug/libksdk_platform_ucosiii.a(fsl_enet_driver.o)
                0x00017674                ENET_DRV_ReceiveData
 .text.ENET_DRV_SendData
                0x0001792c      0x168 ../lib/ksdk_ucosiii_lib/kds/K64F12/debug/libksdk_platform_ucosiii.a(fsl_enet_driver.o)
                0x0001792c                ENET_DRV_SendData
 .text.ENET_DRV_RxIRQHandler
                0x00017a94       0x70 ../lib/ksdk_ucosiii_lib/kds/K64F12/debug/libksdk_platform_ucosiii.a(fsl_enet_driver.o)
                0x00017a94                ENET_DRV_RxIRQHandler
 .text.ENET_DRV_TxIRQHandler
                0x00017b04       0x78 ../lib/ksdk_ucosiii_lib/kds/K64F12/debug/libksdk_platform_ucosiii.a(fsl_enet_driver.o)
                0x00017b04                ENET_DRV_TxIRQHandler
 .text.enet_mac_enqueue_buffer
                0x00017b7c       0x24 ../lib/ksdk_ucosiii_lib/kds/K64F12/debug/libksdk_platform_ucosiii.a(fsl_enet_driver.o)
                0x00017b7c                enet_mac_enqueue_buffer
 .text.enet_mac_dequeue_buffer
                0x00017ba0       0x2c ../lib/ksdk_ucosiii_lib/kds/K64F12/debug/libksdk_platform_ucosiii.a(fsl_enet_driver.o)
                0x00017ba0                enet_mac_dequeue_buffer
 .text.SIM_HAL_EnableClock
                0x00017bcc       0x3c ../lib/ksdk_ucosiii_lib/kds/K64F12/debug/libksdk_platform_ucosiii.a(fsl_clock_MK64F12.o)
 .text.CLOCK_HAL_GetTimeSrc
                0x00017c08       0x28 ../lib/ksdk_ucosiii_lib/kds/K64F12/debug/libksdk_platform_ucosiii.a(fsl_clock_MK64F12.o)
 .text.CLOCK_HAL_SetExternalRefClock32kSrc
                0x00017c30       0x2c ../lib/ksdk_ucosiii_lib/kds/K64F12/debug/libksdk_platform_ucosiii.a(fsl_clock_MK64F12.o)
 .text.CLOCK_HAL_SetPllfllSel
                0x00017c5c       0x38 ../lib/ksdk_ucosiii_lib/kds/K64F12/debug/libksdk_platform_ucosiii.a(fsl_clock_MK64F12.o)
 .text.CLOCK_HAL_GetPllfllSel
                0x00017c94       0x28 ../lib/ksdk_ucosiii_lib/kds/K64F12/debug/libksdk_platform_ucosiii.a(fsl_clock_MK64F12.o)
 .text.CLOCK_HAL_GetOutDiv1
                0x00017cbc       0x24 ../lib/ksdk_ucosiii_lib/kds/K64F12/debug/libksdk_platform_ucosiii.a(fsl_clock_MK64F12.o)
 .text.CLOCK_HAL_GetOutDiv2
                0x00017ce0       0x28 ../lib/ksdk_ucosiii_lib/kds/K64F12/debug/libksdk_platform_ucosiii.a(fsl_clock_MK64F12.o)
 .text.OSC_HAL_GetExternalRefClkCmd
                0x00017d08       0x2c ../lib/ksdk_ucosiii_lib/kds/K64F12/debug/libksdk_platform_ucosiii.a(fsl_clock_MK64F12.o)
 .text.CLOCK_SYS_SetSimConfigration
                0x00017d34       0x44 ../lib/ksdk_ucosiii_lib/kds/K64F12/debug/libksdk_platform_ucosiii.a(fsl_clock_MK64F12.o)
                0x00017d34                CLOCK_SYS_SetSimConfigration
 .text.CLOCK_SYS_GetCoreClockFreq
                0x00017d78       0x28 ../lib/ksdk_ucosiii_lib/kds/K64F12/debug/libksdk_platform_ucosiii.a(fsl_clock_MK64F12.o)
                0x00017d78                CLOCK_SYS_GetCoreClockFreq
 .text.CLOCK_SYS_GetSystemClockFreq
                0x00017da0       0x28 ../lib/ksdk_ucosiii_lib/kds/K64F12/debug/libksdk_platform_ucosiii.a(fsl_clock_MK64F12.o)
                0x00017da0                CLOCK_SYS_GetSystemClockFreq
 .text.CLOCK_SYS_GetBusClockFreq
                0x00017dc8       0x28 ../lib/ksdk_ucosiii_lib/kds/K64F12/debug/libksdk_platform_ucosiii.a(fsl_clock_MK64F12.o)
                0x00017dc8                CLOCK_SYS_GetBusClockFreq
 .text.CLOCK_SYS_GetPllFllClockFreq
                0x00017df0       0x54 ../lib/ksdk_ucosiii_lib/kds/K64F12/debug/libksdk_platform_ucosiii.a(fsl_clock_MK64F12.o)
                0x00017df0                CLOCK_SYS_GetPllFllClockFreq
 .text.CLOCK_SYS_GetOsc0ExternalRefClockFreq
                0x00017e44       0x28 ../lib/ksdk_ucosiii_lib/kds/K64F12/debug/libksdk_platform_ucosiii.a(fsl_clock_MK64F12.o)
                0x00017e44                CLOCK_SYS_GetOsc0ExternalRefClockFreq
 .text.CLOCK_SYS_GetEnetTimeStampFreq
                0x00017e6c       0x68 ../lib/ksdk_ucosiii_lib/kds/K64F12/debug/libksdk_platform_ucosiii.a(fsl_clock_MK64F12.o)
                0x00017e6c                CLOCK_SYS_GetEnetTimeStampFreq
 .text.CLOCK_SYS_GetUartFreq
                0x00017ed4       0x4c ../lib/ksdk_ucosiii_lib/kds/K64F12/debug/libksdk_platform_ucosiii.a(fsl_clock_MK64F12.o)
                0x00017ed4                CLOCK_SYS_GetUartFreq
 .text.CLOCK_SYS_EnablePortClock
                0x00017f20       0x48 ../lib/ksdk_ucosiii_lib/kds/K64F12/debug/libksdk_platform_ucosiii.a(fsl_clock_MK64F12.o)
                0x00017f20                CLOCK_SYS_EnablePortClock
 .text.CLOCK_SYS_EnableUartClock
                0x00017f68       0x48 ../lib/ksdk_ucosiii_lib/kds/K64F12/debug/libksdk_platform_ucosiii.a(fsl_clock_MK64F12.o)
                0x00017f68                CLOCK_SYS_EnableUartClock
 .text.SIM_HAL_EnableClock
                0x00017fb0       0x3c ../lib/ksdk_ucosiii_lib/kds/K64F12/debug/libksdk_platform_ucosiii.a(fsl_clock_manager.o)
 .text.CLOCK_HAL_SetClkOutSrc
                0x00017fec       0x30 ../lib/ksdk_ucosiii_lib/kds/K64F12/debug/libksdk_platform_ucosiii.a(fsl_clock_manager.o)
 .text.CLOCK_HAL_SetClksFrdivIrefs
                0x0001801c       0x54 ../lib/ksdk_ucosiii_lib/kds/K64F12/debug/libksdk_platform_ucosiii.a(fsl_clock_manager.o)
 .text.CLOCK_HAL_GetClkOutStat
                0x00018070       0x24 ../lib/ksdk_ucosiii_lib/kds/K64F12/debug/libksdk_platform_ucosiii.a(fsl_clock_manager.o)
 .text.CLOCK_HAL_GetFllSrc
                0x00018094       0x24 ../lib/ksdk_ucosiii_lib/kds/K64F12/debug/libksdk_platform_ucosiii.a(fsl_clock_manager.o)
 .text.CLOCK_HAL_IsOsc0Stable
                0x000180b8       0x30 ../lib/ksdk_ucosiii_lib/kds/K64F12/debug/libksdk_platform_ucosiii.a(fsl_clock_manager.o)
 .text.OSC_HAL_SetExternalRefClkCmd
                0x000180e8       0x24 ../lib/ksdk_ucosiii_lib/kds/K64F12/debug/libksdk_platform_ucosiii.a(fsl_clock_manager.o)
 .text.OSC_HAL_SetExternalRefClkInStopModeCmd
                0x0001810c       0x24 ../lib/ksdk_ucosiii_lib/kds/K64F12/debug/libksdk_platform_ucosiii.a(fsl_clock_manager.o)
 .text.CLOCK_SYS_EnableRtcClock
                0x00018130       0x1c ../lib/ksdk_ucosiii_lib/kds/K64F12/debug/libksdk_platform_ucosiii.a(fsl_clock_manager.o)
 .text.RTC_HAL_SetOsc2pfLoadCmd
                0x0001814c       0x28 ../lib/ksdk_ucosiii_lib/kds/K64F12/debug/libksdk_platform_ucosiii.a(fsl_clock_manager.o)
 .text.RTC_HAL_SetOsc4pfLoadCmd
                0x00018174       0x28 ../lib/ksdk_ucosiii_lib/kds/K64F12/debug/libksdk_platform_ucosiii.a(fsl_clock_manager.o)
 .text.RTC_HAL_SetOsc8pfLoadCmd
                0x0001819c       0x28 ../lib/ksdk_ucosiii_lib/kds/K64F12/debug/libksdk_platform_ucosiii.a(fsl_clock_manager.o)
 .text.RTC_HAL_SetOsc16pfLoadCmd
                0x000181c4       0x28 ../lib/ksdk_ucosiii_lib/kds/K64F12/debug/libksdk_platform_ucosiii.a(fsl_clock_manager.o)
 .text.RTC_HAL_SetOscillatorCmd
                0x000181ec       0x28 ../lib/ksdk_ucosiii_lib/kds/K64F12/debug/libksdk_platform_ucosiii.a(fsl_clock_manager.o)
 .text.RTC_HAL_IsOscillatorEnabled
                0x00018214       0x2c ../lib/ksdk_ucosiii_lib/kds/K64F12/debug/libksdk_platform_ucosiii.a(fsl_clock_manager.o)
 .text.CLOCK_SYS_BootToPee
                0x00018240       0xa4 ../lib/ksdk_ucosiii_lib/kds/K64F12/debug/libksdk_platform_ucosiii.a(fsl_clock_manager.o)
                0x00018240                CLOCK_SYS_BootToPee
 .text.CLOCK_SYS_OscInit
                0x000182e4       0xe8 ../lib/ksdk_ucosiii_lib/kds/K64F12/debug/libksdk_platform_ucosiii.a(fsl_clock_manager.o)
                0x000182e4                CLOCK_SYS_OscInit
 .text.CLOCK_SYS_SetOscerConfigration
                0x000183cc       0x3c ../lib/ksdk_ucosiii_lib/kds/K64F12/debug/libksdk_platform_ucosiii.a(fsl_clock_manager.o)
                0x000183cc                CLOCK_SYS_SetOscerConfigration
 .text.CLOCK_SYS_RtcOscInit
                0x00018408       0xa0 ../lib/ksdk_ucosiii_lib/kds/K64F12/debug/libksdk_platform_ucosiii.a(fsl_clock_manager.o)
                0x00018408                CLOCK_SYS_RtcOscInit
 .text.OSA_TaskCreate
                0x000184a8       0x78 ../lib/ksdk_ucosiii_lib/kds/K64F12/debug/libksdk_platform_ucosiii.a(fsl_os_abstraction_ucosiii.o)
                0x000184a8                OSA_TaskCreate
 .text.wait_timeout_msec_to_tick
                0x00018520       0x58 ../lib/ksdk_ucosiii_lib/kds/K64F12/debug/libksdk_platform_ucosiii.a(fsl_os_abstraction_ucosiii.o)
 .text.OSA_SemaCreate
                0x00018578       0x34 ../lib/ksdk_ucosiii_lib/kds/K64F12/debug/libksdk_platform_ucosiii.a(fsl_os_abstraction_ucosiii.o)
                0x00018578                OSA_SemaCreate
 .text.OSA_SemaWait
                0x000185ac       0x6c ../lib/ksdk_ucosiii_lib/kds/K64F12/debug/libksdk_platform_ucosiii.a(fsl_os_abstraction_ucosiii.o)
                0x000185ac                OSA_SemaWait
 .text.OSA_SemaPost
                0x00018618       0x2c ../lib/ksdk_ucosiii_lib/kds/K64F12/debug/libksdk_platform_ucosiii.a(fsl_os_abstraction_ucosiii.o)
                0x00018618                OSA_SemaPost
 .text.OSA_SemaDestroy
                0x00018644       0x2c ../lib/ksdk_ucosiii_lib/kds/K64F12/debug/libksdk_platform_ucosiii.a(fsl_os_abstraction_ucosiii.o)
                0x00018644                OSA_SemaDestroy
 .text.OSA_MutexCreate
                0x00018670       0x30 ../lib/ksdk_ucosiii_lib/kds/K64F12/debug/libksdk_platform_ucosiii.a(fsl_os_abstraction_ucosiii.o)
                0x00018670                OSA_MutexCreate
 .text.OSA_MutexLock
                0x000186a0       0x6c ../lib/ksdk_ucosiii_lib/kds/K64F12/debug/libksdk_platform_ucosiii.a(fsl_os_abstraction_ucosiii.o)
                0x000186a0                OSA_MutexLock
 .text.OSA_MutexUnlock
                0x0001870c       0x2c ../lib/ksdk_ucosiii_lib/kds/K64F12/debug/libksdk_platform_ucosiii.a(fsl_os_abstraction_ucosiii.o)
                0x0001870c                OSA_MutexUnlock
 .text.OSA_MutexDestroy